Component: ARM Compiler 5.06 update 6 (build 750) Tool: armlink [4d35ed]

==============================================================================

Section Cross References

    common.o(i.get_clk) refers to memcpya.o(.text) for __aeabi_memcpy4
    common.o(i.get_clk) refers to uidiv.o(.text) for __aeabi_uidivmod
    common.o(i.get_clk) refers to kea128_uart.o(i.uart_init) for uart_init
    common.o(i.get_clk) refers to common.o(.constdata) for .constdata
    common.o(i.get_clk) refers to common.o(.data) for ics_clk_khz
    kea128_flash.o(i.FLASH_EraseSector) refers to kea128_flash.o(i.FlashCmdStart) for FlashCmdStart
    kea128_flash.o(i.FLASH_Init) refers to uidiv.o(.text) for __aeabi_uidivmod
    kea128_flash.o(i.FLASH_Init) refers to common.o(.data) for bus_clk_khz
    kea128_flash.o(i.FLASH_WriteSector) refers to kea128_flash.o(i.FlashCmdStart) for FlashCmdStart
    kea128_flash.o(i.FlashCmdStart) refers to kea128_flash.o(.data) for s_flash_command_run
    kea128_ftm.o(i.ftm_count_clean) refers to kea128_ftm.o(.constdata) for FTMX
    kea128_ftm.o(i.ftm_count_get) refers to kea128_ftm.o(.constdata) for FTMX
    kea128_ftm.o(i.ftm_count_init) refers to kea128_ftm.o(i.ftm_count_mux) for ftm_count_mux
    kea128_ftm.o(i.ftm_count_init) refers to kea128_ftm.o(.constdata) for FTMX
    kea128_ftm.o(i.ftm_count_mux) refers to kea128_port.o(i.port_pull) for port_pull
    kea128_ftm.o(i.ftm_pwm_duty) refers to uidiv.o(.text) for __aeabi_uidivmod
    kea128_ftm.o(i.ftm_pwm_duty) refers to kea128_ftm.o(.data) for period
    kea128_ftm.o(i.ftm_pwm_duty) refers to kea128_ftm.o(.constdata) for FTMX
    kea128_ftm.o(i.ftm_pwm_freq) refers to uidiv.o(.text) for __aeabi_uidivmod
    kea128_ftm.o(i.ftm_pwm_freq) refers to common.o(.data) for ftm_clk_khz
    kea128_ftm.o(i.ftm_pwm_freq) refers to kea128_ftm.o(.data) for period
    kea128_ftm.o(i.ftm_pwm_freq) refers to kea128_ftm.o(.constdata) for FTMX
    kea128_ftm.o(i.ftm_pwm_init) refers to kea128_ftm.o(i.ftm_pwm_mux) for ftm_pwm_mux
    kea128_ftm.o(i.ftm_pwm_init) refers to uidiv.o(.text) for __aeabi_uidivmod
    kea128_ftm.o(i.ftm_pwm_init) refers to common.o(.data) for ftm_clk_khz
    kea128_ftm.o(i.ftm_pwm_init) refers to kea128_ftm.o(.data) for period
    kea128_ftm.o(i.ftm_pwm_init) refers to kea128_ftm.o(.constdata) for FTMX
    kea128_ftm.o(i.ftm_pwm_mux) refers to kea128_ftm.o(i.__ARM_common_switch8) for __ARM_common_switch8
    kea128_gpio.o(i.gpio_ddr) refers to kea128_gpio.o(.constdata) for GPIOX
    kea128_gpio.o(i.gpio_get) refers to kea128_gpio.o(.constdata) for GPIOX
    kea128_gpio.o(i.gpio_init) refers to kea128_gpio.o(.constdata) for GPIOX
    kea128_gpio.o(i.gpio_set) refers to kea128_gpio.o(.constdata) for GPIOX
    kea128_gpio.o(i.gpio_turn) refers to kea128_gpio.o(.constdata) for GPIOX
    kea128_i2c.o(i.i2c_Wait) refers to kea128_i2c.o(.data) for I2CN
    kea128_i2c.o(i.i2c_init) refers to memcpya.o(.text) for __aeabi_memcpy4
    kea128_i2c.o(i.i2c_init) refers to uidiv.o(.text) for __aeabi_uidivmod
    kea128_i2c.o(i.i2c_init) refers to kea128_i2c.o(.constdata) for .constdata
    kea128_i2c.o(i.i2c_init) refers to common.o(.data) for bus_clk_khz
    kea128_i2c.o(i.i2c_init) refers to kea128_i2c.o(.data) for I2CN
    kea128_i2c.o(i.i2c_read_reg) refers to kea128_i2c.o(i.i2c_Wait) for i2c_Wait
    kea128_i2c.o(i.i2c_read_reg) refers to kea128_i2c.o(i.i2c_delay) for i2c_delay
    kea128_i2c.o(i.i2c_read_reg) refers to kea128_i2c.o(.data) for I2CN
    kea128_i2c.o(i.i2c_read_reg_bytes) refers to kea128_i2c.o(i.i2c_Wait) for i2c_Wait
    kea128_i2c.o(i.i2c_read_reg_bytes) refers to kea128_i2c.o(i.i2c_delay) for i2c_delay
    kea128_i2c.o(i.i2c_read_reg_bytes) refers to kea128_i2c.o(.data) for I2CN
    kea128_i2c.o(i.i2c_write_reg) refers to kea128_i2c.o(i.i2c_Wait) for i2c_Wait
    kea128_i2c.o(i.i2c_write_reg) refers to kea128_i2c.o(i.i2c_delay) for i2c_delay
    kea128_i2c.o(i.i2c_write_reg) refers to kea128_i2c.o(.data) for I2CN
    kea128_kbi.o(i.kbi_init) refers to kea128_port.o(i.port_pull) for port_pull
    kea128_kbi.o(i.kbi_init) refers to kea128_kbi.o(.data) for kbi
    kea128_spi.o(i.spi_init) refers to memcpya.o(.text) for __aeabi_memcpy4
    kea128_spi.o(i.spi_init) refers to uidiv.o(.text) for __aeabi_uidivmod
    kea128_spi.o(i.spi_init) refers to kea128_spi.o(.constdata) for .constdata
    kea128_spi.o(i.spi_init) refers to common.o(.data) for bus_clk_khz
    kea128_spi.o(i.spi_init) refers to kea128_spi.o(.data) for SPIN
    kea128_spi.o(i.spi_mosi) refers to kea128_spi.o(.data) for SPIN
    kea128_spi.o(i.spi_mosi_cmd) refers to kea128_spi.o(i.spi_mosi) for spi_mosi
    kea128_systick.o(i.systick_delay_ms) refers to kea128_systick.o(i.systick_delay) for systick_delay
    kea128_systick.o(i.systick_delay_ms) refers to common.o(.data) for core_clk_khz
    kea128_uart.o(i.fputc) refers to kea128_uart.o(i.uart_putchar) for uart_putchar
    kea128_uart.o(i.uart_getchar) refers to kea128_uart.o(.data) for uart
[...]
    Removing kea128_spi.o(.data), (8 bytes).
    Removing kea128_systick.o(.rev16_text), (4 bytes).
    Removing kea128_systick.o(.revsh_text), (4 bytes).
    Removing kea128_systick.o(i.systick_getval), (12 bytes).
    Removing kea128_systick.o(i.systick_timing), (24 bytes).
    Removing kea128_uart.o(.rev16_text), (4 bytes).
    Removing kea128_uart.o(.revsh_text), (4 bytes).
    Removing kea128_uart.o(i.NVIC_DisableIRQ), (20 bytes).
    Removing kea128_uart.o(i.NVIC_EnableIRQ), (20 bytes).
    Removing kea128_uart.o(i.fputc), (18 bytes).
    Removing kea128_uart.o(i.uart_getchar), (36 bytes).
    Removing kea128_uart.o(i.uart_putstr), (26 bytes).
    Removing kea128_uart.o(i.uart_rx_irq_dis), (56 bytes).
    Removing kea128_uart.o(i.uart_rx_irq_en), (40 bytes).
    Removing kea128_uart.o(i.uart_txc_irq_dis), (56 bytes).
    Removing kea128_uart.o(i.uart_txc_irq_en), (40 bytes).
    Removing misc.o(.rev16_text), (4 bytes).
    Removing misc.o(.revsh_text), (4 bytes).
    Removing misc.o(i.write_vtor), (12 bytes).
    Removing system_skeaz1284.o(.rev16_text), (4 bytes).
    Removing system_skeaz1284.o(.revsh_text), (4 bytes).
    Removing startup_skeaz1284.o(HEAP), (2048 bytes).
    Removing oled.o(.rev16_text), (4 bytes).
    Removing oled.o(.revsh_text), (4 bytes).
    Removing oled.o(i.Cache_OLED_P6x8Num_0X), (112 bytes).
    Removing oled.o(i.Cache_OLED_P6x8byte_inverse), (88 bytes).
    Removing oled.o(i.Draw_BMP), (74 bytes).
    Removing oled.o(i.Draw_LOGO), (24 bytes).
    Removing oled.o(i.OLED_CLS_Y), (46 bytes).
    Removing oled.o(i.OLED_P14x16Str), (252 bytes).
    Removing oled.o(i.OLED_P6x8Num), (112 bytes).
    Removing oled.o(i.OLED_P6x8byte_inverse), (92 bytes).
    Removing oled.o(i.OLED_P6x8floatNum), (132 bytes).
    Removing oled.o(i.OLED_P8x16Str), (140 bytes).
    Removing oled.o(i.OLED_P8x16floatNum), (176 bytes).
    Removing oled.o(i.OLED_Print), (96 bytes).
    Removing oled.o(i.OLED_PutPixel), (74 bytes).
    Removing oled.o(i.OLED_Rectangle), (128 bytes).
    Removing oled.o(i.getx), (12 bytes).
    Removing oled.o(i.gety), (12 bytes).
    Removing myflash.o(.rev16_text), (4 bytes).
    Removing myflash.o(.revsh_text), (4 bytes).
    Removing motor.o(.rev16_text), (4 bytes).
    Removing motor.o(.revsh_text), (4 bytes).
    Removing sensor.o(.rev16_text), (4 bytes).
    Removing sensor.o(.revsh_text), (4 bytes).
    Removing sensor.o(i.find_max_ad), (56 bytes).
    Removing car_key.o(.rev16_text), (4 bytes).
    Removing car_key.o(.revsh_text), (4 bytes).
    Removing car_key.o(i.Key_Inquire_GD), (12 bytes).
    Removing control.o(.rev16_text), (4 bytes).
    Removing control.o(.revsh_text), (4 bytes).
    Removing control.o(i.speed_control), (416 bytes).
    Removing encode.o(.rev16_text), (4 bytes).
    Removing encode.o(.revsh_text), (4 bytes).
    Removing bb.o(.rev16_text), (4 bytes).
    Removing bb.o(.revsh_text), (4 bytes).
    Removing bb.o(i.Bell_Cry), (36 bytes).
    Removing ano_dt.o(.rev16_text), (4 bytes).
    Removing ano_dt.o(.revsh_text), (4 bytes).
    Removing ano_dt.o(i.ANO_DT_Data_Exchange), (324 bytes).
    Removing ano_dt.o(i.ANO_DT_Data_Receive_Anl), (160 bytes).
    Removing ano_dt.o(i.ANO_DT_Send_Check), (68 bytes).
    Removing ano_dt.o(i.ANO_DT_Send_Data), (18 bytes).
    Removing ano_dt.o(i.ANO_DT_Send_MotoPWM), (304 bytes).
    Removing ano_dt.o(i.ANO_DT_Send_PID), (512 bytes).
    Removing ano_dt.o(i.ANO_DT_Send_Power), (148 bytes).
    Removing ano_dt.o(i.ANO_DT_Send_Senser), (372 bytes).
    Removing ano_dt.o(i.ANO_DT_Send_Status), (316 bytes).
    Removing ano_dt.o(.bss), (63 bytes).
    Removing ano_dt.o(.data), (6 bytes).
    Removing debug.o(.rev16_text), (4 bytes).
    Removing debug.o(.revsh_text), (4 bytes).
    Removing myui.o(.rev16_text), (4 bytes).
    Removing myui.o(.revsh_text), (4 bytes).
    Removing myui.o(i.ChangeFlagVal), (44 bytes).
    Removing isr.o(.rev16_text), (4 bytes).
    Removing isr.o(.revsh_text), (4 bytes).
    Removing main.o(.rev16_text), (4 bytes).
    Removing main.o(.revsh_text), (4 bytes).

123 unused section(s) (total 9527 bytes) removed from the image.

==============================================================================

Image Symbol Table

    Local Symbols

    Symbol Name                              Value     Ov Type        Size  Object(Section)

    RESET                                    0x00000000   Section      192  startup_skeaz1284.o(RESET)
    ../clib/microlib/division.c              0x00000000   Number         0  idiv.o ABSOLUTE
    ../clib/microlib/division.c              0x00000000   Number         0  uidiv.o ABSOLUTE
    ../clib/microlib/division.c              0x00000000   Number         0  uldiv.o ABSOLUTE
    ../clib/microlib/init/entry.s            0x00000000   Number         0  entry8b.o ABSOLUTE
    ../clib/microlib/init/entry.s            0x00000000   Number         0  entry11b.o ABSOLUTE
    ../clib/microlib/init/entry.s            0x00000000   Number         0  entry5.o ABSOLUTE
    ../clib/microlib/init/entry.s            0x00000000   Number         0  entry11a.o ABSOLUTE
    ../clib/microlib/init/entry.s            0x00000000   Number         0  entry10b.o ABSOLUTE
    ../clib/microlib/init/entry.s            0x00000000   Number         0  entry7b.o ABSOLUTE
    ../clib/microlib/init/entry.s            0x00000000   Number         0  entry10a.o ABSOLUTE
    ../clib/microlib/init/entry.s            0x00000000   Number         0  entry8a.o ABSOLUTE
    ../clib/microlib/init/entry.s            0x00000000   Number         0  entry.o ABSOLUTE
    ../clib/microlib/init/entry.s            0x00000000   Number         0  entry9b.o ABSOLUTE
    ../clib/microlib/init/entry.s            0x00000000   Number         0  entry2.o ABSOLUTE
    ../clib/microlib/init/entry.s            0x00000000   Number         0  entry7a.o ABSOLUTE
    ../clib/microlib/init/entry.s            0x00000000   Number         0  entry9a.o ABSOLUTE
    ../clib/microlib/longlong.c              0x00000000   Number         0  llshl.o ABSOLUTE
    ../clib/microlib/longlong.c              0x00000000   Number         0  llushr.o ABSOLUTE
    ../clib/microlib/longlong.c              0x00000000   Number         0  llsshr.o ABSOLUTE
    ../clib/microlib/printf/printf.c         0x00000000   Number         0  printf6.o ABSOLUTE
    ../clib/microlib/printf/printf.c         0x00000000   Number         0  printfb.o ABSOLUTE
    ../clib/microlib/printf/printf.c         0x00000000   Number         0  printf3.o ABSOLUTE
    ../clib/microlib/printf/printf.c         0x00000000   Number         0  printf5.o ABSOLUTE
    ../clib/microlib/printf/printf.c         0x00000000   Number         0  printf4.o ABSOLUTE
    ../clib/microlib/printf/printf.c         0x00000000   Number         0  printf2.o ABSOLUTE
    ../clib/microlib/printf/printf.c         0x00000000   Number         0  printf1.o ABSOLUTE
    ../clib/microlib/printf/printf.c         0x00000000   Number         0  printf0.o ABSOLUTE
    ../clib/microlib/printf/printf.c         0x00000000   Number         0  printf7.o ABSOLUTE
    ../clib/microlib/printf/printf.c         0x00000000   Number         0  printfa.o ABSOLUTE
    ../clib/microlib/printf/printf.c         0x00000000   Number         0  printf8.o ABSOLUTE
    ../clib/microlib/printf/stubs.s          0x00000000   Number         0  stubs.o ABSOLUTE
    ../clib/microlib/stdio/streams.c         0x00000000   Number         0  stdout.o ABSOLUTE
    ../clib/microlib/string/memcpy.c         0x00000000   Number         0  memcpya.o ABSOLUTE
    ../clib/microlib/string/memcpy.c         0x00000000   Number         0  memcpyb.o ABSOLUTE
    ../clib/microlib/string/memset.c         0x00000000   Number         0  memseta.o ABSOLUTE
    ../clib/microlib/stubs.s                 0x00000000   Number         0  iusefp.o ABSOLUTE
    ../fplib/microlib/d2f.c                  0x00000000   Number         0  d2f.o ABSOLUTE
    ../fplib/microlib/f2d.c                  0x00000000   Number         0  f2d.o ABSOLUTE
    ../fplib/microlib/fpadd.c                0x00000000   Number         0  dadd.o ABSOLUTE
    ../fplib/microlib/fpadd.c                0x00000000   Number         0  fadd.o ABSOLUTE
    ../fplib/microlib/fpdiv.c                0x00000000   Number         0  ddiv.o ABSOLUTE
    ../fplib/microlib/fpdiv.c                0x00000000   Number         0  fdiv.o ABSOLUTE
    ../fplib/microlib/fpepilogue.c           0x00000000   Number         0  fepilogue.o ABSOLUTE
    ../fplib/microlib/fpepilogue.c           0x00000000   Number         0  depilogue.o ABSOLUTE
    ../fplib/microlib/fpfix.c                0x00000000   Number         0  ffixi.o ABSOLUTE
    ../fplib/microlib/fpfix.c                0x00000000   Number         0  ffixui.o ABSOLUTE
    ../fplib/microlib/fpfix.c                0x00000000   Number         0  dfixi.o ABSOLUTE
    ../fplib/microlib/fpfix.c                0x00000000   Number         0  dfixui.o ABSOLUTE
    ../fplib/microlib/fpfix.c                0x00000000   Number         0  dfixul.o ABSOLUTE
    ../fplib/microlib/fpflt.c                0x00000000   Number         0  dflti.o ABSOLUTE
    ../fplib/microlib/fpflt.c                0x00000000   Number         0  dfltui.o ABSOLUTE
    ../fplib/microlib/fpflt.c                0x00000000   Number         0  ffltui.o ABSOLUTE
    ../fplib/microlib/fpflt.c                0x00000000   Number         0  fflti.o ABSOLUTE
    ../fplib/microlib/fpmul.c                0x00000000   Number         0  dmul.o ABSOLUTE
    ../fplib/microlib/fpmul.c                0x00000000   Number         0  fmul.o ABSOLUTE
    ..\..\..\software\Car\BB.c               0x00000000   Number         0  bb.o ABSOLUTE
    ..\..\..\software\Car\Car_Key.c          0x00000000   Number         0  car_key.o ABSOLUTE
    ..\..\..\software\Car\Debug.c            0x00000000   Number         0  debug.o ABSOLUTE
    ..\..\..\software\Car\control.c          0x00000000   Number         0  control.o ABSOLUTE
    ..\..\..\software\Car\encode.c           0x00000000   Number         0  encode.o ABSOLUTE
    ..\..\..\software\Car\motor.c            0x00000000   Number         0  motor.o ABSOLUTE
    ..\..\..\software\Car\sensor.c           0x00000000   Number         0  sensor.o ABSOLUTE
    ..\..\..\software\Debug\ANO_DT.c         0x00000000   Number         0  ano_dt.o ABSOLUTE
    ..\..\..\software\Debug\MYUI.c           0x00000000   Number         0  myui.o ABSOLUTE
    ..\..\..\software\Debug\UI.c             0x00000000   Number         0  ui.o ABSOLUTE
    ..\..\..\software\Libraries\drives\src\KEA128_adc.c 0x00000000   Number         0  kea128_adc.o ABSOLUTE
    ..\..\..\software\Libraries\drives\src\KEA128_flash.c 0x00000000   Number         0  kea128_flash.o ABSOLUTE
    ..\..\..\software\Libraries\drives\src\KEA128_ftm.c 0x00000000   Number         0  kea128_ftm.o ABSOLUTE
    ..\..\..\software\Libraries\drives\src\KEA128_gpio.c 0x00000000   Number         0  kea128_gpio.o ABSOLUTE
    ..\..\..\software\Libraries\drives\src\KEA128_i2c.c 0x00000000   Number         0  kea128_i2c.o ABSOLUTE
    ..\..\..\software\Libraries\drives\src\KEA128_irq.c 0x00000000   Number         0  kea128_irq.o ABSOLUTE
    ..\..\..\software\Libraries\drives\src\KEA128_kbi.c 0x00000000   Number         0  kea128_kbi.o ABSOLUTE
    ..\..\..\software\Libraries\drives\src\KEA128_pit.c 0x00000000   Number         0  kea128_pit.o ABSOLUTE
    ..\..\..\software\Libraries\drives\src\KEA128_port.c 0x00000000   Number         0  kea128_port.o ABSOLUTE
    ..\..\..\software\Libraries\drives\src\KEA128_spi.c 0x00000000   Number         0  kea128_spi.o ABSOLUTE
    ..\..\..\software\Libraries\drives\src\KEA128_systick.c 0x00000000   Number         0  kea128_systick.o ABSOLUTE
    ..\..\..\software\Libraries\drives\src\KEA128_uart.c 0x00000000   Number         0  kea128_uart.o ABSOLUTE
    ..\..\..\software\Libraries\drives\src\common.c 0x00000000   Number         0  common.o ABSOLUTE
    ..\..\..\software\Libraries\drives\src\misc.c 0x00000000   Number         0  misc.o ABSOLUTE
    ..\..\..\software\Libraries\startup\DeviceSupport\MDK-ARM\startup_SKEAZ1284.s 0x00000000   Number         0  startup_skeaz1284.o ABSOLUTE
    ..\..\..\software\Libraries\startup\DeviceSupport\system_SKEAZ1284.c 0x00000000   Number         0  system_skeaz1284.o ABSOLUTE
    ..\..\..\software\Module\Myflash.c       0x00000000   Number         0  myflash.o ABSOLUTE
    ..\..\..\software\Module\OLED.c          0x00000000   Number         0  oled.o ABSOLUTE
    ..\USER\src\isr.c                        0x00000000   Number         0  isr.o ABSOLUTE
    ..\USER\src\main.c                       0x00000000   Number         0  main.o ABSOLUTE
    ..\\..\\..\\software\\Car\\BB.c          0x00000000   Number         0  bb.o ABSOLUTE
    ..\\..\\..\\software\\Car\\Car_Key.c     0x00000000   Number         0  car_key.o ABSOLUTE
    ..\\..\\..\\software\\Car\\Debug.c       0x00000000   Number         0  debug.o ABSOLUTE
    ..\\..\\..\\software\\Car\\control.c     0x00000000   Number         0  control.o ABSOLUTE
    ..\\..\\..\\software\\Car\\encode.c      0x00000000   Number         0  encode.o ABSOLUTE
    ..\\..\\..\\software\\Car\\motor.c       0x00000000   Number         0  motor.o ABSOLUTE
    ..\\..\\..\\software\\Car\\sensor.c      0x00000000   Number         0  sensor.o ABSOLUTE
    ..\\..\\..\\software\\Debug\\ANO_DT.c    0x00000000   Number         0  ano_dt.o ABSOLUTE
    ..\\..\\..\\software\\Debug\\MYUI.c      0x00000000   Number         0  myui.o ABSOLUTE
    ..\\..\\..\\software\\Libraries\\drives\\src\\KEA128_adc.c 0x00000000   Number         0  kea128_adc.o ABSOLUTE
    ..\\..\\..\\software\\Libraries\\drives\\src\\KEA128_flash.c 0x00000000   Number         0  kea128_flash.o ABSOLUTE
    ..\\..\\..\\software\\Libraries\\drives\\src\\KEA128_ftm.c 0x00000000   Number         0  kea128_ftm.o ABSOLUTE
    ..\\..\\..\\software\\Libraries\\drives\\src\\KEA128_gpio.c 0x00000000   Number         0  kea128_gpio.o ABSOLUTE
    ..\\..\\..\\software\\Libraries\\drives\\src\\KEA128_i2c.c 0x00000000   Number         0  kea128_i2c.o ABSOLUTE
    ..\\..\\..\\software\\Libraries\\drives\\src\\KEA128_irq.c 0x00000000   Number         0  kea128_irq.o ABSOLUTE
    ..\\..\\..\\software\\Libraries\\drives\\src\\KEA128_kbi.c 0x00000000   Number         0  kea128_kbi.o ABSOLUTE
    ..\\..\\..\\software\\Libraries\\drives\\src\\KEA128_pit.c 0x00000000   Number         0  kea128_pit.o ABSOLUTE
    ..\\..\\..\\software\\Libraries\\drives\\src\\KEA128_port.c 0x00000000   Number         0  kea128_port.o ABSOLUTE
    ..\\..\\..\\software\\Libraries\\drives\\src\\KEA128_spi.c 0x00000000   Number         0  kea128_spi.o ABSOLUTE
    ..\\..\\..\\software\\Libraries\\drives\\src\\KEA128_systick.c 0x00000000   Number         0  kea128_systick.o ABSOLUTE
    ..\\..\\..\\software\\Libraries\\drives\\src\\KEA128_uart.c 0x00000000   Number         0  kea128_uart.o ABSOLUTE
    ..\\..\\..\\software\\Libraries\\drives\\src\\common.c 0x00000000   Number         0  common.o ABSOLUTE
    ..\\..\\..\\software\\Libraries\\drives\\src\\misc.c 0x00000000   Number         0  misc.o ABSOLUTE
    ..\\..\\..\\software\\Libraries\\startup\\DeviceSupport\\system_SKEAZ1284.c 0x00000000   Number         0  system_skeaz1284.o ABSOLUTE
    ..\\..\\..\\software\\Module\\Myflash.c  0x00000000   Number         0  myflash.o ABSOLUTE
    ..\\..\\..\\software\\Module\\OLED.c     0x00000000   Number         0  oled.o ABSOLUTE
    ..\\USER\\src\\isr.c                     0x00000000   Number         0  isr.o ABSOLUTE
    ..\\USER\\src\\main.c                    0x00000000   Number         0  main.o ABSOLUTE
    cdrcmple.s                               0x00000000   Number         0  cdrcmple.o ABSOLUTE
    cfcmple.s                                0x00000000   Number         0  cfcmple.o ABSOLUTE
    cfrcmple.s                               0x00000000   Number         0  cfrcmple.o ABSOLUTE
    dc.s                                     0x00000000   Number         0  dc.o ABSOLUTE
    handlers.s                               0x00000000   Number         0  handlers.o ABSOLUTE
    init.s                                   0x00000000   Number         0  init.o ABSOLUTE
    .ARM.Collect$$$$00000000                 0x000000c0   Section        0  entry.o(.ARM.Collect$$$$00000000)
    .ARM.Collect$$$$00000001                 0x000000c0   Section        4  entry2.o(.ARM.Collect$$$$00000001)
    .ARM.Collect$$$$00000004                 0x000000c4   Section        4  entry5.o(.ARM.Collect$$$$00000004)
    .ARM.Collect$$$$00000008                 0x000000c8   Section        0  entry7b.o(.ARM.Collect$$$$00000008)
    .ARM.Collect$$$$0000000A                 0x000000c8   Section        0  entry8b.o(.ARM.Collect$$$$0000000A)
    .ARM.Collect$$$$0000000B                 0x000000c8   Section        8  entry9a.o(.ARM.Collect$$$$0000000B)
    .ARM.Collect$$$$0000000D                 0x000000d0   Section        0  entry10a.o(.ARM.Collect$$$$0000000D)
    .ARM.Collect$$$$0000000F                 0x000000d0   Section        0  entry11a.o(.ARM.Collect$$$$0000000F)
    .ARM.Collect$$$$00002712                 0x000000d0   Section        4  entry2.o(.ARM.Collect$$$$00002712)
    __lit__00000000                          0x000000d0   Data           4  entry2.o(.ARM.Collect$$$$00002712)
    .text                                    0x000000d4   Section       40  startup_skeaz1284.o(.text)
    .text                                    0x000000fc   Section        0  uidiv.o(.text)
    .text                                    0x00000128   Section        0  idiv.o(.text)
    .text                                    0x00000150   Section        0  memcpya.o(.text)
    .text                                    0x00000174   Section        0  memseta.o(.text)
    .text                                    0x00000198   Section        0  fadd.o(.text)
    .text                                    0x0000024a   Section        0  fmul.o(.text)
    .text                                    0x000002c4   Section        0  fdiv.o(.text)
    .text                                    0x00000340   Section        0  fflti.o(.text)
    .text                                    0x00000356   Section        0  ffltui.o(.text)
    .text                                    0x00000364   Section        0  dflti.o(.text)
    .text                                    0x0000038c   Section        0  dfltui.o(.text)
    .text                                    0x000003a8   Section        0  ffixi.o(.text)
    .text                                    0x000003dc   Section       20  cfcmple.o(.text)
    .text                                    0x000003f0   Section        0  iusefp.o(.text)
    i.Key_Inquire_data                       0x000003f0   Section        0  car_key.o(i.Key_Inquire_data)
    i.__scatterload_null                     0x000003fc   Section        2  handlers.o(i.__scatterload_null)
    .ARM.__at_0x400                          0x00000400   Section       16  startup_skeaz1284.o(.ARM.__at_0x400)
    .text                                    0x00000410   Section        0  dadd.o(.text)
    .text                                    0x00000574   Section        0  dmul.o(.text)
    .text                                    0x00000644   Section        0  ddiv.o(.text)
    .text                                    0x00000734   Section        0  ffixui.o(.text)
    .text                                    0x0000075c   Section        0  dfixi.o(.text)
    .text                                    0x000007a4   Section        0  dfixui.o(.text)
    .text                                    0x000007e0   Section        0  f2d.o(.text)
    .text                                    0x00000808   Section       40  cdrcmple.o(.text)
    .text                                    0x00000830   Section        0  d2f.o(.text)
    .text                                    0x00000868   Section       20  cfrcmple.o(.text)
    .text                                    0x0000087c   Section        0  uldiv.o(.text)
    .text                                    0x000008dc   Section        0  llshl.o(.text)
    .text                                    0x000008fc   Section        0  llushr.o(.text)
    .text                                    0x0000091e   Section        0  llsshr.o(.text)
    .text                                    0x00000944   Section        0  fepilogue.o(.text)
    .text                                    0x000009c6   Section        0  depilogue.o(.text)
    .text                                    0x00000a84   Section        0  dfixul.o(.text)
    .text                                    0x00000ac4   Section       36  init.o(.text)
    i.Bell_Play                              0x00000ae8   Section        0  bb.o(i.Bell_Play)
    i.Cache_OLED_P6x8Num                     0x00000b7c   Section        0  oled.o(i.Cache_OLED_P6x8Num)
    i.Cache_OLED_P6x8Str                     0x00000bec   Section        0  oled.o(i.Cache_OLED_P6x8Str)
    i.Cache_OLED_P6x8floatNum                0x00000c48   Section        0  oled.o(i.Cache_OLED_P6x8floatNum)
    i.Cache_OLED_Rectangle                   0x00000cd0   Section        0  oled.o(i.Cache_OLED_Rectangle)
    i.Cache_OLED_Set_Pos                     0x00000dec   Section        0  oled.o(i.Cache_OLED_Set_Pos)
    i.Cache_OLED_WriteData                   0x00000e00   Section        0  oled.o(i.Cache_OLED_WriteData)
    i.Cache_OLED_printf                      0x00000e4c   Section        0  oled.o(i.Cache_OLED_printf)
    i.Cache_Update_OLED                      0x00000e88   Section        0  oled.o(i.Cache_Update_OLED)
    i.Car_Gather_Data_Key                    0x00000ec8   Section        0  car_key.o(i.Car_Gather_Data_Key)
    i.ChangeParameterVal                     0x00001044   Section        0  myui.o(i.ChangeParameterVal)
    i.Change_Main_menu                       0x00001284   Section        0  myui.o(i.Change_Main_menu)
    i.Change_UI                              0x0000133c   Section        0  myui.o(i.Change_UI)
    i.ConfigParameterCore                    0x000013d4   Section        0  myui.o(i.ConfigParameterCore)
    i.FLASH_EraseSector                      0x00001844   Section        0  kea128_flash.o(i.FLASH_EraseSector)
    i.FLASH_Init                             0x00001874   Section        0  kea128_flash.o(i.FLASH_Init)
    i.FLASH_WriteSector                      0x000018c0   Section        0  kea128_flash.o(i.FLASH_WriteSector)
    i.FlashCmdStart                          0x00001930   Section        0  kea128_flash.o(i.FlashCmdStart)
    i.IRQ_IRQHandler                         0x0000196c   Section        0  isr.o(i.IRQ_IRQHandler)
    i.KBI0_IRQHandler                        0x00001980   Section        0  isr.o(i.KBI0_IRQHandler)
    i.Key_Message_Init                       0x00001994   Section        0  car_key.o(i.Key_Message_Init)
    i.Left_Motor_menu                        0x00001b54   Section        0  myui.o(i.Left_Motor_menu)
    i.NVIC_EnableIRQ                         0x00001c78   Section        0  main.o(i.NVIC_EnableIRQ)
    NVIC_EnableIRQ                           0x00001c79   Thumb Code    14  main.o(i.NVIC_EnableIRQ)
    i.NVIC_SetPriority                       0x00001c8c   Section        0  main.o(i.NVIC_SetPriority)
    NVIC_SetPriority                         0x00001c8d   Thumb Code   110  main.o(i.NVIC_SetPriority)
    i.OLED_CLS                               0x00001d04   Section        0  oled.o(i.OLED_CLS)
    i.OLED_ConfigParameter                   0x00001d3c   Section        0  myui.o(i.OLED_ConfigParameter)
    i.OLED_DLY_ms                            0x00001d88   Section        0  oled.o(i.OLED_DLY_ms)
    OLED_DLY_ms                              0x00001d89   Thumb Code    26  oled.o(i.OLED_DLY_ms)
    i.OLED_Fill                              0x00001da8   Section        0  oled.o(i.OLED_Fill)
    i.OLED_Init                              0x00001de2   Section        0  oled.o(i.OLED_Init)
    i.OLED_P6x8Str                           0x00001f04   Section        0  oled.o(i.OLED_P6x8Str)
    i.OLED_Set_Pos                           0x00001f68   Section        0  oled.o(i.OLED_Set_Pos)
    OLED_Set_Pos                             0x00001f69   Thumb Code    46  oled.o(i.OLED_Set_Pos)
    i.OLED_WriteCmd                          0x00001f96   Section        0  oled.o(i.OLED_WriteCmd)
    OLED_WriteCmd                            0x00001f97   Thumb Code    82  oled.o(i.OLED_WriteCmd)
    i.OLED_WriteData                         0x00001fe8   Section        0  oled.o(i.OLED_WriteData)
    OLED_WriteData                           0x00001fe9   Thumb Code    82  oled.o(i.OLED_WriteData)
    i.PIT_CH0_IRQHandler                     0x0000203c   Section        0  isr.o(i.PIT_CH0_IRQHandler)
    i.PIT_CH1_IRQHandler                     0x0000213c   Section        0  isr.o(i.PIT_CH1_IRQHandler)
    i.Read_Left_motor                        0x00002150   Section        0  myflash.o(i.Read_Left_motor)
    i.Read_Right_motor                       0x000021e4   Section        0  myflash.o(i.Read_Right_motor)
    i.Read_Servo                             0x0000227c   Section        0  myflash.o(i.Read_Servo)
    i.Read_Speed                             0x00002340   Section        0  myflash.o(i.Read_Speed)
    i.Right_Motor_menu                       0x000023a4   Section        0  myui.o(i.Right_Motor_menu)
    i.Save_Left_motor                        0x000024c8   Section        0  myflash.o(i.Save_Left_motor)
    i.Save_Right_motor                       0x0000256c   Section        0  myflash.o(i.Save_Right_motor)
    i.Save_Servo                             0x00002614   Section        0  myflash.o(i.Save_Servo)
    i.Save_Speed                             0x000026e4   Section        0  myflash.o(i.Save_Speed)
    i.Servo_menu                             0x00002768   Section        0  myui.o(i.Servo_menu)
    i.Show_Left_Motor_PID                    0x000028ac   Section        0  myui.o(i.Show_Left_Motor_PID)
    i.Show_Main_menu                         0x000029b0   Section        0  myui.o(i.Show_Main_menu)
    i.Show_Right_Motor_PID                   0x00002a74   Section        0  myui.o(i.Show_Right_Motor_PID)
    i.Show_Servo_PID                         0x00002b7c   Section        0  myui.o(i.Show_Servo_PID)
    i.Show_UI                                0x00002ce0   Section        0  myui.o(i.Show_UI)
    i.Show_speed                             0x00002ddc   Section        0  myui.o(i.Show_speed)
    i.Speed_menu                             0x00002f50   Section        0  myui.o(i.Speed_menu)
    i.Start                                  0x000030d4   Section        0  system_skeaz1284.o(i.Start)
    i.__0snprintf                            0x0000312c   Section        0  printfa.o(i.__0snprintf)
    i.__0sprintf                             0x00003160   Section        0  printfa.o(i.__0sprintf)
    i.__0vsprintf                            0x00003188   Section        0  printfa.o(i.__0vsprintf)
    i.__ARM_clz                              0x000031ac   Section        0  depilogue.o(i.__ARM_clz)
    i.__ARM_common_switch8                   0x000031da   Section        0  kea128_ftm.o(i.__ARM_common_switch8)
    i.__scatterload_copy                     0x000031f6   Section       14  handlers.o(i.__scatterload_copy)
    i.__scatterload_zeroinit                 0x00003204   Section       14  handlers.o(i.__scatterload_zeroinit)
    i._fp_digits                             0x00003214   Section        0  printfa.o(i._fp_digits)
    _fp_digits                               0x00003215   Thumb Code   344  printfa.o(i._fp_digits)
    i._printf_core                           0x00003388   Section        0  printfa.o(i._printf_core)
    _printf_core                             0x00003389   Thumb Code  1754  printfa.o(i._printf_core)
    i._printf_post_padding                   0x00003a74   Section        0  printfa.o(i._printf_post_padding)
    _printf_post_padding                     0x00003a75   Thumb Code    32  printfa.o(i._printf_post_padding)
    i._printf_pre_padding                    0x00003a94   Section        0  printfa.o(i._printf_pre_padding)
    _printf_pre_padding                      0x00003a95   Thumb Code    44  printfa.o(i._printf_pre_padding)
    i._snputc                                0x00003ac0   Section        0  printfa.o(i._snputc)
    _snputc                                  0x00003ac1   Thumb Code    22  printfa.o(i._snputc)
    i._sputc                                 0x00003ad6   Section        0  printfa.o(i._sputc)
    _sputc                                   0x00003ad7   Thumb Code    10  printfa.o(i._sputc)
    i.ad_init                                0x00003ae0   Section        0  sensor.o(i.ad_init)
    i.adc_init                               0x00003b1c   Section        0  kea128_adc.o(i.adc_init)
    i.adc_once                               0x00003b44   Section        0  kea128_adc.o(i.adc_once)
    i.control                                0x00003b7c   Section        0  control.o(i.control)
    i.deal_sensor                            0x00003d18   Section        0  sensor.o(i.deal_sensor)
    i.disable_wdog                           0x00003dfc   Section        0  system_skeaz1284.o(i.disable_wdog)
    i.encode_init                            0x00003e14   Section        0  encode.o(i.encode_init)
    i.ftm_count_clean                        0x00003e44   Section        0  kea128_ftm.o(i.ftm_count_clean)
    i.ftm_count_get                          0x00003e54   Section        0  kea128_ftm.o(i.ftm_count_get)
    i.ftm_count_init                         0x00003e68   Section        0  kea128_ftm.o(i.ftm_count_init)
    i.ftm_count_mux                          0x00003ea4   Section        0  kea128_ftm.o(i.ftm_count_mux)
    i.ftm_pwm_duty                           0x00003f54   Section        0  kea128_ftm.o(i.ftm_pwm_duty)
    i.ftm_pwm_init                           0x00003fd0   Section        0  kea128_ftm.o(i.ftm_pwm_init)
    i.ftm_pwm_mux                            0x000040f4   Section        0  kea128_ftm.o(i.ftm_pwm_mux)
    i.get_adc_int_value                      0x0000421c   Section        0  sensor.o(i.get_adc_int_value)
    i.get_clk                                0x00004468   Section        0  common.o(i.get_clk)
    i.get_num                                0x00004534   Section        0  encode.o(i.get_num)
    i.gpio_get                               0x00004598   Section        0  kea128_gpio.o(i.gpio_get)
    i.gpio_init                              0x000045c4   Section        0  kea128_gpio.o(i.gpio_init)
    i.gpio_set                               0x000046a0   Section        0  kea128_gpio.o(i.gpio_set)
    i.main                                   0x000046e8   Section        0  main.o(i.main)
    i.motor_init                             0x00004834   Section        0  motor.o(i.motor_init)
    i.motor_pid_caculate                     0x00004874   Section        0  control.o(i.motor_pid_caculate)
    i.motor_set                              0x00004a90   Section        0  motor.o(i.motor_set)
    i.pit_close                              0x00004b48   Section        0  kea128_pit.o(i.pit_close)
    i.pit_init                               0x00004b78   Section        0  kea128_pit.o(i.pit_init)
    i.pit_time_get                           0x00004bd0   Section        0  kea128_pit.o(i.pit_time_get)
    i.pit_time_start                         0x00004c28   Section        0  kea128_pit.o(i.pit_time_start)
    i.port_pull                              0x00004c80   Section        0  kea128_port.o(i.port_pull)
    i.servo_pid_caculate                     0x00004cd0   Section        0  control.o(i.servo_pid_caculate)
    i.show_8_L                               0x00004dd0   Section        0  myui.o(i.show_8_L)
    i.show_circle                            0x00004e2c   Section        0  myui.o(i.show_circle)
    i.show_one_sensor                        0x00004f60   Section        0  myui.o(i.show_one_sensor)
    i.show_run_time                          0x00004fd0   Section        0  myui.o(i.show_run_time)
    i.show_sensor                            0x00005048   Section        0  myui.o(i.show_sensor)
    i.systick_delay                          0x00005200   Section        0  kea128_systick.o(i.systick_delay)
    i.systick_delay_ms                       0x00005230   Section        0  kea128_systick.o(i.systick_delay_ms)
    i.time_10ms_serve                        0x0000524c   Section        0  main.o(i.time_10ms_serve)
    i.time_20ms_serve                        0x000052f8   Section        0  main.o(i.time_20ms_serve)
    i.uart_init                              0x00005310   Section        0  kea128_uart.o(i.uart_init)
    i.uart_mux                               0x000053c8   Section        0  kea128_uart.o(i.uart_mux)
    i.uart_putbuff                           0x00005438   Section        0  kea128_uart.o(i.uart_putbuff)
    i.uart_putchar                           0x00005458   Section        0  kea128_uart.o(i.uart_putchar)
    i.update_1cm_error                       0x00005478   Section        0  sensor.o(i.update_1cm_error)
    i.vcan_sendware                          0x000054e0   Section        0  debug.o(i.vcan_sendware)
    .constdata                               0x0000551c   Section       22  common.o(.constdata)
    .constdata                               0x00005534   Section       12  kea128_ftm.o(.constdata)
    FTMX                                     0x00005534   Data          12  kea128_ftm.o(.constdata)
    .constdata                               0x00005540   Section       12  kea128_gpio.o(.constdata)
    GPIOX                                    0x00005540   Data          12  kea128_gpio.o(.constdata)
    .constdata                               0x0000554c   Section     3283  oled.o(.constdata)
    .data                                    0x20000000   Section       16  common.o(.data)
    .data                                    0x20000010   Section       20  kea128_flash.o(.data)
    .data                                    0x20000024   Section        6  kea128_ftm.o(.data)
    .data                                    0x2000002c   Section       12  kea128_uart.o(.data)
    .data                                    0x20000038   Section        2  oled.o(.data)
    .data                                    0x2000003c   Section       12  sensor.o(.data)
    .data                                    0x20000048   Section       12  car_key.o(.data)
    .data                                    0x20000054   Section       17  control.o(.data)
    .data                                    0x20000065   Section        2  encode.o(.data)
    .data                                    0x20000068   Section        8  bb.o(.data)
    .data                                    0x20000070   Section        7  myui.o(.data)
    .data                                    0x20000078   Section       60  main.o(.data)
    .bss                                     0x200000b4   Section     1024  oled.o(.bss)
    .bss                                     0x200004b4   Section      488  sensor.o(.bss)
    voltageList                              0x20000638   Data         100  sensor.o(.bss)
    .bss                                     0x2000069c   Section       12  car_key.o(.bss)
    .bss                                     0x200006a8   Section      400  control.o(.bss)
    STACK                                    0x20000838   Section     4096  startup_skeaz1284.o(STACK)

    Global Symbols

    Symbol Name                              Value     Ov Type        Size  Object(Section)

    BuildAttributes$$THM_ISAv3M$S$PE$A:L22$X:L11$S22$IEEE1$IW$USESV6$~STKCKD$USESV7$~SHL$OTIME$ROPI$EBA8$MICROLIB$REQ8$PRES8$EABIv2 0x00000000   Number         0  anon$$obj.o ABSOLUTE
    __ARM_use_no_argv                        0x00000000   Number         0  main.o ABSOLUTE
    __Vectors                                0x00000000   Data           4  startup_skeaz1284.o(RESET)
    _printf_a                                0x00000000   Number         0  stubs.o ABSOLUTE
    _printf_c                                0x00000000   Number         0  stubs.o ABSOLUTE
    _printf_charcount                        0x00000000   Number         0  stubs.o ABSOLUTE
    _printf_d                                0x00000000   Number         0  stubs.o ABSOLUTE
    _printf_e                                0x00000000   Number         0  stubs.o ABSOLUTE
    _printf_f                                0x00000000   Number         0  stubs.o ABSOLUTE
    _printf_flags                            0x00000000   Number         0  stubs.o ABSOLUTE
    _printf_fp_dec                           0x00000000   Number         0  stubs.o ABSOLUTE
    _printf_fp_hex                           0x00000000   Number         0  stubs.o ABSOLUTE
    _printf_g                                0x00000000   Number         0  stubs.o ABSOLUTE
    _printf_i                                0x00000000   Number         0  stubs.o ABSOLUTE
    _printf_int_dec                          0x00000000   Number         0  stubs.o ABSOLUTE
    _printf_l                                0x00000000   Number         0  stubs.o ABSOLUTE
    _printf_lc                               0x00000000   Number         0  stubs.o ABSOLUTE
    _printf_ll                               0x00000000   Number         0  stubs.o ABSOLUTE
    _printf_lld                              0x00000000   Number         0  stubs.o ABSOLUTE
    _printf_lli                              0x00000000   Number         0  stubs.o ABSOLUTE
    _printf_llo                              0x00000000   Number         0  stubs.o ABSOLUTE
    _printf_llu                              0x00000000   Number         0  stubs.o ABSOLUTE
    _printf_llx                              0x00000000   Number         0  stubs.o ABSOLUTE
    _printf_longlong_dec                     0x00000000   Number         0  stubs.o ABSOLUTE
    _printf_longlong_hex                     0x00000000   Number         0  stubs.o ABSOLUTE
    _printf_longlong_oct                     0x00000000   Number         0  stubs.o ABSOLUTE
    _printf_ls                               0x00000000   Number         0  stubs.o ABSOLUTE
    _printf_mbtowc                           0x00000000   Number         0  stubs.o ABSOLUTE
    _printf_n                                0x00000000   Number         0  stubs.o ABSOLUTE
    _printf_o                                0x00000000   Number         0  stubs.o ABSOLUTE
    _printf_p                                0x00000000   Number         0  stubs.o ABSOLUTE
    _printf_percent                          0x00000000   Number         0  stubs.o ABSOLUTE
    _printf_pre_padding                      0x00000000   Number         0  stubs.o ABSOLUTE
    _printf_return_value                     0x00000000   Number         0  stubs.o ABSOLUTE
    _printf_s                                0x00000000   Number         0  stubs.o ABSOLUTE
    _printf_sizespec                         0x00000000   Number         0  stubs.o ABSOLUTE
    _printf_str                              0x00000000   Number         0  stubs.o ABSOLUTE
    _printf_truncate_signed                  0x00000000   Number         0  stubs.o ABSOLUTE
    _printf_truncate_unsigned                0x00000000   Number         0  stubs.o ABSOLUTE
    _printf_u                                0x00000000   Number         0  stubs.o ABSOLUTE
    _printf_wc                               0x00000000   Number         0  stubs.o ABSOLUTE
    _printf_wctomb                           0x00000000   Number         0  stubs.o ABSOLUTE
    _printf_widthprec                        0x00000000   Number         0  stubs.o ABSOLUTE
    _printf_x                                0x00000000   Number         0  stubs.o ABSOLUTE
    __cpp_initialize__aeabi_                  - Undefined Weak Reference
    __cxa_finalize                            - Undefined Weak Reference
    __decompress                              - Undefined Weak Reference
    _clock_init                               - Undefined Weak Reference
    _microlib_exit                            - Undefined Weak Reference
    __Vectors_End                            0x000000c0   Data           0  startup_skeaz1284.o(RESET)
    __Vectors_Size                           0x000000c0   Number         0  startup_skeaz1284.o ABSOLUTE
    __main                                   0x000000c1   Thumb Code     0  entry.o(.ARM.Collect$$$$00000000)
    _main_stk                                0x000000c1   Thumb Code     0  entry2.o(.ARM.Collect$$$$00000001)
    _main_scatterload                        0x000000c5   Thumb Code     0  entry5.o(.ARM.Collect$$$$00000004)
    __main_after_scatterload                 0x000000c9   Thumb Code     0  entry5.o(.ARM.Collect$$$$00000004)
    _main_clock                              0x000000c9   Thumb Code     0  entry7b.o(.ARM.Collect$$$$00000008)
    _main_cpp_init                           0x000000c9   Thumb Code     0  entry8b.o(.ARM.Collect$$$$0000000A)
    _main_init                               0x000000c9   Thumb Code     0  entry9a.o(.ARM.Collect$$$$0000000B)
    __rt_final_cpp                           0x000000d1   Thumb Code     0  entry10a.o(.ARM.Collect$$$$0000000D)
    __rt_final_exit                          0x000000d1   Thumb Code     0  entry11a.o(.ARM.Collect$$$$0000000F)
    init_data_bss                            0x000000d5   Thumb Code     2  startup_skeaz1284.o(.text)
    Reset_Handler                            0x000000d7   Thumb Code    12  startup_skeaz1284.o(.text)
    NMI_Handler                              0x000000e3   Thumb Code     2  startup_skeaz1284.o(.text)
    HardFault_Handler                        0x000000e5   Thumb Code     2  startup_skeaz1284.o(.text)
    SVC_Handler                              0x000000e7   Thumb Code     2  startup_skeaz1284.o(.text)
    PendSV_Handler                           0x000000e9   Thumb Code     2  startup_skeaz1284.o(.text)
    SysTick_Handler                          0x000000eb   Thumb Code     2  startup_skeaz1284.o(.text)
    ACMP0_IRQHandler                         0x000000ed   Thumb Code     0  startup_skeaz1284.o(.text)
    ACMP1_IRQHandler                         0x000000ed   Thumb Code     0  startup_skeaz1284.o(.text)
    ADC_IRQHandler                           0x000000ed   Thumb Code     0  startup_skeaz1284.o(.text)
    DefaultISR                               0x000000ed   Thumb Code     0  startup_skeaz1284.o(.text)
    FTM0_IRQHandler                          0x000000ed   Thumb Code     0  startup_skeaz1284.o(.text)
    FTM1_IRQHandler                          0x000000ed   Thumb Code     0  startup_skeaz1284.o(.text)
    FTM2_IRQHandler                          0x000000ed   Thumb Code     0  startup_skeaz1284.o(.text)
    FTMRE_IRQHandler                         0x000000ed   Thumb Code     0  startup_skeaz1284.o(.text)
    I2C0_IRQHandler                          0x000000ed   Thumb Code     0  startup_skeaz1284.o(.text)
    I2C1_IRQHandler                          0x000000ed   Thumb Code     0  startup_skeaz1284.o(.text)
    ICS_IRQHandler                           0x000000ed   Thumb Code     0  startup_skeaz1284.o(.text)
    KBI1_IRQHandler                          0x000000ed   Thumb Code     0  startup_skeaz1284.o(.text)
    MSCAN_RX_IRQHandler                      0x000000ed   Thumb Code     0  startup_skeaz1284.o(.text)
    MSCAN_TX_IRQHandler                      0x000000ed   Thumb Code     0  startup_skeaz1284.o(.text)
    PMC_IRQHandler                           0x000000ed   Thumb Code     0  startup_skeaz1284.o(.text)
    PWT_IRQHandler                           0x000000ed   Thumb Code     0  startup_skeaz1284.o(.text)
    RTC_IRQHandler                           0x000000ed   Thumb Code     0  startup_skeaz1284.o(.text)
    Reserved16_IRQHandler                    0x000000ed   Thumb Code     0  startup_skeaz1284.o(.text)
    Reserved17_IRQHandler                    0x000000ed   Thumb Code     0  startup_skeaz1284.o(.text)
    Reserved18_IRQHandler                    0x000000ed   Thumb Code     0  startup_skeaz1284.o(.text)
    Reserved19_IRQHandler                    0x000000ed   Thumb Code     0  startup_skeaz1284.o(.text)
    Reserved20_IRQHandler                    0x000000ed   Thumb Code     0  startup_skeaz1284.o(.text)
    Reserved42_IRQHandler                    0x000000ed   Thumb Code     0  startup_skeaz1284.o(.text)
    SPI0_IRQHandler                          0x000000ed   Thumb Code     0  startup_skeaz1284.o(.text)
    SPI1_IRQHandler                          0x000000ed   Thumb Code     0  startup_skeaz1284.o(.text)
    UART0_IRQHandler                         0x000000ed   Thumb Code     0  startup_skeaz1284.o(.text)
    UART1_IRQHandler                         0x000000ed   Thumb Code     0  startup_skeaz1284.o(.text)
    UART2_IRQHandler                         0x000000ed   Thumb Code     0  startup_skeaz1284.o(.text)
    WDOG_IRQHandler                          0x000000ed   Thumb Code     0  startup_skeaz1284.o(.text)
    __aeabi_uidiv                            0x000000fd   Thumb Code     0  uidiv.o(.text)
    __aeabi_uidivmod                         0x000000fd   Thumb Code    44  uidiv.o(.text)
    __aeabi_idiv                             0x00000129   Thumb Code     0  idiv.o(.text)
    __aeabi_idivmod                          0x00000129   Thumb Code    40  idiv.o(.text)
    __aeabi_memcpy                           0x00000151   Thumb Code    36  memcpya.o(.text)
    __aeabi_memcpy4                          0x00000151   Thumb Code     0  memcpya.o(.text)
    __aeabi_memcpy8                          0x00000151   Thumb Code     0  memcpya.o(.text)
    __aeabi_memset                           0x00000175   Thumb Code    14  memseta.o(.text)
    __aeabi_memset4                          0x00000175   Thumb Code     0  memseta.o(.text)
    __aeabi_memset8                          0x00000175   Thumb Code     0  memseta.o(.text)
    __aeabi_memclr                           0x00000183   Thumb Code     4  memseta.o(.text)
    __aeabi_memclr4                          0x00000183   Thumb Code     0  memseta.o(.text)
    __aeabi_memclr8                          0x00000183   Thumb Code     0  memseta.o(.text)
    _memset$wrapper                          0x00000187   Thumb Code    18  memseta.o(.text)
    __aeabi_fadd                             0x00000199   Thumb Code   162  fadd.o(.text)
    __aeabi_fsub                             0x0000023b   Thumb Code     8  fadd.o(.text)
    __aeabi_frsub                            0x00000243   Thumb Code     8  fadd.o(.text)
    __aeabi_fmul                             0x0000024b   Thumb Code   122  fmul.o(.text)
    __aeabi_fdiv                             0x000002c5   Thumb Code   124  fdiv.o(.text)
    __aeabi_i2f                              0x00000341   Thumb Code    22  fflti.o(.text)
    __aeabi_ui2f                             0x00000357   Thumb Code    14  ffltui.o(.text)
    __aeabi_i2d                              0x00000365   Thumb Code    34  dflti.o(.text)
    __aeabi_ui2d                             0x0000038d   Thumb Code    24  dfltui.o(.text)
    __aeabi_f2iz                             0x000003a9   Thumb Code    50  ffixi.o(.text)
    __aeabi_cfcmpeq                          0x000003dd   Thumb Code     0  cfcmple.o(.text)
    __aeabi_cfcmple                          0x000003dd   Thumb Code    20  cfcmple.o(.text)
    Key_Inquire_data                         0x000003f1   Thumb Code     8  car_key.o(i.Key_Inquire_data)
    __I$use$fp                               0x000003f1   Thumb Code     0  iusefp.o(.text)
    __scatterload_null                       0x000003fd   Thumb Code     2  handlers.o(i.__scatterload_null)
    __aeabi_dadd                             0x00000411   Thumb Code   328  dadd.o(.text)
    __aeabi_dsub                             0x00000559   Thumb Code    12  dadd.o(.text)
    __aeabi_drsub                            0x00000565   Thumb Code    12  dadd.o(.text)
    __aeabi_dmul                             0x00000575   Thumb Code   202  dmul.o(.text)
    __aeabi_ddiv                             0x00000645   Thumb Code   234  ddiv.o(.text)
    __aeabi_f2uiz                            0x00000735   Thumb Code    40  ffixui.o(.text)
    __aeabi_d2iz                             0x0000075d   Thumb Code    62  dfixi.o(.text)
    __aeabi_d2uiz                            0x000007a5   Thumb Code    50  dfixui.o(.text)
    __aeabi_f2d                              0x000007e1   Thumb Code    40  f2d.o(.text)
    __aeabi_cdrcmple                         0x00000809   Thumb Code    38  cdrcmple.o(.text)
    __aeabi_d2f                              0x00000831   Thumb Code    56  d2f.o(.text)
    __aeabi_cfrcmple                         0x00000869   Thumb Code    20  cfrcmple.o(.text)
    __aeabi_uldivmod                         0x0000087d   Thumb Code    96  uldiv.o(.text)
    __aeabi_llsl                             0x000008dd   Thumb Code    32  llshl.o(.text)
    _ll_shift_l                              0x000008dd   Thumb Code     0  llshl.o(.text)
    __aeabi_llsr                             0x000008fd   Thumb Code    34  llushr.o(.text)
    _ll_ushift_r                             0x000008fd   Thumb Code     0  llushr.o(.text)
    __aeabi_lasr                             0x0000091f   Thumb Code    38  llsshr.o(.text)
    _ll_sshift_r                             0x0000091f   Thumb Code     0  llsshr.o(.text)
    _float_round                             0x00000945   Thumb Code    16  fepilogue.o(.text)
    _float_epilogue                          0x00000955   Thumb Code   114  fepilogue.o(.text)
    _double_round                            0x000009c7   Thumb Code    26  depilogue.o(.text)
    _double_epilogue                         0x000009e1   Thumb Code   164  depilogue.o(.text)
    __aeabi_d2ulz                            0x00000a85   Thumb Code    54  dfixul.o(.text)
    __scatterload                            0x00000ac5   Thumb Code    28  init.o(.text)
    __scatterload_rt2                        0x00000ac5   Thumb Code     0  init.o(.text)
    Bell_Play                                0x00000ae9   Thumb Code   130  bb.o(i.Bell_Play)
    Cache_OLED_P6x8Num                       0x00000b7d   Thumb Code   104  oled.o(i.Cache_OLED_P6x8Num)
    Cache_OLED_P6x8Str                       0x00000bed   Thumb Code    88  oled.o(i.Cache_OLED_P6x8Str)
    Cache_OLED_P6x8floatNum                  0x00000c49   Thumb Code   124  oled.o(i.Cache_OLED_P6x8floatNum)
    Cache_OLED_Rectangle                     0x00000cd1   Thumb Code   282  oled.o(i.Cache_OLED_Rectangle)
    Cache_OLED_Set_Pos                       0x00000ded   Thumb Code    10  oled.o(i.Cache_OLED_Set_Pos)
    Cache_OLED_WriteData                     0x00000e01   Thumb Code    62  oled.o(i.Cache_OLED_WriteData)
    Cache_OLED_printf                        0x00000e4d   Thumb Code    60  oled.o(i.Cache_OLED_printf)
    Cache_Update_OLED                        0x00000e89   Thumb Code    58  oled.o(i.Cache_Update_OLED)
    Car_Gather_Data_Key                      0x00000ec9   Thumb Code   362  car_key.o(i.Car_Gather_Data_Key)
    ChangeParameterVal                       0x00001045   Thumb Code   574  myui.o(i.ChangeParameterVal)
    Change_Main_menu                         0x00001285   Thumb Code    96  myui.o(i.Change_Main_menu)
    Change_UI                                0x0000133d   Thumb Code   144  myui.o(i.Change_UI)
    ConfigParameterCore                      0x000013d5   Thumb Code  1112  myui.o(i.ConfigParameterCore)
    FLASH_EraseSector                        0x00001845   Thumb Code    42  kea128_flash.o(i.FLASH_EraseSector)
    FLASH_Init                               0x00001875   Thumb Code    62  kea128_flash.o(i.FLASH_Init)
    FLASH_WriteSector                        0x000018c1   Thumb Code   108  kea128_flash.o(i.FLASH_WriteSector)
    FlashCmdStart                            0x00001931   Thumb Code    46  kea128_flash.o(i.FlashCmdStart)
    IRQ_IRQHandler                           0x0000196d   Thumb Code    14  isr.o(i.IRQ_IRQHandler)
    KBI0_IRQHandler                          0x00001981   Thumb Code    14  isr.o(i.KBI0_IRQHandler)
    Key_Message_Init                         0x00001995   Thumb Code   440  car_key.o(i.Key_Message_Init)
    Left_Motor_menu                          0x00001b55   Thumb Code   234  myui.o(i.Left_Motor_menu)
    OLED_CLS                                 0x00001d05   Thumb Code    56  oled.o(i.OLED_CLS)
    OLED_ConfigParameter                     0x00001d3d   Thumb Code    70  myui.o(i.OLED_ConfigParameter)
    OLED_Fill                                0x00001da9   Thumb Code    58  oled.o(i.OLED_Fill)
    OLED_Init                                0x00001de3   Thumb Code   290  oled.o(i.OLED_Init)
    OLED_P6x8Str                             0x00001f05   Thumb Code    94  oled.o(i.OLED_P6x8Str)
    PIT_CH0_IRQHandler                       0x0000203d   Thumb Code   218  isr.o(i.PIT_CH0_IRQHandler)
    PIT_CH1_IRQHandler                       0x0000213d   Thumb Code    14  isr.o(i.PIT_CH1_IRQHandler)
    Read_Left_motor                          0x00002151   Thumb Code   140  myflash.o(i.Read_Left_motor)
    Read_Right_motor                         0x000021e5   Thumb Code   144  myflash.o(i.Read_Right_motor)
    Read_Servo                               0x0000227d   Thumb Code   186  myflash.o(i.Read_Servo)
    Read_Speed                               0x00002341   Thumb Code    94  myflash.o(i.Read_Speed)
    Right_Motor_menu                         0x000023a5   Thumb Code   234  myui.o(i.Right_Motor_menu)
    Save_Left_motor                          0x000024c9   Thumb Code   156  myflash.o(i.Save_Left_motor)
    Save_Right_motor                         0x0000256d   Thumb Code   158  myflash.o(i.Save_Right_motor)
    Save_Servo                               0x00002615   Thumb Code   200  myflash.o(i.Save_Servo)
    Save_Speed                               0x000026e5   Thumb Code   126  myflash.o(i.Save_Speed)
    Servo_menu                               0x00002769   Thumb Code   268  myui.o(i.Servo_menu)
    Show_Left_Motor_PID                      0x000028ad   Thumb Code   154  myui.o(i.Show_Left_Motor_PID)
    Show_Main_menu                           0x000029b1   Thumb Code    96  myui.o(i.Show_Main_menu)
    Show_Right_Motor_PID                     0x00002a75   Thumb Code   156  myui.o(i.Show_Right_Motor_PID)
    Show_Servo_PID                           0x00002b7d   Thumb Code   208  myui.o(i.Show_Servo_PID)
    Show_UI                                  0x00002ce1   Thumb Code   238  myui.o(i.Show_UI)
    Show_speed                               0x00002ddd   Thumb Code   200  myui.o(i.Show_speed)
    Speed_menu                               0x00002f51   Thumb Code   336  myui.o(i.Speed_menu)
    Start                                    0x000030d5   Thumb Code    76  system_skeaz1284.o(i.Start)
    __0snprintf                              0x0000312d   Thumb Code    46  printfa.o(i.__0snprintf)
    __1snprintf                              0x0000312d   Thumb Code     0  printfa.o(i.__0snprintf)
    __2snprintf                              0x0000312d   Thumb Code     0  printfa.o(i.__0snprintf)
    __c89snprintf                            0x0000312d   Thumb Code     0  printfa.o(i.__0snprintf)
    snprintf                                 0x0000312d   Thumb Code     0  printfa.o(i.__0snprintf)
    __0sprintf                               0x00003161   Thumb Code    36  printfa.o(i.__0sprintf)
    __1sprintf                               0x00003161   Thumb Code     0  printfa.o(i.__0sprintf)
    __2sprintf                               0x00003161   Thumb Code     0  printfa.o(i.__0sprintf)
    __c89sprintf                             0x00003161   Thumb Code     0  printfa.o(i.__0sprintf)
    sprintf                                  0x00003161   Thumb Code     0  printfa.o(i.__0sprintf)
    __0vsprintf                              0x00003189   Thumb Code    30  printfa.o(i.__0vsprintf)
    __1vsprintf                              0x00003189   Thumb Code     0  printfa.o(i.__0vsprintf)
    __2vsprintf                              0x00003189   Thumb Code     0  printfa.o(i.__0vsprintf)
    __c89vsprintf                            0x00003189   Thumb Code     0  printfa.o(i.__0vsprintf)
    vsprintf                                 0x00003189   Thumb Code     0  printfa.o(i.__0vsprintf)
    __ARM_clz                                0x000031ad   Thumb Code    46  depilogue.o(i.__ARM_clz)
    __ARM_common_switch8                     0x000031db   Thumb Code    28  kea128_ftm.o(i.__ARM_common_switch8)
    __scatterload_copy                       0x000031f7   Thumb Code    14  handlers.o(i.__scatterload_copy)
    __scatterload_zeroinit                   0x00003205   Thumb Code    14  handlers.o(i.__scatterload_zeroinit)
    ad_init                                  0x00003ae1   Thumb Code    58  sensor.o(i.ad_init)
    adc_init                                 0x00003b1d   Thumb Code    30  kea128_adc.o(i.adc_init)
    adc_once                                 0x00003b45   Thumb Code    50  kea128_adc.o(i.adc_once)
    control                                  0x00003b7d   Thumb Code   352  control.o(i.control)
    deal_sensor                              0x00003d19   Thumb Code   212  sensor.o(i.deal_sensor)
    disable_wdog                             0x00003dfd   Thumb Code    16  system_skeaz1284.o(i.disable_wdog)
    encode_init                              0x00003e15   Thumb Code    48  encode.o(i.encode_init)
    ftm_count_clean                          0x00003e45   Thumb Code    12  kea128_ftm.o(i.ftm_count_clean)
    ftm_count_get                            0x00003e55   Thumb Code    14  kea128_ftm.o(i.ftm_count_get)
    ftm_count_init                           0x00003e69   Thumb Code    54  kea128_ftm.o(i.ftm_count_init)
    ftm_count_mux                            0x00003ea5   Thumb Code   166  kea128_ftm.o(i.ftm_count_mux)
    ftm_pwm_duty                             0x00003f55   Thumb Code   114  kea128_ftm.o(i.ftm_pwm_duty)
    ftm_pwm_init                             0x00003fd1   Thumb Code   278  kea128_ftm.o(i.ftm_pwm_init)
    ftm_pwm_mux                              0x000040f5   Thumb Code   290  kea128_ftm.o(i.ftm_pwm_mux)
    get_adc_int_value                        0x0000421d   Thumb Code   554  sensor.o(i.get_adc_int_value)
    get_clk                                  0x00004469   Thumb Code   170  common.o(i.get_clk)
    get_num                                  0x00004535   Thumb Code    92  encode.o(i.get_num)
    gpio_get                                 0x00004599   Thumb Code    40  kea128_gpio.o(i.gpio_get)
    gpio_init                                0x000045c5   Thumb Code   214  kea128_gpio.o(i.gpio_init)
    gpio_set                                 0x000046a1   Thumb Code    68  kea128_gpio.o(i.gpio_set)
    main                                     0x000046e9   Thumb Code   288  main.o(i.main)
    motor_init                               0x00004835   Thumb Code    58  motor.o(i.motor_init)
    motor_pid_caculate                       0x00004875   Thumb Code   524  control.o(i.motor_pid_caculate)
    motor_set                                0x00004a91   Thumb Code   170  motor.o(i.motor_set)
    pit_close                                0x00004b49   Thumb Code    42  kea128_pit.o(i.pit_close)
    pit_init                                 0x00004b79   Thumb Code    76  kea128_pit.o(i.pit_init)
    pit_time_get                             0x00004bd1   Thumb Code    84  kea128_pit.o(i.pit_time_get)
    pit_time_start                           0x00004c29   Thumb Code    76  kea128_pit.o(i.pit_time_start)
    port_pull                                0x00004c81   Thumb Code    74  kea128_port.o(i.port_pull)
    servo_pid_caculate                       0x00004cd1   Thumb Code   236  control.o(i.servo_pid_caculate)
    show_8_L                                 0x00004dd1   Thumb Code    76  myui.o(i.show_8_L)
    show_circle                              0x00004e2d   Thumb Code   182  myui.o(i.show_circle)
    show_one_sensor                          0x00004f61   Thumb Code    90  myui.o(i.show_one_sensor)
    show_run_time                            0x00004fd1   Thumb Code    60  myui.o(i.show_run_time)
    show_sensor                              0x00005049   Thumb Code   390  myui.o(i.show_sensor)
    systick_delay                            0x00005201   Thumb Code    44  kea128_systick.o(i.systick_delay)
    systick_delay_ms                         0x00005231   Thumb Code    24  kea128_systick.o(i.systick_delay_ms)
    time_10ms_serve                          0x0000524d   Thumb Code   150  main.o(i.time_10ms_serve)
    time_20ms_serve                          0x000052f9   Thumb Code    18  main.o(i.time_20ms_serve)
    uart_init                                0x00005311   Thumb Code   170  kea128_uart.o(i.uart_init)
    uart_mux                                 0x000053c9   Thumb Code   106  kea128_uart.o(i.uart_mux)
    uart_putbuff                             0x00005439   Thumb Code    30  kea128_uart.o(i.uart_putbuff)
    uart_putchar                             0x00005459   Thumb Code    28  kea128_uart.o(i.uart_putchar)
    update_1cm_error                         0x00005479   Thumb Code    86  sensor.o(i.update_1cm_error)
    vcan_sendware                            0x000054e1   Thumb Code    50  debug.o(i.vcan_sendware)
    F6x8                                     0x0000554c   Data         552  oled.o(.constdata)
    F14x16_Idx                               0x00005774   Data          19  oled.o(.constdata)
    F14x16                                   0x00005787   Data         168  oled.o(.constdata)
    F8X16                                    0x0000582f   Data        1520  oled.o(.constdata)
    LOGO                                     0x00005e1f   Data        1024  oled.o(.constdata)
    Region$$Table$$Base                      0x00006220   Number         0  anon$$obj.o(Region$$Table)
    Region$$Table$$Limit                     0x00006240   Number         0  anon$$obj.o(Region$$Table)
    ics_clk_khz                              0x20000000   Data           4  common.o(.data)
    ftm_clk_khz                              0x20000004   Data           4  common.o(.data)
    core_clk_khz                             0x20000008   Data           4  common.o(.data)
    bus_clk_khz                              0x2000000c   Data           4  common.o(.data)
    s_flash_command_run                      0x20000010   Data          14  kea128_flash.o(.data)
    s_flash_run_entry                        0x20000020   Data           4  kea128_flash.o(.data)
    period                                   0x20000024   Data           6  kea128_ftm.o(.data)
    uart                                     0x2000002c   Data          12  kea128_uart.o(.data)
    location_x                               0x20000038   Data           1  oled.o(.data)
    location_y                               0x20000039   Data           1  oled.o(.data)
    circle_left_flag                         0x2000003c   Data           1  sensor.o(.data)
    circle_right_flag                        0x2000003d   Data           1  sensor.o(.data)
    circle_in                                0x2000003e   Data           1  sensor.o(.data)
    circle_counter                           0x2000003f   Data           1  sensor.o(.data)
    Power_V                                  0x20000040   Data           4  sensor.o(.data)
    update_dis1cm_encoder                    0x20000044   Data           4  sensor.o(.data)
    Key_data                                 0x20000048   Data           6  car_key.o(.data)
    Key_GD                                   0x2000004e   Data           6  car_key.o(.data)
    circle_turn                              0x20000054   Data           1  control.o(.data)
    circle_distence                          0x20000056   Data           2  control.o(.data)
    circle_flag                              0x20000058   Data           1  control.o(.data)
    motor_protect_time                       0x2000005c   Data           4  control.o(.data)
    R_out_value                              0x20000060   Data           2  control.o(.data)
    L_out_value                              0x20000062   Data           2  control.o(.data)
    STOP_CAR_FLAG                            0x20000064   Data           1  control.o(.data)
    getCountNum_L                            0x20000065   Data           1  encode.o(.data)
    getCountNum_R                            0x20000066   Data           1  encode.o(.data)
    Car_BiBi_En                              0x20000068   Data           1  bb.o(.data)
    Bell_C_ms                                0x2000006a   Data           2  bb.o(.data)
    Bell_D_ms                                0x2000006c   Data           2  bb.o(.data)
    Pulse_Time                               0x2000006e   Data           2  bb.o(.data)
    cursor_x                                 0x20000070   Data           1  myui.o(.data)
    cursor_y                                 0x20000071   Data           1  myui.o(.data)
    state                                    0x20000072   Data           1  myui.o(.data)
    ParameterNo                              0x20000073   Data           1  myui.o(.data)
    Parameter2No                             0x20000074   Data           1  myui.o(.data)
    Save_Flag                                0x20000075   Data           1  myui.o(.data)
    Read_Flag                                0x20000076   Data           1  myui.o(.data)
    time_1ms                                 0x20000078   Data           4  main.o(.data)
    time_5ms                                 0x2000007c   Data           4  main.o(.data)
    time_10ms                                0x20000080   Data           4  main.o(.data)
    time_20ms                                0x20000084   Data           4  main.o(.data)
    time_50ms                                0x20000088   Data           4  main.o(.data)
    time_100ms                               0x2000008c   Data           4  main.o(.data)
    time_200ms                               0x20000090   Data           4  main.o(.data)
    time_500ms                               0x20000094   Data           4  main.o(.data)
    time_1s                                  0x20000098   Data           4  main.o(.data)
    time_2s                                  0x2000009c   Data           4  main.o(.data)
    time_5s                                  0x200000a0   Data           4  main.o(.data)
    time_10s                                 0x200000a4   Data           4  main.o(.data)
    encode_time                              0x200000a8   Data           2  main.o(.data)
    sensor_time                              0x200000aa   Data           2  main.o(.data)
    control_time                             0x200000ac   Data           2  main.o(.data)
    UI_time                                  0x200000ae   Data           2  main.o(.data)
    Speed_Ratio                              0x200000b0   Data           4  main.o(.data)
    All_Data                                 0x200000b4   Data        1024  oled.o(.bss)
    Adc                                      0x200004b4   Data         280  sensor.o(.bss)
    Sensor                                   0x200005cc   Data         108  sensor.o(.bss)
    Key_time                                 0x2000069c   Data          12  car_key.o(.bss)
    Servo                                    0x200006a8   Data         176  control.o(.bss)
    Motor_control                            0x20000758   Data         200  control.o(.bss)
    Speed                                    0x20000820   Data          24  control.o(.bss)
    __initial_sp                             0x20001838   Data           0  startup_skeaz1284.o(STACK)



==============================================================================

Memory Map of the image

  Image Entry point : 0x000000c1

  Load Region LR_IROM1 (Base: 0x00000000, Size: 0x000062f4, Max: 0x00020000, ABSOLUTE)

    Execution Region ER_IROM1 (Exec base: 0x00000000, Load base: 0x00000000, Size: 0x00006240, Max: 0x00020000, ABSOLUTE)

    Exec Addr    Load Addr    Size         Type   Attr      Idx    E Section Name        Object

    0x00000000   0x00000000   0x000000c0   Data   RO          743    RESET               startup_skeaz1284.o
    0x000000c0   0x000000c0   0x00000000   Code   RO         1591  * .ARM.Collect$$$$00000000  mc_p.l(entry.o)
    0x000000c0   0x000000c0   0x00000004   Code   RO         1903    .ARM.Collect$$$$00000001  mc_p.l(entry2.o)
    0x000000c4   0x000000c4   0x00000004   Code   RO         1906    .ARM.Collect$$$$00000004  mc_p.l(entry5.o)
    0x000000c8   0x000000c8   0x00000000   Code   RO         1908    .ARM.Collect$$$$00000008  mc_p.l(entry7b.o)
    0x000000c8   0x000000c8   0x00000000   Code   RO         1910    .ARM.Collect$$$$0000000A  mc_p.l(entry8b.o)
    0x000000c8   0x000000c8   0x00000008   Code   RO         1911    .ARM.Collect$$$$0000000B  mc_p.l(entry9a.o)
    0x000000d0   0x000000d0   0x00000000   Code   RO         1913    .ARM.Collect$$$$0000000D  mc_p.l(entry10a.o)
    0x000000d0   0x000000d0   0x00000000   Code   RO         1915    .ARM.Collect$$$$0000000F  mc_p.l(entry11a.o)
    0x000000d0   0x000000d0   0x00000004   Code   RO         1904    .ARM.Collect$$$$00002712  mc_p.l(entry2.o)
    0x000000d4   0x000000d4   0x00000028   Code   RO          745    .text               startup_skeaz1284.o
    0x000000fc   0x000000fc   0x0000002c   Code   RO         1594    .text               mc_p.l(uidiv.o)
    0x00000128   0x00000128   0x00000028   Code   RO         1596    .text               mc_p.l(idiv.o)
    0x00000150   0x00000150   0x00000024   Code   RO         1598    .text               mc_p.l(memcpya.o)
    0x00000174   0x00000174   0x00000024   Code   RO         1600    .text               mc_p.l(memseta.o)
    0x00000198   0x00000198   0x000000b2   Code   RO         1865    .text               mf_p.l(fadd.o)
    0x0000024a   0x0000024a   0x0000007a   Code   RO         1867    .text               mf_p.l(fmul.o)
    0x000002c4   0x000002c4   0x0000007c   Code   RO         1869    .text               mf_p.l(fdiv.o)
    0x00000340   0x00000340   0x00000016   Code   RO         1877    .text               mf_p.l(fflti.o)
    0x00000356   0x00000356   0x0000000e   Code   RO         1879    .text               mf_p.l(ffltui.o)
    0x00000364   0x00000364   0x00000028   Code   RO         1881    .text               mf_p.l(dflti.o)
    0x0000038c   0x0000038c   0x0000001c   Code   RO         1883    .text               mf_p.l(dfltui.o)
    0x000003a8   0x000003a8   0x00000032   Code   RO         1885    .text               mf_p.l(ffixi.o)
    0x000003da   0x000003da   0x00000002   PAD
    0x000003dc   0x000003dc   0x00000014   Code   RO         1899    .text               mf_p.l(cfcmple.o)
    0x000003f0   0x000003f0   0x00000000   Code   RO         1926    .text               mc_p.l(iusefp.o)
    0x000003f0   0x000003f0   0x0000000c   Code   RO         1109    i.Key_Inquire_data  car_key.o
    0x000003fc   0x000003fc   0x00000002   Code   RO         1940    i.__scatterload_null  mc_p.l(handlers.o)
    0x000003fe   0x000003fe   0x00000002   PAD
    0x00000400   0x00000400   0x00000010   Code   RO          744    .ARM.__at_0x400     startup_skeaz1284.o
    0x00000410   0x00000410   0x00000164   Code   RO         1871    .text               mf_p.l(dadd.o)
    0x00000574   0x00000574   0x000000d0   Code   RO         1873    .text               mf_p.l(dmul.o)
    0x00000644   0x00000644   0x000000f0   Code   RO         1875    .text               mf_p.l(ddiv.o)
    0x00000734   0x00000734   0x00000028   Code   RO         1887    .text               mf_p.l(ffixui.o)
    0x0000075c   0x0000075c   0x00000048   Code   RO         1889    .text               mf_p.l(dfixi.o)
    0x000007a4   0x000007a4   0x0000003c   Code   RO         1891    .text               mf_p.l(dfixui.o)
    0x000007e0   0x000007e0   0x00000028   Code   RO         1893    .text               mf_p.l(f2d.o)
    0x00000808   0x00000808   0x00000028   Code   RO         1895    .text               mf_p.l(cdrcmple.o)
    0x00000830   0x00000830   0x00000038   Code   RO         1897    .text               mf_p.l(d2f.o)
    0x00000868   0x00000868   0x00000014   Code   RO         1901    .text               mf_p.l(cfrcmple.o)
    0x0000087c   0x0000087c   0x00000060   Code   RO         1918    .text               mc_p.l(uldiv.o)
    0x000008dc   0x000008dc   0x00000020   Code   RO         1920    .text               mc_p.l(llshl.o)
    0x000008fc   0x000008fc   0x00000022   Code   RO         1922    .text               mc_p.l(llushr.o)
    0x0000091e   0x0000091e   0x00000026   Code   RO         1924    .text               mc_p.l(llsshr.o)
    0x00000944   0x00000944   0x00000082   Code   RO         1927    .text               mf_p.l(fepilogue.o)
    0x000009c6   0x000009c6   0x000000be   Code   RO         1929    .text               mf_p.l(depilogue.o)
    0x00000a84   0x00000a84   0x00000040   Code   RO         1933    .text               mf_p.l(dfixul.o)
    0x00000ac4   0x00000ac4   0x00000024   Code   RO         1935    .text               mc_p.l(init.o)
    0x00000ae8   0x00000ae8   0x00000094   Code   RO         1233    i.Bell_Play         bb.o
    0x00000b7c   0x00000b7c   0x00000070   Code   RO          753    i.Cache_OLED_P6x8Num  oled.o
    0x00000bec   0x00000bec   0x0000005c   Code   RO          755    i.Cache_OLED_P6x8Str  oled.o
    0x00000c48   0x00000c48   0x00000088   Code   RO          757    i.Cache_OLED_P6x8floatNum  oled.o
    0x00000cd0   0x00000cd0   0x0000011a   Code   RO          758    i.Cache_OLED_Rectangle  oled.o
    0x00000dea   0x00000dea   0x00000002   PAD
    0x00000dec   0x00000dec   0x00000014   Code   RO          759    i.Cache_OLED_Set_Pos  oled.o
    0x00000e00   0x00000e00   0x0000004c   Code   RO          760    i.Cache_OLED_WriteData  oled.o
    0x00000e4c   0x00000e4c   0x0000003c   Code   RO          761    i.Cache_OLED_printf  oled.o
    0x00000e88   0x00000e88   0x00000040   Code   RO          762    i.Cache_Update_OLED  oled.o
    0x00000ec8   0x00000ec8   0x0000017c   Code   RO         1107    i.Car_Gather_Data_Key  car_key.o
    0x00001044   0x00001044   0x0000023e   Code   RO         1360    i.ChangeParameterVal  myui.o
    0x00001282   0x00001282   0x00000002   PAD
    0x00001284   0x00001284   0x000000b8   Code   RO         1361    i.Change_Main_menu  myui.o
    0x0000133c   0x0000133c   0x00000098   Code   RO         1362    i.Change_UI         myui.o
    0x000013d4   0x000013d4   0x00000470   Code   RO         1363    i.ConfigParameterCore  myui.o
    0x00001844   0x00001844   0x00000030   Code   RO          205    i.FLASH_EraseSector  kea128_flash.o
    0x00001874   0x00001874   0x0000004c   Code   RO          207    i.FLASH_Init        kea128_flash.o
    0x000018c0   0x000018c0   0x00000070   Code   RO          208    i.FLASH_WriteSector  kea128_flash.o
    0x00001930   0x00001930   0x0000003c   Code   RO          209    i.FlashCmdStart     kea128_flash.o
    0x0000196c   0x0000196c   0x00000014   Code   RO         1503    i.IRQ_IRQHandler    isr.o
    0x00001980   0x00001980   0x00000014   Code   RO         1504    i.KBI0_IRQHandler   isr.o
    0x00001994   0x00001994   0x000001c0   Code   RO         1110    i.Key_Message_Init  car_key.o
    0x00001b54   0x00001b54   0x00000124   Code   RO         1364    i.Left_Motor_menu   myui.o
    0x00001c78   0x00001c78   0x00000014   Code   RO         1545    i.NVIC_EnableIRQ    main.o
    0x00001c8c   0x00001c8c   0x00000078   Code   RO         1546    i.NVIC_SetPriority  main.o
    0x00001d04   0x00001d04   0x00000038   Code   RO          765    i.OLED_CLS          oled.o
    0x00001d3c   0x00001d3c   0x0000004c   Code   RO         1365    i.OLED_ConfigParameter  myui.o
    0x00001d88   0x00001d88   0x00000020   Code   RO          767    i.OLED_DLY_ms       oled.o
    0x00001da8   0x00001da8   0x0000003a   Code   RO          768    i.OLED_Fill         oled.o
    0x00001de2   0x00001de2   0x00000122   Code   RO          769    i.OLED_Init         oled.o
    0x00001f04   0x00001f04   0x00000064   Code   RO          772    i.OLED_P6x8Str      oled.o
    0x00001f68   0x00001f68   0x0000002e   Code   RO          780    i.OLED_Set_Pos      oled.o
    0x00001f96   0x00001f96   0x00000052   Code   RO          781    i.OLED_WriteCmd     oled.o
    0x00001fe8   0x00001fe8   0x00000052   Code   RO          782    i.OLED_WriteData    oled.o
    0x0000203a   0x0000203a   0x00000002   PAD
    0x0000203c   0x0000203c   0x00000100   Code   RO         1505    i.PIT_CH0_IRQHandler  isr.o
    0x0000213c   0x0000213c   0x00000014   Code   RO         1506    i.PIT_CH1_IRQHandler  isr.o
    0x00002150   0x00002150   0x00000094   Code   RO          967    i.Read_Left_motor   myflash.o
    0x000021e4   0x000021e4   0x00000098   Code   RO          968    i.Read_Right_motor  myflash.o
    0x0000227c   0x0000227c   0x000000c4   Code   RO          969    i.Read_Servo        myflash.o
    0x00002340   0x00002340   0x00000064   Code   RO          970    i.Read_Speed        myflash.o
    0x000023a4   0x000023a4   0x00000124   Code   RO         1366    i.Right_Motor_menu  myui.o
    0x000024c8   0x000024c8   0x000000a4   Code   RO          971    i.Save_Left_motor   myflash.o
    0x0000256c   0x0000256c   0x000000a8   Code   RO          972    i.Save_Right_motor  myflash.o
    0x00002614   0x00002614   0x000000d0   Code   RO          973    i.Save_Servo        myflash.o
    0x000026e4   0x000026e4   0x00000084   Code   RO          974    i.Save_Speed        myflash.o
    0x00002768   0x00002768   0x00000144   Code   RO         1367    i.Servo_menu        myui.o
    0x000028ac   0x000028ac   0x00000104   Code   RO         1368    i.Show_Left_Motor_PID  myui.o
    0x000029b0   0x000029b0   0x000000c4   Code   RO         1369    i.Show_Main_menu    myui.o
    0x00002a74   0x00002a74   0x00000108   Code   RO         1370    i.Show_Right_Motor_PID  myui.o
    0x00002b7c   0x00002b7c   0x00000164   Code   RO         1371    i.Show_Servo_PID    myui.o
    0x00002ce0   0x00002ce0   0x000000fc   Code   RO         1372    i.Show_UI           myui.o
    0x00002ddc   0x00002ddc   0x00000174   Code   RO         1373    i.Show_speed        myui.o
    0x00002f50   0x00002f50   0x00000184   Code   RO         1374    i.Speed_menu        myui.o
    0x000030d4   0x000030d4   0x00000058   Code   RO          717    i.Start             system_skeaz1284.o
    0x0000312c   0x0000312c   0x00000034   Code   RO         1838    i.__0snprintf       mc_p.l(printfa.o)
    0x00003160   0x00003160   0x00000028   Code   RO         1839    i.__0sprintf        mc_p.l(printfa.o)
    0x00003188   0x00003188   0x00000024   Code   RO         1843    i.__0vsprintf       mc_p.l(printfa.o)
    0x000031ac   0x000031ac   0x0000002e   Code   RO         1931    i.__ARM_clz         mf_p.l(depilogue.o)
    0x000031da   0x000031da   0x0000001c   Code   RO          313    i.__ARM_common_switch8  kea128_ftm.o
    0x000031f6   0x000031f6   0x0000000e   Code   RO         1939    i.__scatterload_copy  mc_p.l(handlers.o)
    0x00003204   0x00003204   0x0000000e   Code   RO         1941    i.__scatterload_zeroinit  mc_p.l(handlers.o)
    0x00003212   0x00003212   0x00000002   PAD
    0x00003214   0x00003214   0x00000174   Code   RO         1844    i._fp_digits        mc_p.l(printfa.o)
    0x00003388   0x00003388   0x000006ec   Code   RO         1845    i._printf_core      mc_p.l(printfa.o)
    0x00003a74   0x00003a74   0x00000020   Code   RO         1846    i._printf_post_padding  mc_p.l(printfa.o)
    0x00003a94   0x00003a94   0x0000002c   Code   RO         1847    i._printf_pre_padding  mc_p.l(printfa.o)
    0x00003ac0   0x00003ac0   0x00000016   Code   RO         1848    i._snputc           mc_p.l(printfa.o)
    0x00003ad6   0x00003ad6   0x0000000a   Code   RO         1849    i._sputc            mc_p.l(printfa.o)
    0x00003ae0   0x00003ae0   0x0000003a   Code   RO         1055    i.ad_init           sensor.o
    0x00003b1a   0x00003b1a   0x00000002   PAD
    0x00003b1c   0x00003b1c   0x00000028   Code   RO          147    i.adc_init          kea128_adc.o
    0x00003b44   0x00003b44   0x00000038   Code   RO          148    i.adc_once          kea128_adc.o
    0x00003b7c   0x00003b7c   0x0000019c   Code   RO         1149    i.control           control.o
    0x00003d18   0x00003d18   0x000000e4   Code   RO         1056    i.deal_sensor       sensor.o
    0x00003dfc   0x00003dfc   0x00000018   Code   RO          718    i.disable_wdog      system_skeaz1284.o
    0x00003e14   0x00003e14   0x00000030   Code   RO         1199    i.encode_init       encode.o
    0x00003e44   0x00003e44   0x00000010   Code   RO          252    i.ftm_count_clean   kea128_ftm.o
    0x00003e54   0x00003e54   0x00000014   Code   RO          253    i.ftm_count_get     kea128_ftm.o
    0x00003e68   0x00003e68   0x0000003c   Code   RO          254    i.ftm_count_init    kea128_ftm.o
    0x00003ea4   0x00003ea4   0x000000b0   Code   RO          255    i.ftm_count_mux     kea128_ftm.o
    0x00003f54   0x00003f54   0x0000007c   Code   RO          256    i.ftm_pwm_duty      kea128_ftm.o
    0x00003fd0   0x00003fd0   0x00000124   Code   RO          258    i.ftm_pwm_init      kea128_ftm.o
    0x000040f4   0x000040f4   0x00000128   Code   RO          259    i.ftm_pwm_mux       kea128_ftm.o
    0x0000421c   0x0000421c   0x0000024c   Code   RO         1058    i.get_adc_int_value  sensor.o
    0x00004468   0x00004468   0x000000cc   Code   RO            3    i.get_clk           common.o
    0x00004534   0x00004534   0x00000064   Code   RO         1200    i.get_num           encode.o
    0x00004598   0x00004598   0x0000002c   Code   RO          321    i.gpio_get          kea128_gpio.o
    0x000045c4   0x000045c4   0x000000dc   Code   RO          322    i.gpio_init         kea128_gpio.o
    0x000046a0   0x000046a0   0x00000048   Code   RO          323    i.gpio_set          kea128_gpio.o
    0x000046e8   0x000046e8   0x0000014c   Code   RO         1547    i.main              main.o
    0x00004834   0x00004834   0x00000040   Code   RO         1029    i.motor_init        motor.o
    0x00004874   0x00004874   0x0000021c   Code   RO         1150    i.motor_pid_caculate  control.o
    0x00004a90   0x00004a90   0x000000b8   Code   RO         1030    i.motor_set         motor.o
    0x00004b48   0x00004b48   0x00000030   Code   RO          463    i.pit_close         kea128_pit.o
    0x00004b78   0x00004b78   0x00000058   Code   RO          465    i.pit_init          kea128_pit.o
    0x00004bd0   0x00004bd0   0x00000058   Code   RO          466    i.pit_time_get      kea128_pit.o
    0x00004c28   0x00004c28   0x00000058   Code   RO          467    i.pit_time_start    kea128_pit.o
    0x00004c80   0x00004c80   0x00000050   Code   RO          507    i.port_pull         kea128_port.o
    0x00004cd0   0x00004cd0   0x00000100   Code   RO         1151    i.servo_pid_caculate  control.o
    0x00004dd0   0x00004dd0   0x0000005c   Code   RO         1375    i.show_8_L          myui.o
    0x00004e2c   0x00004e2c   0x00000134   Code   RO         1376    i.show_circle       myui.o
    0x00004f60   0x00004f60   0x00000070   Code   RO         1377    i.show_one_sensor   myui.o
    0x00004fd0   0x00004fd0   0x00000078   Code   RO         1378    i.show_run_time     myui.o
    0x00005048   0x00005048   0x000001b8   Code   RO         1379    i.show_sensor       myui.o
    0x00005200   0x00005200   0x00000030   Code   RO          563    i.systick_delay     kea128_systick.o
    0x00005230   0x00005230   0x0000001c   Code   RO          564    i.systick_delay_ms  kea128_systick.o
    0x0000524c   0x0000524c   0x000000ac   Code   RO         1548    i.time_10ms_serve   main.o
    0x000052f8   0x000052f8   0x00000018   Code   RO         1549    i.time_20ms_serve   main.o
    0x00005310   0x00005310   0x000000b8   Code   RO          605    i.uart_init         kea128_uart.o
    0x000053c8   0x000053c8   0x00000070   Code   RO          606    i.uart_mux          kea128_uart.o
    0x00005438   0x00005438   0x0000001e   Code   RO          607    i.uart_putbuff      kea128_uart.o
    0x00005456   0x00005456   0x00000002   PAD
    0x00005458   0x00005458   0x00000020   Code   RO          608    i.uart_putchar      kea128_uart.o
    0x00005478   0x00005478   0x00000068   Code   RO         1059    i.update_1cm_error  sensor.o
    0x000054e0   0x000054e0   0x0000003c   Code   RO         1339    i.vcan_sendware     debug.o
    0x0000551c   0x0000551c   0x00000016   Data   RO            4    .constdata          common.o
    0x00005532   0x00005532   0x00000002   PAD
    0x00005534   0x00005534   0x0000000c   Data   RO          260    .constdata          kea128_ftm.o
    0x00005540   0x00005540   0x0000000c   Data   RO          325    .constdata          kea128_gpio.o
    0x0000554c   0x0000554c   0x00000cd3   Data   RO          786    .constdata          oled.o
    0x0000621f   0x0000621f   0x00000001   PAD
    0x00006220   0x00006220   0x00000020   Data   RO         1937    Region$$Table       anon$$obj.o


    Execution Region RW_IRAM1 (Exec base: 0x20000000, Load base: 0x00006240, Size: 0x00001838, Max: 0x0000c000, ABSOLUTE)

    Exec Addr    Load Addr    Size         Type   Attr      Idx    E Section Name        Object

    0x20000000   0x00006240   0x00000010   Data   RW            5    .data               common.o
    0x20000010   0x00006250   0x00000014   Data   RW          210    .data               kea128_flash.o
    0x20000024   0x00006264   0x00000006   Data   RW          261    .data               kea128_ftm.o
    0x2000002a   0x0000626a   0x00000002   PAD
    0x2000002c   0x0000626c   0x0000000c   Data   RW          614    .data               kea128_uart.o
    0x20000038   0x00006278   0x00000002   Data   RW          787    .data               oled.o
    0x2000003a   0x0000627a   0x00000002   PAD
    0x2000003c   0x0000627c   0x0000000c   Data   RW         1061    .data               sensor.o
    0x20000048   0x00006288   0x0000000c   Data   RW         1112    .data               car_key.o
    0x20000054   0x00006294   0x00000011   Data   RW         1154    .data               control.o
    0x20000065   0x000062a5   0x00000002   Data   RW         1201    .data               encode.o
    0x20000067   0x000062a7   0x00000001   PAD
    0x20000068   0x000062a8   0x00000008   Data   RW         1234    .data               bb.o
    0x20000070   0x000062b0   0x00000007   Data   RW         1380    .data               myui.o
    0x20000077   0x000062b7   0x00000001   PAD
    0x20000078   0x000062b8   0x0000003c   Data   RW         1550    .data               main.o
    0x200000b4        -       0x00000400   Zero   RW          785    .bss                oled.o
    0x200004b4        -       0x000001e8   Zero   RW         1060    .bss                sensor.o
    0x2000069c        -       0x0000000c   Zero   RW         1111    .bss                car_key.o
    0x200006a8        -       0x00000190   Zero   RW         1153    .bss                control.o
    0x20000838        -       0x00001000   Zero   RW          741    STACK               startup_skeaz1284.o


==============================================================================

Image component sizes


      Code (inc. data)   RO Data    RW Data    ZI Data      Debug   Object Name

       148         18          0          8          0        833   bb.o
       840         48          0         12         12       2467   car_key.o
       204         34         22         16          0     113177   common.o
      1208         96          0         17        400       2941   control.o
        60         10          0          0          0        612   debug.o
       148          8          0          2          0       1194   encode.o
       316         56          0          0          0       1709   isr.o
        96         16          0          0          0       5137   kea128_adc.o
       296         38          0         20          0       3657   kea128_flash.o
      1012         64         12          6          0       5324   kea128_ftm.o
       336         14         12          0          0       2538   kea128_gpio.o
       312         34          0          0          0       2199   kea128_pit.o
        80          6          0          0          0        576   kea128_port.o
        76          8          0          0          0       1083   kea128_systick.o
       358         24          0         12          0       3024   kea128_uart.o
       668         88          0         60          0       9112   main.o
       248         20          0          0          0        949   motor.o
      1268         64          0          0          0       5194   myflash.o
      6190       1400          0          7          0      11810   myui.o
      1588         66       3283          2       1024      12008   oled.o
       978         68          0         12        488       3510   sensor.o
        56         30        192          0       4096        996   startup_skeaz1284.o
       112         20          0          0          0       1039   system_skeaz1284.o

    ----------------------------------------------------------------------
     16608       2230       3556        180       6020     191089   Object Totals
         0          0         32          0          0          0   (incl. Generated)
        10          0          3          6          0          0   (incl. Padding)

    ----------------------------------------------------------------------

      Code (inc. data)   RO Data    RW Data    ZI Data      Debug   Library Member Name

         0          0          0          0          0          0   entry.o
         0          0          0          0          0          0   entry10a.o
         0          0          0          0          0          0   entry11a.o
         8          4          0          0          0          0   entry2.o
         4          0          0          0          0          0   entry5.o
         0          0          0          0          0          0   entry7b.o
         0          0          0          0          0          0   entry8b.o
         8          4          0          0          0          0   entry9a.o
        30          0          0          0          0          0   handlers.o
        40          0          0          0          0         72   idiv.o
        36          8          0          0          0         68   init.o
         0          0          0          0          0          0   iusefp.o
        32          0          0          0          0         68   llshl.o
        38          0          0          0          0         68   llsshr.o
        34          0          0          0          0         68   llushr.o
        36          0          0          0          0         60   memcpya.o
        36          0          0          0          0        100   memseta.o
      2380        106          0          0          0        688   printfa.o
        44          0          0          0          0         72   uidiv.o
        96          0          0          0          0         84   uldiv.o
        40          2          0          0          0         68   cdrcmple.o
        20          0          0          0          0         68   cfcmple.o
        20          0          0          0          0         68   cfrcmple.o
        56          0          0          0          0         68   d2f.o
       356          4          0          0          0        140   dadd.o
       240          6          0          0          0         84   ddiv.o
       236          0          0          0          0        216   depilogue.o
        72         10          0          0          0         72   dfixi.o
        60         10          0          0          0         68   dfixui.o
        64         10          0          0          0         68   dfixul.o
        40          6          0          0          0         68   dflti.o
        28          4          0          0          0         68   dfltui.o
       208          6          0          0          0         88   dmul.o
        40          0          0          0          0         60   f2d.o
       178          0          0          0          0        108   fadd.o
       124          0          0          0          0         72   fdiv.o
       130          0          0          0          0        144   fepilogue.o
        50          0          0          0          0         60   ffixi.o
        40          0          0          0          0         60   ffixui.o
        22          0          0          0          0         68   fflti.o
        14          0          0          0          0         68   ffltui.o
       122          0          0          0          0         72   fmul.o

    ----------------------------------------------------------------------
      4988        180          0          0          0       3204   Library Totals
         6          0          0          0          0          0   (incl. Padding)

    ----------------------------------------------------------------------

      Code (inc. data)   RO Data    RW Data    ZI Data      Debug   Library Name

      2822        122          0          0          0       1348   mc_p.l
      2160         58          0          0          0       1856   mf_p.l

    ----------------------------------------------------------------------
      4988        180          0          0          0       3204   Library Totals

    ----------------------------------------------------------------------

==============================================================================


      Code (inc. data)   RO Data    RW Data    ZI Data      Debug   

     21596       2410       3556        180       6020     188437   Grand Totals
     21596       2410       3556        180       6020     188437   ELF Image Totals
     21596       2410       3556        180          0          0   ROM Totals

==============================================================================

    Total RO  Size (Code + RO Data)                25152 (  24.56kB)
    Total RW  Size (RW Data + ZI Data)              6200 (   6.05kB)
    Total ROM Size (Code + RO Data + RW Data)      25332 (  24.74kB)

==============================================================================

