Component: ARM Compiler 5.06 update 6 (build 750) Tool: armlink [4d35ed]

==============================================================================

Section Cross References

    common.o(i.get_clk) refers to memcpya.o(.text) for __aeabi_memcpy4
    common.o(i.get_clk) refers to uidiv.o(.text) for __aeabi_uidivmod
    common.o(i.get_clk) refers to kea128_uart.o(i.uart_init) for uart_init
    common.o(i.get_clk) refers to common.o(.constdata) for .constdata
    common.o(i.get_clk) refers to common.o(.data) for ics_clk_khz
    kea128_flash.o(i.FLASH_EraseSector) refers to kea128_flash.o(i.FlashCmdStart) for FlashCmdStart
    kea128_flash.o(i.FLASH_Init) refers to uidiv.o(.text) for __aeabi_uidivmod
    kea128_flash.o(i.FLASH_Init) refers to common.o(.data) for bus_clk_khz
    kea128_flash.o(i.FLASH_WriteSector) refers to kea128_flash.o(i.FlashCmdStart) for FlashCmdStart
    kea128_flash.o(i.FlashCmdStart) refers to kea128_flash.o(.data) for s_flash_command_run
    kea128_ftm.o(i.ftm_count_clean) refers to kea128_ftm.o(.constdata) for FTMX
    kea128_ftm.o(i.ftm_count_get) refers to kea128_ftm.o(.constdata) for FTMX
    kea128_ftm.o(i.ftm_count_init) refers to kea128_ftm.o(i.ftm_count_mux) for ftm_count_mux
    kea128_ftm.o(i.ftm_count_init) refers to kea128_ftm.o(.constdata) for FTMX
    kea128_ftm.o(i.ftm_count_mux) refers to kea128_port.o(i.port_pull) for port_pull
    kea128_ftm.o(i.ftm_pwm_duty) refers to uidiv.o(.text) for __aeabi_uidivmod
    kea128_ftm.o(i.ftm_pwm_duty) refers to kea128_ftm.o(.data) for period
    kea128_ftm.o(i.ftm_pwm_duty) refers to kea128_ftm.o(.constdata) for FTMX
    kea128_ftm.o(i.ftm_pwm_freq) refers to uidiv.o(.text) for __aeabi_uidivmod
    kea128_ftm.o(i.ftm_pwm_freq) refers to common.o(.data) for ftm_clk_khz
    kea128_ftm.o(i.ftm_pwm_freq) refers to kea128_ftm.o(.data) for period
    kea128_ftm.o(i.ftm_pwm_freq) refers to kea128_ftm.o(.constdata) for FTMX
    kea128_ftm.o(i.ftm_pwm_init) refers to kea128_ftm.o(i.ftm_pwm_mux) for ftm_pwm_mux
    kea128_ftm.o(i.ftm_pwm_init) refers to uidiv.o(.text) for __aeabi_uidivmod
    kea128_ftm.o(i.ftm_pwm_init) refers to common.o(.data) for ftm_clk_khz
    kea128_ftm.o(i.ftm_pwm_init) refers to kea128_ftm.o(.data) for period
    kea128_ftm.o(i.ftm_pwm_init) refers to kea128_ftm.o(.constdata) for FTMX
    kea128_ftm.o(i.ftm_pwm_mux) refers to kea128_ftm.o(i.__ARM_common_switch8) for __ARM_common_switch8
    kea128_gpio.o(i.gpio_ddr) refers to kea128_gpio.o(.constdata) for GPIOX
    kea128_gpio.o(i.gpio_get) refers to kea128_gpio.o(.constdata) for GPIOX
    kea128_gpio.o(i.gpio_init) refers to kea128_gpio.o(.constdata) for GPIOX
    kea128_gpio.o(i.gpio_set) refers to kea128_gpio.o(.constdata) for GPIOX
    kea128_gpio.o(i.gpio_turn) refers to kea128_gpio.o(.constdata) for GPIOX
    kea128_i2c.o(i.i2c_Wait) refers to kea128_i2c.o(.data) for I2CN
    kea128_i2c.o(i.i2c_init) refers to memcpya.o(.text) for __aeabi_memcpy4
    kea128_i2c.o(i.i2c_init) refers to uidiv.o(.text) for __aeabi_uidivmod
    kea128_i2c.o(i.i2c_init) refers to kea128_i2c.o(.constdata) for .constdata
    kea128_i2c.o(i.i2c_init) refers to common.o(.data) for bus_clk_khz
    kea128_i2c.o(i.i2c_init) refers to kea128_i2c.o(.data) for I2CN
    kea128_i2c.o(i.i2c_read_reg) refers to kea128_i2c.o(i.i2c_Wait) for i2c_Wait
    kea128_i2c.o(i.i2c_read_reg) refers to kea128_i2c.o(i.i2c_delay) for i2c_delay
    kea128_i2c.o(i.i2c_read_reg) refers to kea128_i2c.o(.data) for I2CN
    kea128_i2c.o(i.i2c_read_reg_bytes) refers to kea128_i2c.o(i.i2c_Wait) for i2c_Wait
    kea128_i2c.o(i.i2c_read_reg_bytes) refers to kea128_i2c.o(i.i2c_delay) for i2c_delay
    kea128_i2c.o(i.i2c_read_reg_bytes) refers to kea128_i2c.o(.data) for I2CN
    kea128_i2c.o(i.i2c_write_reg) refers to kea128_i2c.o(i.i2c_Wait) for i2c_Wait
    kea128_i2c.o(i.i2c_write_reg) refers to kea128_i2c.o(i.i2c_delay) for i2c_delay
    kea128_i2c.o(i.i2c_write_reg) refers to kea128_i2c.o(.data) for I2CN
    kea128_kbi.o(i.kbi_init) refers to kea128_port.o(i.port_pull) for port_pull
    kea128_kbi.o(i.kbi_init) refers to kea128_kbi.o(.data) for kbi
    kea128_spi.o(i.spi_init) refers to memcpya.o(.text) for __aeabi_memcpy4
    kea128_spi.o(i.spi_init) refers to uidiv.o(.text) for __aeabi_uidivmod
    kea128_spi.o(i.spi_init) refers to kea128_spi.o(.constdata) for .constdata
    kea128_spi.o(i.spi_init) refers to common.o(.data) for bus_clk_khz
    kea128_spi.o(i.spi_init) refers to kea128_spi.o(.data) for SPIN
    kea128_spi.o(i.spi_mosi) refers to kea128_spi.o(.data) for SPIN
    kea128_spi.o(i.spi_mosi_cmd) refers to kea128_spi.o(i.spi_mosi) for spi_mosi
    kea128_systick.o(i.systick_delay_ms) refers to kea128_systick.o(i.systick_delay) for systick_delay
    kea128_systick.o(i.systick_delay_ms) refers to common.o(.data) for core_clk_khz
    kea128_uart.o(i.fputc) refers to kea128_uart.o(i.uart_putchar) for uart_putchar
    kea128_uart.o(i.uart_getchar) refers to kea128_uart.o(.data) for uart
[...]
    Removing common.o(.revsh_text), (4 bytes).
    Removing kea128_adc.o(.rev16_text), (4 bytes).
    Removing kea128_adc.o(.revsh_text), (4 bytes).
    Removing kea128_adc.o(i.adc_stop), (12 bytes).
    Removing kea128_flash.o(.rev16_text), (4 bytes).
    Removing kea128_flash.o(.revsh_text), (4 bytes).
    Removing kea128_flash.o(i.FLASH_GetSectorSize), (6 bytes).
    Removing kea128_ftm.o(.rev16_text), (4 bytes).
    Removing kea128_ftm.o(.revsh_text), (4 bytes).
    Removing kea128_ftm.o(i.ftm_pwm_freq), (132 bytes).
    Removing kea128_gpio.o(.rev16_text), (4 bytes).
    Removing kea128_gpio.o(.revsh_text), (4 bytes).
    Removing kea128_gpio.o(i.gpio_ddr), (168 bytes).
    Removing kea128_gpio.o(i.gpio_turn), (52 bytes).
    Removing kea128_i2c.o(.rev16_text), (4 bytes).
    Removing kea128_i2c.o(.revsh_text), (4 bytes).
    Removing kea128_i2c.o(i.i2c_Wait), (156 bytes).
    Removing kea128_i2c.o(i.i2c_delay), (24 bytes).
    Removing kea128_i2c.o(i.i2c_init), (280 bytes).
    Removing kea128_i2c.o(i.i2c_read_reg), (188 bytes).
    Removing kea128_i2c.o(i.i2c_read_reg_bytes), (280 bytes).
    Removing kea128_i2c.o(i.i2c_write_reg), (104 bytes).
    Removing kea128_i2c.o(.constdata), (128 bytes).
    Removing kea128_i2c.o(.data), (12 bytes).
    Removing kea128_irq.o(.rev16_text), (4 bytes).
    Removing kea128_irq.o(.revsh_text), (4 bytes).
    Removing kea128_irq.o(i.irq_init), (52 bytes).
    Removing kea128_kbi.o(.rev16_text), (4 bytes).
    Removing kea128_kbi.o(.revsh_text), (4 bytes).
    Removing kea128_kbi.o(i.kbi_init), (248 bytes).
    Removing kea128_kbi.o(.data), (8 bytes).
    Removing kea128_pit.o(.rev16_text), (4 bytes).
    Removing kea128_pit.o(.revsh_text), (4 bytes).
    Removing kea128_pit.o(i.pit_close), (48 bytes).
    Removing kea128_pit.o(i.pit_delay), (128 bytes).
    Removing kea128_pit.o(i.pit_time_get), (88 bytes).
    Removing kea128_pit.o(i.pit_time_start), (88 bytes).
    Removing kea128_port.o(.rev16_text), (4 bytes).
    Removing kea128_port.o(.revsh_text), (4 bytes).
    Removing kea128_spi.o(.rev16_text), (4 bytes).
    Removing kea128_spi.o(.revsh_text), (4 bytes).
    Removing kea128_spi.o(i.spi_init), (308 bytes).
    Removing kea128_spi.o(i.spi_mosi), (96 bytes).
    Removing kea128_spi.o(i.spi_mosi_cmd), (44 bytes).
    Removing kea128_spi.o(.constdata), (36 bytes).
    Removing kea128_spi.o(.data), (8 bytes).
    Removing kea128_systick.o(.rev16_text), (4 bytes).
    Removing kea128_systick.o(.revsh_text), (4 bytes).
    Removing kea128_systick.o(i.systick_getval), (12 bytes).
    Removing kea128_systick.o(i.systick_timing), (24 bytes).
    Removing kea128_uart.o(.rev16_text), (4 bytes).
    Removing kea128_uart.o(.revsh_text), (4 bytes).
    Removing kea128_uart.o(i.NVIC_DisableIRQ), (20 bytes).
    Removing kea128_uart.o(i.NVIC_EnableIRQ), (20 bytes).
    Removing kea128_uart.o(i.fputc), (18 bytes).
    Removing kea128_uart.o(i.uart_getchar), (36 bytes).
    Removing kea128_uart.o(i.uart_putbuff), (30 bytes).
    Removing kea128_uart.o(i.uart_putchar), (32 bytes).
    Removing kea128_uart.o(i.uart_putstr), (26 bytes).
    Removing kea128_uart.o(i.uart_rx_irq_dis), (56 bytes).
    Removing kea128_uart.o(i.uart_rx_irq_en), (40 bytes).
    Removing kea128_uart.o(i.uart_txc_irq_dis), (56 bytes).
    Removing kea128_uart.o(i.uart_txc_irq_en), (40 bytes).
    Removing misc.o(.rev16_text), (4 bytes).
    Removing misc.o(.revsh_text), (4 bytes).
    Removing misc.o(i.write_vtor), (12 bytes).
    Removing system_skeaz1284.o(.rev16_text), (4 bytes).
    Removing system_skeaz1284.o(.revsh_text), (4 bytes).
    Removing startup_skeaz1284.o(HEAP), (2048 bytes).
    Removing oled.o(.rev16_text), (4 bytes).
    Removing oled.o(.revsh_text), (4 bytes).
    Removing oled.o(i.Cache_OLED_P6x8Num_0X), (112 bytes).
    Removing oled.o(i.Cache_OLED_P6x8byte_inverse), (88 bytes).
    Removing oled.o(i.Draw_BMP), (74 bytes).
    Removing oled.o(i.Draw_LOGO), (24 bytes).
    Removing oled.o(i.OLED_CLS_Y), (46 bytes).
    Removing oled.o(i.OLED_P14x16Str), (252 bytes).
    Removing oled.o(i.OLED_P6x8Num), (112 bytes).
    Removing oled.o(i.OLED_P6x8byte_inverse), (92 bytes).
    Removing oled.o(i.OLED_P6x8floatNum), (132 bytes).
    Removing oled.o(i.OLED_P8x16Str), (140 bytes).
    Removing oled.o(i.OLED_P8x16floatNum), (176 bytes).
    Removing oled.o(i.OLED_Print), (96 bytes).
    Removing oled.o(i.OLED_PutPixel), (74 bytes).
    Removing oled.o(i.OLED_Rectangle), (128 bytes).
    Removing oled.o(i.getx), (12 bytes).
    Removing oled.o(i.gety), (12 bytes).
    Removing myflash.o(.rev16_text), (4 bytes).
    Removing myflash.o(.revsh_text), (4 bytes).
    Removing motor.o(.rev16_text), (4 bytes).
    Removing motor.o(.revsh_text), (4 bytes).
    Removing sensor.o(.rev16_text), (4 bytes).
    Removing sensor.o(.revsh_text), (4 bytes).
    Removing sensor.o(i.find_max_ad), (56 bytes).
    Removing car_key.o(.rev16_text), (4 bytes).
    Removing car_key.o(.revsh_text), (4 bytes).
    Removing car_key.o(i.Key_Inquire_GD), (12 bytes).
    Removing control.o(.rev16_text), (4 bytes).
    Removing control.o(.revsh_text), (4 bytes).
    Removing control.o(i.speed_control), (420 bytes).
    Removing encode.o(.rev16_text), (4 bytes).
    Removing encode.o(.revsh_text), (4 bytes).
    Removing ano_dt.o(.rev16_text), (4 bytes).
    Removing ano_dt.o(.revsh_text), (4 bytes).
    Removing ano_dt.o(i.ANO_DT_Data_Exchange), (324 bytes).
    Removing ano_dt.o(i.ANO_DT_Data_Receive_Anl), (160 bytes).
    Removing ano_dt.o(i.ANO_DT_Send_Check), (68 bytes).
    Removing ano_dt.o(i.ANO_DT_Send_Data), (18 bytes).
    Removing ano_dt.o(i.ANO_DT_Send_MotoPWM), (304 bytes).
    Removing ano_dt.o(i.ANO_DT_Send_PID), (512 bytes).
    Removing ano_dt.o(i.ANO_DT_Send_Power), (148 bytes).
    Removing ano_dt.o(i.ANO_DT_Send_Senser), (372 bytes).
    Removing ano_dt.o(i.ANO_DT_Send_Status), (316 bytes).
    Removing ano_dt.o(.bss), (63 bytes).
    Removing ano_dt.o(.data), (6 bytes).
    Removing debug.o(.rev16_text), (4 bytes).
    Removing debug.o(.revsh_text), (4 bytes).
    Removing debug.o(i.vcan_sendware), (60 bytes).
    Removing myui.o(.rev16_text), (4 bytes).
    Removing myui.o(.revsh_text), (4 bytes).
    Removing myui.o(i.ChangeFlagVal), (44 bytes).
    Removing isr.o(.rev16_text), (4 bytes).
    Removing isr.o(.revsh_text), (4 bytes).
    Removing main.o(.rev16_text), (4 bytes).
    Removing main.o(.revsh_text), (4 bytes).

126 unused section(s) (total 9833 bytes) removed from the image.

==============================================================================

Image Symbol Table

    Local Symbols

    Symbol Name                              Value     Ov Type        Size  Object(Section)

    RESET                                    0x00000000   Section      192  startup_skeaz1284.o(RESET)
    ../clib/microlib/division.c              0x00000000   Number         0  idiv.o ABSOLUTE
    ../clib/microlib/division.c              0x00000000   Number         0  uldiv.o ABSOLUTE
    ../clib/microlib/division.c              0x00000000   Number         0  uidiv.o ABSOLUTE
    ../clib/microlib/init/entry.s            0x00000000   Number         0  entry7b.o ABSOLUTE
    ../clib/microlib/init/entry.s            0x00000000   Number         0  entry.o ABSOLUTE
    ../clib/microlib/init/entry.s            0x00000000   Number         0  entry2.o ABSOLUTE
    ../clib/microlib/init/entry.s            0x00000000   Number         0  entry8a.o ABSOLUTE
    ../clib/microlib/init/entry.s            0x00000000   Number         0  entry5.o ABSOLUTE
    ../clib/microlib/init/entry.s            0x00000000   Number         0  entry11b.o ABSOLUTE
    ../clib/microlib/init/entry.s            0x00000000   Number         0  entry7a.o ABSOLUTE
    ../clib/microlib/init/entry.s            0x00000000   Number         0  entry8b.o ABSOLUTE
    ../clib/microlib/init/entry.s            0x00000000   Number         0  entry9a.o ABSOLUTE
    ../clib/microlib/init/entry.s            0x00000000   Number         0  entry9b.o ABSOLUTE
    ../clib/microlib/init/entry.s            0x00000000   Number         0  entry10a.o ABSOLUTE
    ../clib/microlib/init/entry.s            0x00000000   Number         0  entry10b.o ABSOLUTE
    ../clib/microlib/init/entry.s            0x00000000   Number         0  entry11a.o ABSOLUTE
    ../clib/microlib/longlong.c              0x00000000   Number         0  llshl.o ABSOLUTE
    ../clib/microlib/longlong.c              0x00000000   Number         0  llushr.o ABSOLUTE
    ../clib/microlib/longlong.c              0x00000000   Number         0  llsshr.o ABSOLUTE
    ../clib/microlib/printf/printf.c         0x00000000   Number         0  printf1.o ABSOLUTE
    ../clib/microlib/printf/printf.c         0x00000000   Number         0  printfb.o ABSOLUTE
    ../clib/microlib/printf/printf.c         0x00000000   Number         0  printf0.o ABSOLUTE
    ../clib/microlib/printf/printf.c         0x00000000   Number         0  printf7.o ABSOLUTE
    ../clib/microlib/printf/printf.c         0x00000000   Number         0  printfa.o ABSOLUTE
    ../clib/microlib/printf/printf.c         0x00000000   Number         0  printf8.o ABSOLUTE
    ../clib/microlib/printf/printf.c         0x00000000   Number         0  printf6.o ABSOLUTE
    ../clib/microlib/printf/printf.c         0x00000000   Number         0  printf4.o ABSOLUTE
    ../clib/microlib/printf/printf.c         0x00000000   Number         0  printf3.o ABSOLUTE
    ../clib/microlib/printf/printf.c         0x00000000   Number         0  printf2.o ABSOLUTE
    ../clib/microlib/printf/printf.c         0x00000000   Number         0  printf5.o ABSOLUTE
    ../clib/microlib/printf/stubs.s          0x00000000   Number         0  stubs.o ABSOLUTE
    ../clib/microlib/stdio/streams.c         0x00000000   Number         0  stdout.o ABSOLUTE
    ../clib/microlib/string/memcpy.c         0x00000000   Number         0  memcpyb.o ABSOLUTE
    ../clib/microlib/string/memcpy.c         0x00000000   Number         0  memcpya.o ABSOLUTE
    ../clib/microlib/string/memset.c         0x00000000   Number         0  memseta.o ABSOLUTE
    ../clib/microlib/stubs.s                 0x00000000   Number         0  iusefp.o ABSOLUTE
    ../fplib/microlib/d2f.c                  0x00000000   Number         0  d2f.o ABSOLUTE
    ../fplib/microlib/f2d.c                  0x00000000   Number         0  f2d.o ABSOLUTE
    ../fplib/microlib/fpadd.c                0x00000000   Number         0  dadd.o ABSOLUTE
    ../fplib/microlib/fpadd.c                0x00000000   Number         0  fadd.o ABSOLUTE
    ../fplib/microlib/fpdiv.c                0x00000000   Number         0  ddiv.o ABSOLUTE
    ../fplib/microlib/fpdiv.c                0x00000000   Number         0  fdiv.o ABSOLUTE
    ../fplib/microlib/fpepilogue.c           0x00000000   Number         0  depilogue.o ABSOLUTE
    ../fplib/microlib/fpepilogue.c           0x00000000   Number         0  fepilogue.o ABSOLUTE
    ../fplib/microlib/fpfix.c                0x00000000   Number         0  ffixi.o ABSOLUTE
    ../fplib/microlib/fpfix.c                0x00000000   Number         0  ffixui.o ABSOLUTE
    ../fplib/microlib/fpfix.c                0x00000000   Number         0  dfixi.o ABSOLUTE
    ../fplib/microlib/fpfix.c                0x00000000   Number         0  dfixui.o ABSOLUTE
    ../fplib/microlib/fpfix.c                0x00000000   Number         0  dfixul.o ABSOLUTE
    ../fplib/microlib/fpflt.c                0x00000000   Number         0  ffltui.o ABSOLUTE
    ../fplib/microlib/fpflt.c                0x00000000   Number         0  fflti.o ABSOLUTE
    ../fplib/microlib/fpflt.c                0x00000000   Number         0  dflti.o ABSOLUTE
    ../fplib/microlib/fpflt.c                0x00000000   Number         0  dfltui.o ABSOLUTE
    ../fplib/microlib/fpmul.c                0x00000000   Number         0  fmul.o ABSOLUTE
    ../fplib/microlib/fpmul.c                0x00000000   Number         0  dmul.o ABSOLUTE
    ..\..\..\software\Car\Car_Key.c          0x00000000   Number         0  car_key.o ABSOLUTE
    ..\..\..\software\Car\Debug.c            0x00000000   Number         0  debug.o ABSOLUTE
    ..\..\..\software\Car\control.c          0x00000000   Number         0  control.o ABSOLUTE
    ..\..\..\software\Car\encode.c           0x00000000   Number         0  encode.o ABSOLUTE
    ..\..\..\software\Car\motor.c            0x00000000   Number         0  motor.o ABSOLUTE
    ..\..\..\software\Car\sensor.c           0x00000000   Number         0  sensor.o ABSOLUTE
    ..\..\..\software\Debug\ANO_DT.c         0x00000000   Number         0  ano_dt.o ABSOLUTE
    ..\..\..\software\Debug\MYUI.c           0x00000000   Number         0  myui.o ABSOLUTE
    ..\..\..\software\Debug\UI.c             0x00000000   Number         0  ui.o ABSOLUTE
    ..\..\..\software\Libraries\drives\src\KEA128_adc.c 0x00000000   Number         0  kea128_adc.o ABSOLUTE
    ..\..\..\software\Libraries\drives\src\KEA128_flash.c 0x00000000   Number         0  kea128_flash.o ABSOLUTE
    ..\..\..\software\Libraries\drives\src\KEA128_ftm.c 0x00000000   Number         0  kea128_ftm.o ABSOLUTE
    ..\..\..\software\Libraries\drives\src\KEA128_gpio.c 0x00000000   Number         0  kea128_gpio.o ABSOLUTE
    ..\..\..\software\Libraries\drives\src\KEA128_i2c.c 0x00000000   Number         0  kea128_i2c.o ABSOLUTE
    ..\..\..\software\Libraries\drives\src\KEA128_irq.c 0x00000000   Number         0  kea128_irq.o ABSOLUTE
    ..\..\..\software\Libraries\drives\src\KEA128_kbi.c 0x00000000   Number         0  kea128_kbi.o ABSOLUTE
    ..\..\..\software\Libraries\drives\src\KEA128_pit.c 0x00000000   Number         0  kea128_pit.o ABSOLUTE
    ..\..\..\software\Libraries\drives\src\KEA128_port.c 0x00000000   Number         0  kea128_port.o ABSOLUTE
    ..\..\..\software\Libraries\drives\src\KEA128_spi.c 0x00000000   Number         0  kea128_spi.o ABSOLUTE
    ..\..\..\software\Libraries\drives\src\KEA128_systick.c 0x00000000   Number         0  kea128_systick.o ABSOLUTE
    ..\..\..\software\Libraries\drives\src\KEA128_uart.c 0x00000000   Number         0  kea128_uart.o ABSOLUTE
    ..\..\..\software\Libraries\drives\src\common.c 0x00000000   Number         0  common.o ABSOLUTE
    ..\..\..\software\Libraries\drives\src\misc.c 0x00000000   Number         0  misc.o ABSOLUTE
    ..\..\..\software\Libraries\startup\DeviceSupport\MDK-ARM\startup_SKEAZ1284.s 0x00000000   Number         0  startup_skeaz1284.o ABSOLUTE
    ..\..\..\software\Libraries\startup\DeviceSupport\system_SKEAZ1284.c 0x00000000   Number         0  system_skeaz1284.o ABSOLUTE
    ..\..\..\software\Module\Myflash.c       0x00000000   Number         0  myflash.o ABSOLUTE
    ..\..\..\software\Module\OLED.c          0x00000000   Number         0  oled.o ABSOLUTE
    ..\USER\src\isr.c                        0x00000000   Number         0  isr.o ABSOLUTE
    ..\USER\src\main.c                       0x00000000   Number         0  main.o ABSOLUTE
    ..\\..\\..\\software\\Car\\Car_Key.c     0x00000000   Number         0  car_key.o ABSOLUTE
    ..\\..\\..\\software\\Car\\Debug.c       0x00000000   Number         0  debug.o ABSOLUTE
    ..\\..\\..\\software\\Car\\control.c     0x00000000   Number         0  control.o ABSOLUTE
    ..\\..\\..\\software\\Car\\encode.c      0x00000000   Number         0  encode.o ABSOLUTE
    ..\\..\\..\\software\\Car\\motor.c       0x00000000   Number         0  motor.o ABSOLUTE
    ..\\..\\..\\software\\Car\\sensor.c      0x00000000   Number         0  sensor.o ABSOLUTE
    ..\\..\\..\\software\\Debug\\ANO_DT.c    0x00000000   Number         0  ano_dt.o ABSOLUTE
    ..\\..\\..\\software\\Debug\\MYUI.c      0x00000000   Number         0  myui.o ABSOLUTE
    ..\\..\\..\\software\\Libraries\\drives\\src\\KEA128_adc.c 0x00000000   Number         0  kea128_adc.o ABSOLUTE
    ..\\..\\..\\software\\Libraries\\drives\\src\\KEA128_flash.c 0x00000000   Number         0  kea128_flash.o ABSOLUTE
    ..\\..\\..\\software\\Libraries\\drives\\src\\KEA128_ftm.c 0x00000000   Number         0  kea128_ftm.o ABSOLUTE
    ..\\..\\..\\software\\Libraries\\drives\\src\\KEA128_gpio.c 0x00000000   Number         0  kea128_gpio.o ABSOLUTE
    ..\\..\\..\\software\\Libraries\\drives\\src\\KEA128_i2c.c 0x00000000   Number         0  kea128_i2c.o ABSOLUTE
    ..\\..\\..\\software\\Libraries\\drives\\src\\KEA128_irq.c 0x00000000   Number         0  kea128_irq.o ABSOLUTE
    ..\\..\\..\\software\\Libraries\\drives\\src\\KEA128_kbi.c 0x00000000   Number         0  kea128_kbi.o ABSOLUTE
    ..\\..\\..\\software\\Libraries\\drives\\src\\KEA128_pit.c 0x00000000   Number         0  kea128_pit.o ABSOLUTE
    ..\\..\\..\\software\\Libraries\\drives\\src\\KEA128_port.c 0x00000000   Number         0  kea128_port.o ABSOLUTE
    ..\\..\\..\\software\\Libraries\\drives\\src\\KEA128_spi.c 0x00000000   Number         0  kea128_spi.o ABSOLUTE
    ..\\..\\..\\software\\Libraries\\drives\\src\\KEA128_systick.c 0x00000000   Number         0  kea128_systick.o ABSOLUTE
    ..\\..\\..\\software\\Libraries\\drives\\src\\KEA128_uart.c 0x00000000   Number         0  kea128_uart.o ABSOLUTE
    ..\\..\\..\\software\\Libraries\\drives\\src\\common.c 0x00000000   Number         0  common.o ABSOLUTE
    ..\\..\\..\\software\\Libraries\\drives\\src\\misc.c 0x00000000   Number         0  misc.o ABSOLUTE
    ..\\..\\..\\software\\Libraries\\startup\\DeviceSupport\\system_SKEAZ1284.c 0x00000000   Number         0  system_skeaz1284.o ABSOLUTE
    ..\\..\\..\\software\\Module\\Myflash.c  0x00000000   Number         0  myflash.o ABSOLUTE
    ..\\..\\..\\software\\Module\\OLED.c     0x00000000   Number         0  oled.o ABSOLUTE
    ..\\USER\\src\\isr.c                     0x00000000   Number         0  isr.o ABSOLUTE
    ..\\USER\\src\\main.c                    0x00000000   Number         0  main.o ABSOLUTE
    cdrcmple.s                               0x00000000   Number         0  cdrcmple.o ABSOLUTE
    cfcmple.s                                0x00000000   Number         0  cfcmple.o ABSOLUTE
    cfrcmple.s                               0x00000000   Number         0  cfrcmple.o ABSOLUTE
    dc.s                                     0x00000000   Number         0  dc.o ABSOLUTE
    handlers.s                               0x00000000   Number         0  handlers.o ABSOLUTE
    init.s                                   0x00000000   Number         0  init.o ABSOLUTE
    .ARM.Collect$$$$00000000                 0x000000c0   Section        0  entry.o(.ARM.Collect$$$$00000000)
    .ARM.Collect$$$$00000001                 0x000000c0   Section        4  entry2.o(.ARM.Collect$$$$00000001)
    .ARM.Collect$$$$00000004                 0x000000c4   Section        4  entry5.o(.ARM.Collect$$$$00000004)
    .ARM.Collect$$$$00000008                 0x000000c8   Section        0  entry7b.o(.ARM.Collect$$$$00000008)
    .ARM.Collect$$$$0000000A                 0x000000c8   Section        0  entry8b.o(.ARM.Collect$$$$0000000A)
    .ARM.Collect$$$$0000000B                 0x000000c8   Section        8  entry9a.o(.ARM.Collect$$$$0000000B)
    .ARM.Collect$$$$0000000D                 0x000000d0   Section        0  entry10a.o(.ARM.Collect$$$$0000000D)
    .ARM.Collect$$$$0000000F                 0x000000d0   Section        0  entry11a.o(.ARM.Collect$$$$0000000F)
    .ARM.Collect$$$$00002712                 0x000000d0   Section        4  entry2.o(.ARM.Collect$$$$00002712)
    __lit__00000000                          0x000000d0   Data           4  entry2.o(.ARM.Collect$$$$00002712)
    .text                                    0x000000d4   Section       40  startup_skeaz1284.o(.text)
    .text                                    0x000000fc   Section        0  uidiv.o(.text)
    .text                                    0x00000128   Section        0  idiv.o(.text)
    .text                                    0x00000150   Section        0  memcpya.o(.text)
    .text                                    0x00000174   Section        0  memseta.o(.text)
    .text                                    0x00000198   Section        0  fadd.o(.text)
    .text                                    0x0000024a   Section        0  fmul.o(.text)
    .text                                    0x000002c4   Section        0  fdiv.o(.text)
    .text                                    0x00000340   Section        0  fflti.o(.text)
    .text                                    0x00000356   Section        0  ffltui.o(.text)
    .text                                    0x00000364   Section        0  dflti.o(.text)
    .text                                    0x0000038c   Section        0  dfltui.o(.text)
    .text                                    0x000003a8   Section        0  ffixi.o(.text)
    .text                                    0x000003dc   Section       20  cfcmple.o(.text)
    .text                                    0x000003f0   Section        0  iusefp.o(.text)
    i.Key_Inquire_data                       0x000003f0   Section        0  car_key.o(i.Key_Inquire_data)
    i.__scatterload_null                     0x000003fc   Section        2  handlers.o(i.__scatterload_null)
    i.time_20ms_serve                        0x000003fe   Section        0  main.o(i.time_20ms_serve)
    .ARM.__at_0x400                          0x00000400   Section       16  startup_skeaz1284.o(.ARM.__at_0x400)
    .text                                    0x00000410   Section        0  dadd.o(.text)
    .text                                    0x00000574   Section        0  dmul.o(.text)
    .text                                    0x00000644   Section        0  ddiv.o(.text)
    .text                                    0x00000734   Section        0  ffixui.o(.text)
    .text                                    0x0000075c   Section        0  dfixi.o(.text)
    .text                                    0x000007a4   Section        0  dfixui.o(.text)
    .text                                    0x000007e0   Section        0  f2d.o(.text)
    .text                                    0x00000808   Section       40  cdrcmple.o(.text)
    .text                                    0x00000830   Section        0  d2f.o(.text)
    .text                                    0x00000868   Section       20  cfrcmple.o(.text)
    .text                                    0x0000087c   Section        0  uldiv.o(.text)
    .text                                    0x000008dc   Section        0  llshl.o(.text)
    .text                                    0x000008fc   Section        0  llushr.o(.text)
    .text                                    0x0000091e   Section        0  llsshr.o(.text)
    .text                                    0x00000944   Section        0  fepilogue.o(.text)
    .text                                    0x000009c6   Section        0  depilogue.o(.text)
    .text                                    0x00000a84   Section        0  dfixul.o(.text)
    .text                                    0x00000ac4   Section       36  init.o(.text)
    i.Cache_OLED_P6x8Num                     0x00000ae8   Section        0  oled.o(i.Cache_OLED_P6x8Num)
    i.Cache_OLED_P6x8Str                     0x00000b58   Section        0  oled.o(i.Cache_OLED_P6x8Str)
    i.Cache_OLED_P6x8floatNum                0x00000bb4   Section        0  oled.o(i.Cache_OLED_P6x8floatNum)
    i.Cache_OLED_Rectangle                   0x00000c3c   Section        0  oled.o(i.Cache_OLED_Rectangle)
    i.Cache_OLED_Set_Pos                     0x00000d58   Section        0  oled.o(i.Cache_OLED_Set_Pos)
    i.Cache_OLED_WriteData                   0x00000d6c   Section        0  oled.o(i.Cache_OLED_WriteData)
    i.Cache_OLED_printf                      0x00000db8   Section        0  oled.o(i.Cache_OLED_printf)
    i.Cache_Update_OLED                      0x00000df4   Section        0  oled.o(i.Cache_Update_OLED)
    i.Car_Gather_Data_Key                    0x00000e34   Section        0  car_key.o(i.Car_Gather_Data_Key)
    i.ChangeParameterVal                     0x00000fb0   Section        0  myui.o(i.ChangeParameterVal)
    i.Change_Main_menu                       0x000011f0   Section        0  myui.o(i.Change_Main_menu)
    i.Change_UI                              0x000012a8   Section        0  myui.o(i.Change_UI)
    i.ConfigParameterCore                    0x00001340   Section        0  myui.o(i.ConfigParameterCore)
    i.FLASH_EraseSector                      0x000017b4   Section        0  kea128_flash.o(i.FLASH_EraseSector)
    i.FLASH_Init                             0x000017e4   Section        0  kea128_flash.o(i.FLASH_Init)
    i.FLASH_WriteSector                      0x00001830   Section        0  kea128_flash.o(i.FLASH_WriteSector)
    i.FlashCmdStart                          0x000018a0   Section        0  kea128_flash.o(i.FlashCmdStart)
    i.IRQ_IRQHandler                         0x000018dc   Section        0  isr.o(i.IRQ_IRQHandler)
    i.KBI0_IRQHandler                        0x000018f0   Section        0  isr.o(i.KBI0_IRQHandler)
    i.Key_Message_Init                       0x00001904   Section        0  car_key.o(i.Key_Message_Init)
    i.Left_Motor_menu                        0x00001ac4   Section        0  myui.o(i.Left_Motor_menu)
    i.NVIC_SetPriority                       0x00001be8   Section        0  main.o(i.NVIC_SetPriority)
    NVIC_SetPriority                         0x00001be9   Thumb Code   110  main.o(i.NVIC_SetPriority)
    i.OLED_CLS                               0x00001c60   Section        0  oled.o(i.OLED_CLS)
    i.OLED_ConfigParameter                   0x00001c98   Section        0  myui.o(i.OLED_ConfigParameter)
    i.OLED_DLY_ms                            0x00001ce4   Section        0  oled.o(i.OLED_DLY_ms)
    OLED_DLY_ms                              0x00001ce5   Thumb Code    26  oled.o(i.OLED_DLY_ms)
    i.OLED_Fill                              0x00001d04   Section        0  oled.o(i.OLED_Fill)
    i.OLED_Init                              0x00001d3e   Section        0  oled.o(i.OLED_Init)
    i.OLED_P6x8Str                           0x00001e60   Section        0  oled.o(i.OLED_P6x8Str)
    i.OLED_Set_Pos                           0x00001ec4   Section        0  oled.o(i.OLED_Set_Pos)
    OLED_Set_Pos                             0x00001ec5   Thumb Code    46  oled.o(i.OLED_Set_Pos)
    i.OLED_WriteCmd                          0x00001ef2   Section        0  oled.o(i.OLED_WriteCmd)
    OLED_WriteCmd                            0x00001ef3   Thumb Code    82  oled.o(i.OLED_WriteCmd)
    i.OLED_WriteData                         0x00001f44   Section        0  oled.o(i.OLED_WriteData)
    OLED_WriteData                           0x00001f45   Thumb Code    82  oled.o(i.OLED_WriteData)
    i.PIT_CH0_IRQHandler                     0x00001f98   Section        0  isr.o(i.PIT_CH0_IRQHandler)
    i.Read_Left_motor                        0x0000202c   Section        0  myflash.o(i.Read_Left_motor)
    i.Read_Right_motor                       0x000020c0   Section        0  myflash.o(i.Read_Right_motor)
    i.Read_Servo                             0x0000215c   Section        0  myflash.o(i.Read_Servo)
    i.Read_Speed                             0x00002220   Section        0  myflash.o(i.Read_Speed)
    i.Right_Motor_menu                       0x00002284   Section        0  myui.o(i.Right_Motor_menu)
    i.Save_Left_motor                        0x000023a8   Section        0  myflash.o(i.Save_Left_motor)
    i.Save_Right_motor                       0x0000244c   Section        0  myflash.o(i.Save_Right_motor)
    i.Save_Servo                             0x000024f4   Section        0  myflash.o(i.Save_Servo)
    i.Save_Speed                             0x000025c4   Section        0  myflash.o(i.Save_Speed)
    i.Servo_menu                             0x00002648   Section        0  myui.o(i.Servo_menu)
    i.Show_Left_Motor_PID                    0x0000278c   Section        0  myui.o(i.Show_Left_Motor_PID)
    i.Show_Main_menu                         0x00002890   Section        0  myui.o(i.Show_Main_menu)
    i.Show_Right_Motor_PID                   0x00002950   Section        0  myui.o(i.Show_Right_Motor_PID)
    i.Show_Servo_PID                         0x00002a5c   Section        0  myui.o(i.Show_Servo_PID)
    i.Show_UI                                0x00002bc0   Section        0  myui.o(i.Show_UI)
    i.Show_speed                             0x00002c98   Section        0  myui.o(i.Show_speed)
    i.Speed_menu                             0x00002df8   Section        0  myui.o(i.Speed_menu)
    i.Start                                  0x00002f6c   Section        0  system_skeaz1284.o(i.Start)
    i.__0snprintf                            0x00002fc4   Section        0  printfa.o(i.__0snprintf)
    i.__0sprintf                             0x00002ff8   Section        0  printfa.o(i.__0sprintf)
    i.__0vsprintf                            0x00003020   Section        0  printfa.o(i.__0vsprintf)
    i.__ARM_clz                              0x00003044   Section        0  depilogue.o(i.__ARM_clz)
    i.__ARM_common_switch8                   0x00003072   Section        0  kea128_ftm.o(i.__ARM_common_switch8)
    i.__scatterload_copy                     0x0000308e   Section       14  handlers.o(i.__scatterload_copy)
    i.__scatterload_zeroinit                 0x0000309c   Section       14  handlers.o(i.__scatterload_zeroinit)
    i._fp_digits                             0x000030ac   Section        0  printfa.o(i._fp_digits)
    _fp_digits                               0x000030ad   Thumb Code   344  printfa.o(i._fp_digits)
    i._printf_core                           0x00003220   Section        0  printfa.o(i._printf_core)
    _printf_core                             0x00003221   Thumb Code  1754  printfa.o(i._printf_core)
    i._printf_post_padding                   0x0000390c   Section        0  printfa.o(i._printf_post_padding)
    _printf_post_padding                     0x0000390d   Thumb Code    32  printfa.o(i._printf_post_padding)
    i._printf_pre_padding                    0x0000392c   Section        0  printfa.o(i._printf_pre_padding)
    _printf_pre_padding                      0x0000392d   Thumb Code    44  printfa.o(i._printf_pre_padding)
    i._snputc                                0x00003958   Section        0  printfa.o(i._snputc)
    _snputc                                  0x00003959   Thumb Code    22  printfa.o(i._snputc)
    i._sputc                                 0x0000396e   Section        0  printfa.o(i._sputc)
    _sputc                                   0x0000396f   Thumb Code    10  printfa.o(i._sputc)
    i.ad_init                                0x00003978   Section        0  sensor.o(i.ad_init)
    i.adc_init                               0x000039a8   Section        0  kea128_adc.o(i.adc_init)
    i.adc_once                               0x000039d0   Section        0  kea128_adc.o(i.adc_once)
    i.control                                0x00003a08   Section        0  control.o(i.control)
    i.deal_sensor                            0x00003b8c   Section        0  sensor.o(i.deal_sensor)
    i.disable_wdog                           0x00003ce4   Section        0  system_skeaz1284.o(i.disable_wdog)
    i.encode_init                            0x00003cfc   Section        0  encode.o(i.encode_init)
    i.ftm_count_clean                        0x00003d2c   Section        0  kea128_ftm.o(i.ftm_count_clean)
    i.ftm_count_get                          0x00003d3c   Section        0  kea128_ftm.o(i.ftm_count_get)
    i.ftm_count_init                         0x00003d50   Section        0  kea128_ftm.o(i.ftm_count_init)
    i.ftm_count_mux                          0x00003d8c   Section        0  kea128_ftm.o(i.ftm_count_mux)
    i.ftm_pwm_duty                           0x00003e3c   Section        0  kea128_ftm.o(i.ftm_pwm_duty)
    i.ftm_pwm_init                           0x00003eb8   Section        0  kea128_ftm.o(i.ftm_pwm_init)
    i.ftm_pwm_mux                            0x00003fdc   Section        0  kea128_ftm.o(i.ftm_pwm_mux)
    i.get_adc_int_value                      0x00004104   Section        0  sensor.o(i.get_adc_int_value)
    i.get_clk                                0x00004328   Section        0  common.o(i.get_clk)
    i.get_num                                0x000043f4   Section        0  encode.o(i.get_num)
    i.gpio_get                               0x00004458   Section        0  kea128_gpio.o(i.gpio_get)
    i.gpio_init                              0x00004484   Section        0  kea128_gpio.o(i.gpio_init)
    i.gpio_set                               0x00004560   Section        0  kea128_gpio.o(i.gpio_set)
    i.main                                   0x000045a8   Section        0  main.o(i.main)
    i.motor_init                             0x00004708   Section        0  motor.o(i.motor_init)
    i.motor_pid_caculate                     0x00004748   Section        0  control.o(i.motor_pid_caculate)
    i.motor_set                              0x00004970   Section        0  motor.o(i.motor_set)
    i.pit_init                               0x00004a30   Section        0  kea128_pit.o(i.pit_init)
    i.port_pull                              0x00004a88   Section        0  kea128_port.o(i.port_pull)
    i.servo_pid_caculate                     0x00004ad8   Section        0  control.o(i.servo_pid_caculate)
    i.show_8_L                               0x00004c90   Section        0  myui.o(i.show_8_L)
    i.show_Histogram                         0x00004cec   Section        0  myui.o(i.show_Histogram)
    i.show_one_sensor                        0x00004df4   Section        0  myui.o(i.show_one_sensor)
    i.show_sensor                            0x00004e64   Section        0  myui.o(i.show_sensor)
    i.systick_delay                          0x00004fa8   Section        0  kea128_systick.o(i.systick_delay)
    i.systick_delay_ms                       0x00004fd8   Section        0  kea128_systick.o(i.systick_delay_ms)
    i.time_10ms_serve                        0x00004ff4   Section        0  main.o(i.time_10ms_serve)
    i.time_5ms_serve                         0x00005070   Section        0  main.o(i.time_5ms_serve)
    i.uart_init                              0x00005074   Section        0  kea128_uart.o(i.uart_init)
    i.uart_mux                               0x0000512c   Section        0  kea128_uart.o(i.uart_mux)
    i.update_1cm_error                       0x0000519c   Section        0  sensor.o(i.update_1cm_error)
    .constdata                               0x0000520c   Section       22  common.o(.constdata)
    .constdata                               0x00005224   Section       12  kea128_ftm.o(.constdata)
    FTMX                                     0x00005224   Data          12  kea128_ftm.o(.constdata)
    .constdata                               0x00005230   Section       12  kea128_gpio.o(.constdata)
    GPIOX                                    0x00005230   Data          12  kea128_gpio.o(.constdata)
    .constdata                               0x0000523c   Section     3283  oled.o(.constdata)
    .data                                    0x20000000   Section       16  common.o(.data)
    .data                                    0x20000010   Section       20  kea128_flash.o(.data)
    .data                                    0x20000024   Section        6  kea128_ftm.o(.data)
    .data                                    0x2000002c   Section       12  kea128_uart.o(.data)
    .data                                    0x20000038   Section        2  oled.o(.data)
    .data                                    0x2000003c   Section       28  sensor.o(.data)
    .data                                    0x20000058   Section       12  car_key.o(.data)
    .data                                    0x20000064   Section       17  control.o(.data)
    .data                                    0x20000075   Section        2  encode.o(.data)
    .data                                    0x20000077   Section        7  myui.o(.data)
    .data                                    0x20000080   Section       53  main.o(.data)
    .bss                                     0x200000b8   Section     1024  oled.o(.bss)
    .bss                                     0x200004b8   Section      800  sensor.o(.bss)
    voltageList                              0x20000774   Data         100  sensor.o(.bss)
    .bss                                     0x200007d8   Section       12  car_key.o(.bss)
    .bss                                     0x200007e4   Section      504  control.o(.bss)
    STACK                                    0x200009e0   Section     4096  startup_skeaz1284.o(STACK)

    Global Symbols

    Symbol Name                              Value     Ov Type        Size  Object(Section)

    BuildAttributes$$THM_ISAv3M$S$PE$A:L22$X:L11$S22$IEEE1$IW$USESV6$~STKCKD$USESV7$~SHL$OTIME$ROPI$EBA8$MICROLIB$REQ8$PRES8$EABIv2 0x00000000   Number         0  anon$$obj.o ABSOLUTE
    __ARM_use_no_argv                        0x00000000   Number         0  main.o ABSOLUTE
    __Vectors                                0x00000000   Data           4  startup_skeaz1284.o(RESET)
    _printf_a                                0x00000000   Number         0  stubs.o ABSOLUTE
    _printf_c                                0x00000000   Number         0  stubs.o ABSOLUTE
    _printf_charcount                        0x00000000   Number         0  stubs.o ABSOLUTE
    _printf_d                                0x00000000   Number         0  stubs.o ABSOLUTE
    _printf_e                                0x00000000   Number         0  stubs.o ABSOLUTE
    _printf_f                                0x00000000   Number         0  stubs.o ABSOLUTE
    _printf_flags                            0x00000000   Number         0  stubs.o ABSOLUTE
    _printf_fp_dec                           0x00000000   Number         0  stubs.o ABSOLUTE
    _printf_fp_hex                           0x00000000   Number         0  stubs.o ABSOLUTE
    _printf_g                                0x00000000   Number         0  stubs.o ABSOLUTE
    _printf_i                                0x00000000   Number         0  stubs.o ABSOLUTE
    _printf_int_dec                          0x00000000   Number         0  stubs.o ABSOLUTE
    _printf_l                                0x00000000   Number         0  stubs.o ABSOLUTE
    _printf_lc                               0x00000000   Number         0  stubs.o ABSOLUTE
    _printf_ll                               0x00000000   Number         0  stubs.o ABSOLUTE
    _printf_lld                              0x00000000   Number         0  stubs.o ABSOLUTE
    _printf_lli                              0x00000000   Number         0  stubs.o ABSOLUTE
    _printf_llo                              0x00000000   Number         0  stubs.o ABSOLUTE
    _printf_llu                              0x00000000   Number         0  stubs.o ABSOLUTE
    _printf_llx                              0x00000000   Number         0  stubs.o ABSOLUTE
    _printf_longlong_dec                     0x00000000   Number         0  stubs.o ABSOLUTE
    _printf_longlong_hex                     0x00000000   Number         0  stubs.o ABSOLUTE
    _printf_longlong_oct                     0x00000000   Number         0  stubs.o ABSOLUTE
    _printf_ls                               0x00000000   Number         0  stubs.o ABSOLUTE
    _printf_mbtowc                           0x00000000   Number         0  stubs.o ABSOLUTE
    _printf_n                                0x00000000   Number         0  stubs.o ABSOLUTE
    _printf_o                                0x00000000   Number         0  stubs.o ABSOLUTE
    _printf_p                                0x00000000   Number         0  stubs.o ABSOLUTE
    _printf_percent                          0x00000000   Number         0  stubs.o ABSOLUTE
    _printf_pre_padding                      0x00000000   Number         0  stubs.o ABSOLUTE
    _printf_return_value                     0x00000000   Number         0  stubs.o ABSOLUTE
    _printf_s                                0x00000000   Number         0  stubs.o ABSOLUTE
    _printf_sizespec                         0x00000000   Number         0  stubs.o ABSOLUTE
    _printf_str                              0x00000000   Number         0  stubs.o ABSOLUTE
    _printf_truncate_signed                  0x00000000   Number         0  stubs.o ABSOLUTE
    _printf_truncate_unsigned                0x00000000   Number         0  stubs.o ABSOLUTE
    _printf_u                                0x00000000   Number         0  stubs.o ABSOLUTE
    _printf_wc                               0x00000000   Number         0  stubs.o ABSOLUTE
    _printf_wctomb                           0x00000000   Number         0  stubs.o ABSOLUTE
    _printf_widthprec                        0x00000000   Number         0  stubs.o ABSOLUTE
    _printf_x                                0x00000000   Number         0  stubs.o ABSOLUTE
    __cpp_initialize__aeabi_                  - Undefined Weak Reference
    __cxa_finalize                            - Undefined Weak Reference
    __decompress                              - Undefined Weak Reference
    _clock_init                               - Undefined Weak Reference
    _microlib_exit                            - Undefined Weak Reference
    __Vectors_End                            0x000000c0   Data           0  startup_skeaz1284.o(RESET)
    __Vectors_Size                           0x000000c0   Number         0  startup_skeaz1284.o ABSOLUTE
    __main                                   0x000000c1   Thumb Code     0  entry.o(.ARM.Collect$$$$00000000)
    _main_stk                                0x000000c1   Thumb Code     0  entry2.o(.ARM.Collect$$$$00000001)
    _main_scatterload                        0x000000c5   Thumb Code     0  entry5.o(.ARM.Collect$$$$00000004)
    __main_after_scatterload                 0x000000c9   Thumb Code     0  entry5.o(.ARM.Collect$$$$00000004)
    _main_clock                              0x000000c9   Thumb Code     0  entry7b.o(.ARM.Collect$$$$00000008)
    _main_cpp_init                           0x000000c9   Thumb Code     0  entry8b.o(.ARM.Collect$$$$0000000A)
    _main_init                               0x000000c9   Thumb Code     0  entry9a.o(.ARM.Collect$$$$0000000B)
    __rt_final_cpp                           0x000000d1   Thumb Code     0  entry10a.o(.ARM.Collect$$$$0000000D)
    __rt_final_exit                          0x000000d1   Thumb Code     0  entry11a.o(.ARM.Collect$$$$0000000F)
    init_data_bss                            0x000000d5   Thumb Code     2  startup_skeaz1284.o(.text)
    Reset_Handler                            0x000000d7   Thumb Code    12  startup_skeaz1284.o(.text)
    NMI_Handler                              0x000000e3   Thumb Code     2  startup_skeaz1284.o(.text)
    HardFault_Handler                        0x000000e5   Thumb Code     2  startup_skeaz1284.o(.text)
    SVC_Handler                              0x000000e7   Thumb Code     2  startup_skeaz1284.o(.text)
    PendSV_Handler                           0x000000e9   Thumb Code     2  startup_skeaz1284.o(.text)
    SysTick_Handler                          0x000000eb   Thumb Code     2  startup_skeaz1284.o(.text)
    ACMP0_IRQHandler                         0x000000ed   Thumb Code     0  startup_skeaz1284.o(.text)
    ACMP1_IRQHandler                         0x000000ed   Thumb Code     0  startup_skeaz1284.o(.text)
    ADC_IRQHandler                           0x000000ed   Thumb Code     0  startup_skeaz1284.o(.text)
    DefaultISR                               0x000000ed   Thumb Code     0  startup_skeaz1284.o(.text)
    FTM0_IRQHandler                          0x000000ed   Thumb Code     0  startup_skeaz1284.o(.text)
    FTM1_IRQHandler                          0x000000ed   Thumb Code     0  startup_skeaz1284.o(.text)
    FTM2_IRQHandler                          0x000000ed   Thumb Code     0  startup_skeaz1284.o(.text)
    FTMRE_IRQHandler                         0x000000ed   Thumb Code     0  startup_skeaz1284.o(.text)
    I2C0_IRQHandler                          0x000000ed   Thumb Code     0  startup_skeaz1284.o(.text)
    I2C1_IRQHandler                          0x000000ed   Thumb Code     0  startup_skeaz1284.o(.text)
    ICS_IRQHandler                           0x000000ed   Thumb Code     0  startup_skeaz1284.o(.text)
    KBI1_IRQHandler                          0x000000ed   Thumb Code     0  startup_skeaz1284.o(.text)
    MSCAN_RX_IRQHandler                      0x000000ed   Thumb Code     0  startup_skeaz1284.o(.text)
    MSCAN_TX_IRQHandler                      0x000000ed   Thumb Code     0  startup_skeaz1284.o(.text)
    PIT_CH1_IRQHandler                       0x000000ed   Thumb Code     0  startup_skeaz1284.o(.text)
    PMC_IRQHandler                           0x000000ed   Thumb Code     0  startup_skeaz1284.o(.text)
    PWT_IRQHandler                           0x000000ed   Thumb Code     0  startup_skeaz1284.o(.text)
    RTC_IRQHandler                           0x000000ed   Thumb Code     0  startup_skeaz1284.o(.text)
    Reserved16_IRQHandler                    0x000000ed   Thumb Code     0  startup_skeaz1284.o(.text)
    Reserved17_IRQHandler                    0x000000ed   Thumb Code     0  startup_skeaz1284.o(.text)
    Reserved18_IRQHandler                    0x000000ed   Thumb Code     0  startup_skeaz1284.o(.text)
    Reserved19_IRQHandler                    0x000000ed   Thumb Code     0  startup_skeaz1284.o(.text)
    Reserved20_IRQHandler                    0x000000ed   Thumb Code     0  startup_skeaz1284.o(.text)
    Reserved42_IRQHandler                    0x000000ed   Thumb Code     0  startup_skeaz1284.o(.text)
    SPI0_IRQHandler                          0x000000ed   Thumb Code     0  startup_skeaz1284.o(.text)
    SPI1_IRQHandler                          0x000000ed   Thumb Code     0  startup_skeaz1284.o(.text)
    UART0_IRQHandler                         0x000000ed   Thumb Code     0  startup_skeaz1284.o(.text)
    UART1_IRQHandler                         0x000000ed   Thumb Code     0  startup_skeaz1284.o(.text)
    UART2_IRQHandler                         0x000000ed   Thumb Code     0  startup_skeaz1284.o(.text)
    WDOG_IRQHandler                          0x000000ed   Thumb Code     0  startup_skeaz1284.o(.text)
    __aeabi_uidiv                            0x000000fd   Thumb Code     0  uidiv.o(.text)
    __aeabi_uidivmod                         0x000000fd   Thumb Code    44  uidiv.o(.text)
    __aeabi_idiv                             0x00000129   Thumb Code     0  idiv.o(.text)
    __aeabi_idivmod                          0x00000129   Thumb Code    40  idiv.o(.text)
    __aeabi_memcpy                           0x00000151   Thumb Code    36  memcpya.o(.text)
    __aeabi_memcpy4                          0x00000151   Thumb Code     0  memcpya.o(.text)
    __aeabi_memcpy8                          0x00000151   Thumb Code     0  memcpya.o(.text)
    __aeabi_memset                           0x00000175   Thumb Code    14  memseta.o(.text)
    __aeabi_memset4                          0x00000175   Thumb Code     0  memseta.o(.text)
    __aeabi_memset8                          0x00000175   Thumb Code     0  memseta.o(.text)
    __aeabi_memclr                           0x00000183   Thumb Code     4  memseta.o(.text)
    __aeabi_memclr4                          0x00000183   Thumb Code     0  memseta.o(.text)
    __aeabi_memclr8                          0x00000183   Thumb Code     0  memseta.o(.text)
    _memset$wrapper                          0x00000187   Thumb Code    18  memseta.o(.text)
    __aeabi_fadd                             0x00000199   Thumb Code   162  fadd.o(.text)
    __aeabi_fsub                             0x0000023b   Thumb Code     8  fadd.o(.text)
    __aeabi_frsub                            0x00000243   Thumb Code     8  fadd.o(.text)
    __aeabi_fmul                             0x0000024b   Thumb Code   122  fmul.o(.text)
    __aeabi_fdiv                             0x000002c5   Thumb Code   124  fdiv.o(.text)
    __aeabi_i2f                              0x00000341   Thumb Code    22  fflti.o(.text)
    __aeabi_ui2f                             0x00000357   Thumb Code    14  ffltui.o(.text)
    __aeabi_i2d                              0x00000365   Thumb Code    34  dflti.o(.text)
    __aeabi_ui2d                             0x0000038d   Thumb Code    24  dfltui.o(.text)
    __aeabi_f2iz                             0x000003a9   Thumb Code    50  ffixi.o(.text)
    __aeabi_cfcmpeq                          0x000003dd   Thumb Code     0  cfcmple.o(.text)
    __aeabi_cfcmple                          0x000003dd   Thumb Code    20  cfcmple.o(.text)
    Key_Inquire_data                         0x000003f1   Thumb Code     8  car_key.o(i.Key_Inquire_data)
    __I$use$fp                               0x000003f1   Thumb Code     0  iusefp.o(.text)
    __scatterload_null                       0x000003fd   Thumb Code     2  handlers.o(i.__scatterload_null)
    time_20ms_serve                          0x000003ff   Thumb Code     2  main.o(i.time_20ms_serve)
    __aeabi_dadd                             0x00000411   Thumb Code   328  dadd.o(.text)
    __aeabi_dsub                             0x00000559   Thumb Code    12  dadd.o(.text)
    __aeabi_drsub                            0x00000565   Thumb Code    12  dadd.o(.text)
    __aeabi_dmul                             0x00000575   Thumb Code   202  dmul.o(.text)
    __aeabi_ddiv                             0x00000645   Thumb Code   234  ddiv.o(.text)
    __aeabi_f2uiz                            0x00000735   Thumb Code    40  ffixui.o(.text)
    __aeabi_d2iz                             0x0000075d   Thumb Code    62  dfixi.o(.text)
    __aeabi_d2uiz                            0x000007a5   Thumb Code    50  dfixui.o(.text)
    __aeabi_f2d                              0x000007e1   Thumb Code    40  f2d.o(.text)
    __aeabi_cdrcmple                         0x00000809   Thumb Code    38  cdrcmple.o(.text)
    __aeabi_d2f                              0x00000831   Thumb Code    56  d2f.o(.text)
    __aeabi_cfrcmple                         0x00000869   Thumb Code    20  cfrcmple.o(.text)
    __aeabi_uldivmod                         0x0000087d   Thumb Code    96  uldiv.o(.text)
    __aeabi_llsl                             0x000008dd   Thumb Code    32  llshl.o(.text)
    _ll_shift_l                              0x000008dd   Thumb Code     0  llshl.o(.text)
    __aeabi_llsr                             0x000008fd   Thumb Code    34  llushr.o(.text)
    _ll_ushift_r                             0x000008fd   Thumb Code     0  llushr.o(.text)
    __aeabi_lasr                             0x0000091f   Thumb Code    38  llsshr.o(.text)
    _ll_sshift_r                             0x0000091f   Thumb Code     0  llsshr.o(.text)
    _float_round                             0x00000945   Thumb Code    16  fepilogue.o(.text)
    _float_epilogue                          0x00000955   Thumb Code   114  fepilogue.o(.text)
    _double_round                            0x000009c7   Thumb Code    26  depilogue.o(.text)
    _double_epilogue                         0x000009e1   Thumb Code   164  depilogue.o(.text)
    __aeabi_d2ulz                            0x00000a85   Thumb Code    54  dfixul.o(.text)
    __scatterload                            0x00000ac5   Thumb Code    28  init.o(.text)
    __scatterload_rt2                        0x00000ac5   Thumb Code     0  init.o(.text)
    Cache_OLED_P6x8Num                       0x00000ae9   Thumb Code   104  oled.o(i.Cache_OLED_P6x8Num)
    Cache_OLED_P6x8Str                       0x00000b59   Thumb Code    88  oled.o(i.Cache_OLED_P6x8Str)
    Cache_OLED_P6x8floatNum                  0x00000bb5   Thumb Code   124  oled.o(i.Cache_OLED_P6x8floatNum)
    Cache_OLED_Rectangle                     0x00000c3d   Thumb Code   282  oled.o(i.Cache_OLED_Rectangle)
    Cache_OLED_Set_Pos                       0x00000d59   Thumb Code    10  oled.o(i.Cache_OLED_Set_Pos)
    Cache_OLED_WriteData                     0x00000d6d   Thumb Code    62  oled.o(i.Cache_OLED_WriteData)
    Cache_OLED_printf                        0x00000db9   Thumb Code    60  oled.o(i.Cache_OLED_printf)
    Cache_Update_OLED                        0x00000df5   Thumb Code    58  oled.o(i.Cache_Update_OLED)
    Car_Gather_Data_Key                      0x00000e35   Thumb Code   362  car_key.o(i.Car_Gather_Data_Key)
    ChangeParameterVal                       0x00000fb1   Thumb Code   574  myui.o(i.ChangeParameterVal)
    Change_Main_menu                         0x000011f1   Thumb Code    96  myui.o(i.Change_Main_menu)
    Change_UI                                0x000012a9   Thumb Code   144  myui.o(i.Change_UI)
    ConfigParameterCore                      0x00001341   Thumb Code  1116  myui.o(i.ConfigParameterCore)
    FLASH_EraseSector                        0x000017b5   Thumb Code    42  kea128_flash.o(i.FLASH_EraseSector)
    FLASH_Init                               0x000017e5   Thumb Code    62  kea128_flash.o(i.FLASH_Init)
    FLASH_WriteSector                        0x00001831   Thumb Code   108  kea128_flash.o(i.FLASH_WriteSector)
    FlashCmdStart                            0x000018a1   Thumb Code    46  kea128_flash.o(i.FlashCmdStart)
    IRQ_IRQHandler                           0x000018dd   Thumb Code    14  isr.o(i.IRQ_IRQHandler)
    KBI0_IRQHandler                          0x000018f1   Thumb Code    14  isr.o(i.KBI0_IRQHandler)
    Key_Message_Init                         0x00001905   Thumb Code   440  car_key.o(i.Key_Message_Init)
    Left_Motor_menu                          0x00001ac5   Thumb Code   234  myui.o(i.Left_Motor_menu)
    OLED_CLS                                 0x00001c61   Thumb Code    56  oled.o(i.OLED_CLS)
    OLED_ConfigParameter                     0x00001c99   Thumb Code    70  myui.o(i.OLED_ConfigParameter)
    OLED_Fill                                0x00001d05   Thumb Code    58  oled.o(i.OLED_Fill)
    OLED_Init                                0x00001d3f   Thumb Code   290  oled.o(i.OLED_Init)
    OLED_P6x8Str                             0x00001e61   Thumb Code    94  oled.o(i.OLED_P6x8Str)
    PIT_CH0_IRQHandler                       0x00001f99   Thumb Code   122  isr.o(i.PIT_CH0_IRQHandler)
    Read_Left_motor                          0x0000202d   Thumb Code   140  myflash.o(i.Read_Left_motor)
    Read_Right_motor                         0x000020c1   Thumb Code   146  myflash.o(i.Read_Right_motor)
    Read_Servo                               0x0000215d   Thumb Code   186  myflash.o(i.Read_Servo)
    Read_Speed                               0x00002221   Thumb Code    94  myflash.o(i.Read_Speed)
    Right_Motor_menu                         0x00002285   Thumb Code   234  myui.o(i.Right_Motor_menu)
    Save_Left_motor                          0x000023a9   Thumb Code   156  myflash.o(i.Save_Left_motor)
    Save_Right_motor                         0x0000244d   Thumb Code   160  myflash.o(i.Save_Right_motor)
    Save_Servo                               0x000024f5   Thumb Code   200  myflash.o(i.Save_Servo)
    Save_Speed                               0x000025c5   Thumb Code   126  myflash.o(i.Save_Speed)
    Servo_menu                               0x00002649   Thumb Code   268  myui.o(i.Servo_menu)
    Show_Left_Motor_PID                      0x0000278d   Thumb Code   154  myui.o(i.Show_Left_Motor_PID)
    Show_Main_menu                           0x00002891   Thumb Code    96  myui.o(i.Show_Main_menu)
    Show_Right_Motor_PID                     0x00002951   Thumb Code   158  myui.o(i.Show_Right_Motor_PID)
    Show_Servo_PID                           0x00002a5d   Thumb Code   208  myui.o(i.Show_Servo_PID)
    Show_UI                                  0x00002bc1   Thumb Code   202  myui.o(i.Show_UI)
    Show_speed                               0x00002c99   Thumb Code   186  myui.o(i.Show_speed)
    Speed_menu                               0x00002df9   Thumb Code   320  myui.o(i.Speed_menu)
    Start                                    0x00002f6d   Thumb Code    76  system_skeaz1284.o(i.Start)
    __0snprintf                              0x00002fc5   Thumb Code    46  printfa.o(i.__0snprintf)
    __1snprintf                              0x00002fc5   Thumb Code     0  printfa.o(i.__0snprintf)
    __2snprintf                              0x00002fc5   Thumb Code     0  printfa.o(i.__0snprintf)
    __c89snprintf                            0x00002fc5   Thumb Code     0  printfa.o(i.__0snprintf)
    snprintf                                 0x00002fc5   Thumb Code     0  printfa.o(i.__0snprintf)
    __0sprintf                               0x00002ff9   Thumb Code    36  printfa.o(i.__0sprintf)
    __1sprintf                               0x00002ff9   Thumb Code     0  printfa.o(i.__0sprintf)
    __2sprintf                               0x00002ff9   Thumb Code     0  printfa.o(i.__0sprintf)
    __c89sprintf                             0x00002ff9   Thumb Code     0  printfa.o(i.__0sprintf)
    sprintf                                  0x00002ff9   Thumb Code     0  printfa.o(i.__0sprintf)
    __0vsprintf                              0x00003021   Thumb Code    30  printfa.o(i.__0vsprintf)
    __1vsprintf                              0x00003021   Thumb Code     0  printfa.o(i.__0vsprintf)
    __2vsprintf                              0x00003021   Thumb Code     0  printfa.o(i.__0vsprintf)
    __c89vsprintf                            0x00003021   Thumb Code     0  printfa.o(i.__0vsprintf)
    vsprintf                                 0x00003021   Thumb Code     0  printfa.o(i.__0vsprintf)
    __ARM_clz                                0x00003045   Thumb Code    46  depilogue.o(i.__ARM_clz)
    __ARM_common_switch8                     0x00003073   Thumb Code    28  kea128_ftm.o(i.__ARM_common_switch8)
    __scatterload_copy                       0x0000308f   Thumb Code    14  handlers.o(i.__scatterload_copy)
    __scatterload_zeroinit                   0x0000309d   Thumb Code    14  handlers.o(i.__scatterload_zeroinit)
    ad_init                                  0x00003979   Thumb Code    46  sensor.o(i.ad_init)
    adc_init                                 0x000039a9   Thumb Code    30  kea128_adc.o(i.adc_init)
    adc_once                                 0x000039d1   Thumb Code    50  kea128_adc.o(i.adc_once)
    control                                  0x00003a09   Thumb Code   336  control.o(i.control)
    deal_sensor                              0x00003b8d   Thumb Code   296  sensor.o(i.deal_sensor)
    disable_wdog                             0x00003ce5   Thumb Code    16  system_skeaz1284.o(i.disable_wdog)
    encode_init                              0x00003cfd   Thumb Code    48  encode.o(i.encode_init)
    ftm_count_clean                          0x00003d2d   Thumb Code    12  kea128_ftm.o(i.ftm_count_clean)
    ftm_count_get                            0x00003d3d   Thumb Code    14  kea128_ftm.o(i.ftm_count_get)
    ftm_count_init                           0x00003d51   Thumb Code    54  kea128_ftm.o(i.ftm_count_init)
    ftm_count_mux                            0x00003d8d   Thumb Code   166  kea128_ftm.o(i.ftm_count_mux)
    ftm_pwm_duty                             0x00003e3d   Thumb Code   114  kea128_ftm.o(i.ftm_pwm_duty)
    ftm_pwm_init                             0x00003eb9   Thumb Code   278  kea128_ftm.o(i.ftm_pwm_init)
    ftm_pwm_mux                              0x00003fdd   Thumb Code   290  kea128_ftm.o(i.ftm_pwm_mux)
    get_adc_int_value                        0x00004105   Thumb Code   504  sensor.o(i.get_adc_int_value)
    get_clk                                  0x00004329   Thumb Code   170  common.o(i.get_clk)
    get_num                                  0x000043f5   Thumb Code    92  encode.o(i.get_num)
    gpio_get                                 0x00004459   Thumb Code    40  kea128_gpio.o(i.gpio_get)
    gpio_init                                0x00004485   Thumb Code   214  kea128_gpio.o(i.gpio_init)
    gpio_set                                 0x00004561   Thumb Code    68  kea128_gpio.o(i.gpio_set)
    main                                     0x000045a9   Thumb Code   298  main.o(i.main)
    motor_init                               0x00004709   Thumb Code    58  motor.o(i.motor_init)
    motor_pid_caculate                       0x00004749   Thumb Code   536  control.o(i.motor_pid_caculate)
    motor_set                                0x00004971   Thumb Code   176  motor.o(i.motor_set)
    pit_init                                 0x00004a31   Thumb Code    76  kea128_pit.o(i.pit_init)
    port_pull                                0x00004a89   Thumb Code    74  kea128_port.o(i.port_pull)
    servo_pid_caculate                       0x00004ad9   Thumb Code   388  control.o(i.servo_pid_caculate)
    show_8_L                                 0x00004c91   Thumb Code    76  myui.o(i.show_8_L)
    show_Histogram                           0x00004ced   Thumb Code   256  myui.o(i.show_Histogram)
    show_one_sensor                          0x00004df5   Thumb Code    90  myui.o(i.show_one_sensor)
    show_sensor                              0x00004e65   Thumb Code   282  myui.o(i.show_sensor)
    systick_delay                            0x00004fa9   Thumb Code    44  kea128_systick.o(i.systick_delay)
    systick_delay_ms                         0x00004fd9   Thumb Code    24  kea128_systick.o(i.systick_delay_ms)
    time_10ms_serve                          0x00004ff5   Thumb Code   110  main.o(i.time_10ms_serve)
    time_5ms_serve                           0x00005071   Thumb Code     2  main.o(i.time_5ms_serve)
    uart_init                                0x00005075   Thumb Code   170  kea128_uart.o(i.uart_init)
    uart_mux                                 0x0000512d   Thumb Code   106  kea128_uart.o(i.uart_mux)
    update_1cm_error                         0x0000519d   Thumb Code    94  sensor.o(i.update_1cm_error)
    F6x8                                     0x0000523c   Data         552  oled.o(.constdata)
    F14x16_Idx                               0x00005464   Data          19  oled.o(.constdata)
    F14x16                                   0x00005477   Data         168  oled.o(.constdata)
    F8X16                                    0x0000551f   Data        1520  oled.o(.constdata)
    LOGO                                     0x00005b0f   Data        1024  oled.o(.constdata)
    Region$$Table$$Base                      0x00005f10   Number         0  anon$$obj.o(Region$$Table)
    Region$$Table$$Limit                     0x00005f30   Number         0  anon$$obj.o(Region$$Table)
    ics_clk_khz                              0x20000000   Data           4  common.o(.data)
    ftm_clk_khz                              0x20000004   Data           4  common.o(.data)
    core_clk_khz                             0x20000008   Data           4  common.o(.data)
    bus_clk_khz                              0x2000000c   Data           4  common.o(.data)
    s_flash_command_run                      0x20000010   Data          14  kea128_flash.o(.data)
    s_flash_run_entry                        0x20000020   Data           4  kea128_flash.o(.data)
    period                                   0x20000024   Data           6  kea128_ftm.o(.data)
    uart                                     0x2000002c   Data          12  kea128_uart.o(.data)
    location_x                               0x20000038   Data           1  oled.o(.data)
    location_y                               0x20000039   Data           1  oled.o(.data)
    circle_left_flag                         0x2000003c   Data           1  sensor.o(.data)
    circle_right_flag                        0x2000003d   Data           1  sensor.o(.data)
    circle_in                                0x2000003e   Data           1  sensor.o(.data)
    sum_12                                   0x20000040   Data           4  sensor.o(.data)
    sub_12                                   0x20000044   Data           4  sensor.o(.data)
    sum_16_34                                0x20000048   Data           4  sensor.o(.data)
    sub_25                                   0x2000004c   Data           4  sensor.o(.data)
    Power_V                                  0x20000050   Data           4  sensor.o(.data)
    update_dis1cm_encoder                    0x20000054   Data           4  sensor.o(.data)
    Key_data                                 0x20000058   Data           6  car_key.o(.data)
    Key_GD                                   0x2000005e   Data           6  car_key.o(.data)
    circle_distence                          0x20000064   Data           2  control.o(.data)
    motor_protect_time                       0x20000068   Data           4  control.o(.data)
    R_out_value                              0x2000006c   Data           2  control.o(.data)
    L_out_value                              0x2000006e   Data           2  control.o(.data)
    isLeftlose                               0x20000070   Data           1  control.o(.data)
    isLeftturn                               0x20000071   Data           1  control.o(.data)
    isRightlose                              0x20000072   Data           1  control.o(.data)
    isRightturn                              0x20000073   Data           1  control.o(.data)
    STOP_CAR_FLAG                            0x20000074   Data           1  control.o(.data)
    getCountNum_L                            0x20000075   Data           1  encode.o(.data)
    getCountNum_R                            0x20000076   Data           1  encode.o(.data)
    cursor_x                                 0x20000077   Data           1  myui.o(.data)
    cursor_y                                 0x20000078   Data           1  myui.o(.data)
    state                                    0x20000079   Data           1  myui.o(.data)
    ParameterNo                              0x2000007a   Data           1  myui.o(.data)
    Parameter2No                             0x2000007b   Data           1  myui.o(.data)
    Save_Flag                                0x2000007c   Data           1  myui.o(.data)
    Read_Flag                                0x2000007d   Data           1  myui.o(.data)
    time_1ms                                 0x20000080   Data           4  main.o(.data)
    time_5ms                                 0x20000084   Data           4  main.o(.data)
    time_10ms                                0x20000088   Data           4  main.o(.data)
    time_20ms                                0x2000008c   Data           4  main.o(.data)
    time_50ms                                0x20000090   Data           4  main.o(.data)
    time_100ms                               0x20000094   Data           4  main.o(.data)
    time_200ms                               0x20000098   Data           4  main.o(.data)
    time_500ms                               0x2000009c   Data           4  main.o(.data)
    time_1s                                  0x200000a0   Data           4  main.o(.data)
    time_2s                                  0x200000a4   Data           4  main.o(.data)
    time_5s                                  0x200000a8   Data           4  main.o(.data)
    time_10s                                 0x200000ac   Data           4  main.o(.data)
    Speed_Ratio                              0x200000b0   Data           4  main.o(.data)
    sector                                   0x200000b4   Data           1  main.o(.data)
    All_Data                                 0x200000b8   Data        1024  oled.o(.bss)
    Adc                                      0x200004b8   Data         280  sensor.o(.bss)
    Sensor                                   0x200005d0   Data          84  sensor.o(.bss)
    once_uni_ad                              0x20000624   Data          28  sensor.o(.bss)
    twice_uni_ad                             0x20000640   Data          28  sensor.o(.bss)
    ad_mid_val                               0x2000065c   Data          20  sensor.o(.bss)
    ad_add_val                               0x20000670   Data          40  sensor.o(.bss)
    ad_avr_val                               0x20000698   Data          20  sensor.o(.bss)
    ad_max_val                               0x200006ac   Data          20  sensor.o(.bss)
    ad_max_temp                              0x200006c0   Data          20  sensor.o(.bss)
    ad_int_val                               0x200006d4   Data          60  sensor.o(.bss)
    ad_avr_temp                              0x20000710   Data         100  sensor.o(.bss)
    Key_time                                 0x200007d8   Data          12  car_key.o(.bss)
    Motor                                    0x200007e4   Data         104  control.o(.bss)
    Servo                                    0x2000084c   Data         172  control.o(.bss)
    Motor_control                            0x200008f8   Data         208  control.o(.bss)
    Speed                                    0x200009c8   Data          20  control.o(.bss)
    __initial_sp                             0x200019e0   Data           0  startup_skeaz1284.o(STACK)



==============================================================================

Memory Map of the image

  Image Entry point : 0x000000c1

  Load Region LR_IROM1 (Base: 0x00000000, Size: 0x00005fe8, Max: 0x00020000, ABSOLUTE)

    Execution Region ER_IROM1 (Exec base: 0x00000000, Load base: 0x00000000, Size: 0x00005f30, Max: 0x00020000, ABSOLUTE)

    Exec Addr    Load Addr    Size         Type   Attr      Idx    E Section Name        Object

    0x00000000   0x00000000   0x000000c0   Data   RO          743    RESET               startup_skeaz1284.o
    0x000000c0   0x000000c0   0x00000000   Code   RO         1561  * .ARM.Collect$$$$00000000  mc_p.l(entry.o)
    0x000000c0   0x000000c0   0x00000004   Code   RO         1873    .ARM.Collect$$$$00000001  mc_p.l(entry2.o)
    0x000000c4   0x000000c4   0x00000004   Code   RO         1876    .ARM.Collect$$$$00000004  mc_p.l(entry5.o)
    0x000000c8   0x000000c8   0x00000000   Code   RO         1878    .ARM.Collect$$$$00000008  mc_p.l(entry7b.o)
    0x000000c8   0x000000c8   0x00000000   Code   RO         1880    .ARM.Collect$$$$0000000A  mc_p.l(entry8b.o)
    0x000000c8   0x000000c8   0x00000008   Code   RO         1881    .ARM.Collect$$$$0000000B  mc_p.l(entry9a.o)
    0x000000d0   0x000000d0   0x00000000   Code   RO         1883    .ARM.Collect$$$$0000000D  mc_p.l(entry10a.o)
    0x000000d0   0x000000d0   0x00000000   Code   RO         1885    .ARM.Collect$$$$0000000F  mc_p.l(entry11a.o)
    0x000000d0   0x000000d0   0x00000004   Code   RO         1874    .ARM.Collect$$$$00002712  mc_p.l(entry2.o)
    0x000000d4   0x000000d4   0x00000028   Code   RO          745    .text               startup_skeaz1284.o
    0x000000fc   0x000000fc   0x0000002c   Code   RO         1564    .text               mc_p.l(uidiv.o)
    0x00000128   0x00000128   0x00000028   Code   RO         1566    .text               mc_p.l(idiv.o)
    0x00000150   0x00000150   0x00000024   Code   RO         1568    .text               mc_p.l(memcpya.o)
    0x00000174   0x00000174   0x00000024   Code   RO         1570    .text               mc_p.l(memseta.o)
    0x00000198   0x00000198   0x000000b2   Code   RO         1835    .text               mf_p.l(fadd.o)
    0x0000024a   0x0000024a   0x0000007a   Code   RO         1837    .text               mf_p.l(fmul.o)
    0x000002c4   0x000002c4   0x0000007c   Code   RO         1839    .text               mf_p.l(fdiv.o)
    0x00000340   0x00000340   0x00000016   Code   RO         1847    .text               mf_p.l(fflti.o)
    0x00000356   0x00000356   0x0000000e   Code   RO         1849    .text               mf_p.l(ffltui.o)
    0x00000364   0x00000364   0x00000028   Code   RO         1851    .text               mf_p.l(dflti.o)
    0x0000038c   0x0000038c   0x0000001c   Code   RO         1853    .text               mf_p.l(dfltui.o)
    0x000003a8   0x000003a8   0x00000032   Code   RO         1855    .text               mf_p.l(ffixi.o)
    0x000003da   0x000003da   0x00000002   PAD
    0x000003dc   0x000003dc   0x00000014   Code   RO         1869    .text               mf_p.l(cfcmple.o)
    0x000003f0   0x000003f0   0x00000000   Code   RO         1896    .text               mc_p.l(iusefp.o)
    0x000003f0   0x000003f0   0x0000000c   Code   RO         1115    i.Key_Inquire_data  car_key.o
    0x000003fc   0x000003fc   0x00000002   Code   RO         1910    i.__scatterload_null  mc_p.l(handlers.o)
    0x000003fe   0x000003fe   0x00000002   Code   RO         1517    i.time_20ms_serve   main.o
    0x00000400   0x00000400   0x00000010   Code   RO          744    .ARM.__at_0x400     startup_skeaz1284.o
    0x00000410   0x00000410   0x00000164   Code   RO         1841    .text               mf_p.l(dadd.o)
    0x00000574   0x00000574   0x000000d0   Code   RO         1843    .text               mf_p.l(dmul.o)
    0x00000644   0x00000644   0x000000f0   Code   RO         1845    .text               mf_p.l(ddiv.o)
    0x00000734   0x00000734   0x00000028   Code   RO         1857    .text               mf_p.l(ffixui.o)
    0x0000075c   0x0000075c   0x00000048   Code   RO         1859    .text               mf_p.l(dfixi.o)
    0x000007a4   0x000007a4   0x0000003c   Code   RO         1861    .text               mf_p.l(dfixui.o)
    0x000007e0   0x000007e0   0x00000028   Code   RO         1863    .text               mf_p.l(f2d.o)
    0x00000808   0x00000808   0x00000028   Code   RO         1865    .text               mf_p.l(cdrcmple.o)
    0x00000830   0x00000830   0x00000038   Code   RO         1867    .text               mf_p.l(d2f.o)
    0x00000868   0x00000868   0x00000014   Code   RO         1871    .text               mf_p.l(cfrcmple.o)
    0x0000087c   0x0000087c   0x00000060   Code   RO         1888    .text               mc_p.l(uldiv.o)
    0x000008dc   0x000008dc   0x00000020   Code   RO         1890    .text               mc_p.l(llshl.o)
    0x000008fc   0x000008fc   0x00000022   Code   RO         1892    .text               mc_p.l(llushr.o)
    0x0000091e   0x0000091e   0x00000026   Code   RO         1894    .text               mc_p.l(llsshr.o)
    0x00000944   0x00000944   0x00000082   Code   RO         1897    .text               mf_p.l(fepilogue.o)
    0x000009c6   0x000009c6   0x000000be   Code   RO         1899    .text               mf_p.l(depilogue.o)
    0x00000a84   0x00000a84   0x00000040   Code   RO         1903    .text               mf_p.l(dfixul.o)
    0x00000ac4   0x00000ac4   0x00000024   Code   RO         1905    .text               mc_p.l(init.o)
    0x00000ae8   0x00000ae8   0x00000070   Code   RO          753    i.Cache_OLED_P6x8Num  oled.o
    0x00000b58   0x00000b58   0x0000005c   Code   RO          755    i.Cache_OLED_P6x8Str  oled.o
    0x00000bb4   0x00000bb4   0x00000088   Code   RO          757    i.Cache_OLED_P6x8floatNum  oled.o
    0x00000c3c   0x00000c3c   0x0000011a   Code   RO          758    i.Cache_OLED_Rectangle  oled.o
    0x00000d56   0x00000d56   0x00000002   PAD
    0x00000d58   0x00000d58   0x00000014   Code   RO          759    i.Cache_OLED_Set_Pos  oled.o
    0x00000d6c   0x00000d6c   0x0000004c   Code   RO          760    i.Cache_OLED_WriteData  oled.o
    0x00000db8   0x00000db8   0x0000003c   Code   RO          761    i.Cache_OLED_printf  oled.o
    0x00000df4   0x00000df4   0x00000040   Code   RO          762    i.Cache_Update_OLED  oled.o
    0x00000e34   0x00000e34   0x0000017c   Code   RO         1113    i.Car_Gather_Data_Key  car_key.o
    0x00000fb0   0x00000fb0   0x0000023e   Code   RO         1341    i.ChangeParameterVal  myui.o
    0x000011ee   0x000011ee   0x00000002   PAD
    0x000011f0   0x000011f0   0x000000b8   Code   RO         1342    i.Change_Main_menu  myui.o
    0x000012a8   0x000012a8   0x00000098   Code   RO         1343    i.Change_UI         myui.o
    0x00001340   0x00001340   0x00000474   Code   RO         1344    i.ConfigParameterCore  myui.o
    0x000017b4   0x000017b4   0x00000030   Code   RO          205    i.FLASH_EraseSector  kea128_flash.o
    0x000017e4   0x000017e4   0x0000004c   Code   RO          207    i.FLASH_Init        kea128_flash.o
    0x00001830   0x00001830   0x00000070   Code   RO          208    i.FLASH_WriteSector  kea128_flash.o
    0x000018a0   0x000018a0   0x0000003c   Code   RO          209    i.FlashCmdStart     kea128_flash.o
    0x000018dc   0x000018dc   0x00000014   Code   RO         1478    i.IRQ_IRQHandler    isr.o
    0x000018f0   0x000018f0   0x00000014   Code   RO         1479    i.KBI0_IRQHandler   isr.o
    0x00001904   0x00001904   0x000001c0   Code   RO         1116    i.Key_Message_Init  car_key.o
    0x00001ac4   0x00001ac4   0x00000124   Code   RO         1345    i.Left_Motor_menu   myui.o
    0x00001be8   0x00001be8   0x00000078   Code   RO         1514    i.NVIC_SetPriority  main.o
    0x00001c60   0x00001c60   0x00000038   Code   RO          765    i.OLED_CLS          oled.o
    0x00001c98   0x00001c98   0x0000004c   Code   RO         1346    i.OLED_ConfigParameter  myui.o
    0x00001ce4   0x00001ce4   0x00000020   Code   RO          767    i.OLED_DLY_ms       oled.o
    0x00001d04   0x00001d04   0x0000003a   Code   RO          768    i.OLED_Fill         oled.o
    0x00001d3e   0x00001d3e   0x00000122   Code   RO          769    i.OLED_Init         oled.o
    0x00001e60   0x00001e60   0x00000064   Code   RO          772    i.OLED_P6x8Str      oled.o
    0x00001ec4   0x00001ec4   0x0000002e   Code   RO          780    i.OLED_Set_Pos      oled.o
    0x00001ef2   0x00001ef2   0x00000052   Code   RO          781    i.OLED_WriteCmd     oled.o
    0x00001f44   0x00001f44   0x00000052   Code   RO          782    i.OLED_WriteData    oled.o
    0x00001f96   0x00001f96   0x00000002   PAD
    0x00001f98   0x00001f98   0x00000094   Code   RO         1480    i.PIT_CH0_IRQHandler  isr.o
    0x0000202c   0x0000202c   0x00000094   Code   RO          967    i.Read_Left_motor   myflash.o
    0x000020c0   0x000020c0   0x0000009c   Code   RO          968    i.Read_Right_motor  myflash.o
    0x0000215c   0x0000215c   0x000000c4   Code   RO          969    i.Read_Servo        myflash.o
    0x00002220   0x00002220   0x00000064   Code   RO          970    i.Read_Speed        myflash.o
    0x00002284   0x00002284   0x00000124   Code   RO         1347    i.Right_Motor_menu  myui.o
    0x000023a8   0x000023a8   0x000000a4   Code   RO          971    i.Save_Left_motor   myflash.o
    0x0000244c   0x0000244c   0x000000a8   Code   RO          972    i.Save_Right_motor  myflash.o
    0x000024f4   0x000024f4   0x000000d0   Code   RO          973    i.Save_Servo        myflash.o
    0x000025c4   0x000025c4   0x00000084   Code   RO          974    i.Save_Speed        myflash.o
    0x00002648   0x00002648   0x00000144   Code   RO         1348    i.Servo_menu        myui.o
    0x0000278c   0x0000278c   0x00000104   Code   RO         1349    i.Show_Left_Motor_PID  myui.o
    0x00002890   0x00002890   0x000000c0   Code   RO         1350    i.Show_Main_menu    myui.o
    0x00002950   0x00002950   0x0000010c   Code   RO         1351    i.Show_Right_Motor_PID  myui.o
    0x00002a5c   0x00002a5c   0x00000164   Code   RO         1352    i.Show_Servo_PID    myui.o
    0x00002bc0   0x00002bc0   0x000000d8   Code   RO         1353    i.Show_UI           myui.o
    0x00002c98   0x00002c98   0x00000160   Code   RO         1354    i.Show_speed        myui.o
    0x00002df8   0x00002df8   0x00000174   Code   RO         1355    i.Speed_menu        myui.o
    0x00002f6c   0x00002f6c   0x00000058   Code   RO          717    i.Start             system_skeaz1284.o
    0x00002fc4   0x00002fc4   0x00000034   Code   RO         1808    i.__0snprintf       mc_p.l(printfa.o)
    0x00002ff8   0x00002ff8   0x00000028   Code   RO         1809    i.__0sprintf        mc_p.l(printfa.o)
    0x00003020   0x00003020   0x00000024   Code   RO         1813    i.__0vsprintf       mc_p.l(printfa.o)
    0x00003044   0x00003044   0x0000002e   Code   RO         1901    i.__ARM_clz         mf_p.l(depilogue.o)
    0x00003072   0x00003072   0x0000001c   Code   RO          313    i.__ARM_common_switch8  kea128_ftm.o
    0x0000308e   0x0000308e   0x0000000e   Code   RO         1909    i.__scatterload_copy  mc_p.l(handlers.o)
    0x0000309c   0x0000309c   0x0000000e   Code   RO         1911    i.__scatterload_zeroinit  mc_p.l(handlers.o)
    0x000030aa   0x000030aa   0x00000002   PAD
    0x000030ac   0x000030ac   0x00000174   Code   RO         1814    i._fp_digits        mc_p.l(printfa.o)
    0x00003220   0x00003220   0x000006ec   Code   RO         1815    i._printf_core      mc_p.l(printfa.o)
    0x0000390c   0x0000390c   0x00000020   Code   RO         1816    i._printf_post_padding  mc_p.l(printfa.o)
    0x0000392c   0x0000392c   0x0000002c   Code   RO         1817    i._printf_pre_padding  mc_p.l(printfa.o)
    0x00003958   0x00003958   0x00000016   Code   RO         1818    i._snputc           mc_p.l(printfa.o)
    0x0000396e   0x0000396e   0x0000000a   Code   RO         1819    i._sputc            mc_p.l(printfa.o)
    0x00003978   0x00003978   0x0000002e   Code   RO         1055    i.ad_init           sensor.o
    0x000039a6   0x000039a6   0x00000002   PAD
    0x000039a8   0x000039a8   0x00000028   Code   RO          146    i.adc_init          kea128_adc.o
    0x000039d0   0x000039d0   0x00000038   Code   RO          147    i.adc_once          kea128_adc.o
    0x00003a08   0x00003a08   0x00000184   Code   RO         1155    i.control           control.o
    0x00003b8c   0x00003b8c   0x00000158   Code   RO         1056    i.deal_sensor       sensor.o
    0x00003ce4   0x00003ce4   0x00000018   Code   RO          718    i.disable_wdog      system_skeaz1284.o
    0x00003cfc   0x00003cfc   0x00000030   Code   RO         1206    i.encode_init       encode.o
    0x00003d2c   0x00003d2c   0x00000010   Code   RO          252    i.ftm_count_clean   kea128_ftm.o
    0x00003d3c   0x00003d3c   0x00000014   Code   RO          253    i.ftm_count_get     kea128_ftm.o
    0x00003d50   0x00003d50   0x0000003c   Code   RO          254    i.ftm_count_init    kea128_ftm.o
    0x00003d8c   0x00003d8c   0x000000b0   Code   RO          255    i.ftm_count_mux     kea128_ftm.o
    0x00003e3c   0x00003e3c   0x0000007c   Code   RO          256    i.ftm_pwm_duty      kea128_ftm.o
    0x00003eb8   0x00003eb8   0x00000124   Code   RO          258    i.ftm_pwm_init      kea128_ftm.o
    0x00003fdc   0x00003fdc   0x00000128   Code   RO          259    i.ftm_pwm_mux       kea128_ftm.o
    0x00004104   0x00004104   0x00000224   Code   RO         1058    i.get_adc_int_value  sensor.o
    0x00004328   0x00004328   0x000000cc   Code   RO            3    i.get_clk           common.o
    0x000043f4   0x000043f4   0x00000064   Code   RO         1207    i.get_num           encode.o
    0x00004458   0x00004458   0x0000002c   Code   RO          321    i.gpio_get          kea128_gpio.o
    0x00004484   0x00004484   0x000000dc   Code   RO          322    i.gpio_init         kea128_gpio.o
    0x00004560   0x00004560   0x00000048   Code   RO          323    i.gpio_set          kea128_gpio.o
    0x000045a8   0x000045a8   0x00000160   Code   RO         1515    i.main              main.o
    0x00004708   0x00004708   0x00000040   Code   RO         1029    i.motor_init        motor.o
    0x00004748   0x00004748   0x00000228   Code   RO         1156    i.motor_pid_caculate  control.o
    0x00004970   0x00004970   0x000000c0   Code   RO         1030    i.motor_set         motor.o
    0x00004a30   0x00004a30   0x00000058   Code   RO          465    i.pit_init          kea128_pit.o
    0x00004a88   0x00004a88   0x00000050   Code   RO          507    i.port_pull         kea128_port.o
    0x00004ad8   0x00004ad8   0x000001b8   Code   RO         1157    i.servo_pid_caculate  control.o
    0x00004c90   0x00004c90   0x0000005c   Code   RO         1356    i.show_8_L          myui.o
    0x00004cec   0x00004cec   0x00000108   Code   RO         1357    i.show_Histogram    myui.o
    0x00004df4   0x00004df4   0x00000070   Code   RO         1358    i.show_one_sensor   myui.o
    0x00004e64   0x00004e64   0x00000144   Code   RO         1359    i.show_sensor       myui.o
    0x00004fa8   0x00004fa8   0x00000030   Code   RO          563    i.systick_delay     kea128_systick.o
    0x00004fd8   0x00004fd8   0x0000001c   Code   RO          564    i.systick_delay_ms  kea128_systick.o
    0x00004ff4   0x00004ff4   0x0000007c   Code   RO         1516    i.time_10ms_serve   main.o
    0x00005070   0x00005070   0x00000002   Code   RO         1518    i.time_5ms_serve    main.o
    0x00005072   0x00005072   0x00000002   PAD
    0x00005074   0x00005074   0x000000b8   Code   RO          605    i.uart_init         kea128_uart.o
    0x0000512c   0x0000512c   0x00000070   Code   RO          606    i.uart_mux          kea128_uart.o
    0x0000519c   0x0000519c   0x00000070   Code   RO         1059    i.update_1cm_error  sensor.o
    0x0000520c   0x0000520c   0x00000016   Data   RO            4    .constdata          common.o
    0x00005222   0x00005222   0x00000002   PAD
    0x00005224   0x00005224   0x0000000c   Data   RO          260    .constdata          kea128_ftm.o
    0x00005230   0x00005230   0x0000000c   Data   RO          325    .constdata          kea128_gpio.o
    0x0000523c   0x0000523c   0x00000cd3   Data   RO          786    .constdata          oled.o
    0x00005f0f   0x00005f0f   0x00000001   PAD
    0x00005f10   0x00005f10   0x00000020   Data   RO         1907    Region$$Table       anon$$obj.o


    Execution Region RW_IRAM1 (Exec base: 0x20000000, Load base: 0x00005f30, Size: 0x000019e0, Max: 0x0000c000, ABSOLUTE)

    Exec Addr    Load Addr    Size         Type   Attr      Idx    E Section Name        Object

    0x20000000   0x00005f30   0x00000010   Data   RW            5    .data               common.o
    0x20000010   0x00005f40   0x00000014   Data   RW          210    .data               kea128_flash.o
    0x20000024   0x00005f54   0x00000006   Data   RW          261    .data               kea128_ftm.o
    0x2000002a   0x00005f5a   0x00000002   PAD
    0x2000002c   0x00005f5c   0x0000000c   Data   RW          614    .data               kea128_uart.o
    0x20000038   0x00005f68   0x00000002   Data   RW          787    .data               oled.o
    0x2000003a   0x00005f6a   0x00000002   PAD
    0x2000003c   0x00005f6c   0x0000001c   Data   RW         1061    .data               sensor.o
    0x20000058   0x00005f88   0x0000000c   Data   RW         1118    .data               car_key.o
    0x20000064   0x00005f94   0x00000011   Data   RW         1160    .data               control.o
    0x20000075   0x00005fa5   0x00000002   Data   RW         1208    .data               encode.o
    0x20000077   0x00005fa7   0x00000007   Data   RW         1360    .data               myui.o
    0x2000007e   0x00005fae   0x00000002   PAD
    0x20000080   0x00005fb0   0x00000035   Data   RW         1519    .data               main.o
    0x200000b5   0x00005fe5   0x00000003   PAD
    0x200000b8        -       0x00000400   Zero   RW          785    .bss                oled.o
    0x200004b8        -       0x00000320   Zero   RW         1060    .bss                sensor.o
    0x200007d8        -       0x0000000c   Zero   RW         1117    .bss                car_key.o
    0x200007e4        -       0x000001f8   Zero   RW         1159    .bss                control.o
    0x200009dc   0x00005fe5   0x00000004   PAD
    0x200009e0        -       0x00001000   Zero   RW          741    STACK               startup_skeaz1284.o


==============================================================================

Image component sizes


      Code (inc. data)   RO Data    RW Data    ZI Data      Debug   Object Name

       840         48          0         12         12       2435   car_key.o
       204         34         22         16          0     113129   common.o
      1380        120          0         17        504       3285   control.o
       148          8          0          2          0       1178   encode.o
       188         38          0          0          0       1252   isr.o
        96         16          0          0          0       5066   kea128_adc.o
       296         38          0         20          0       3629   kea128_flash.o
      1012         64         12          6          0       5276   kea128_ftm.o
       336         14         12          0          0       2514   kea128_gpio.o
        88         12          0          0          0        559   kea128_pit.o
        80          6          0          0          0        568   kea128_port.o
        76          8          0          0          0       1071   kea128_systick.o
       296         20          0         12          0       1838   kea128_uart.o
       600         78          0         53          0       9003   main.o
       256         22          0          0          0        941   motor.o
      1272         64          0          0          0       5154   myflash.o
      5842       1208          0          7          0      11193   myui.o
      1588         66       3283          2       1024      11912   oled.o
      1050        110          0         28        800       6070   sensor.o
        56         30        192          0       4096        984   startup_skeaz1284.o
       112         20          0          0          0       1031   system_skeaz1284.o

    ----------------------------------------------------------------------
     15826       2024       3556        184       6440     188088   Object Totals
         0          0         32          0          0          0   (incl. Generated)
        10          0          3          9          4          0   (incl. Padding)

    ----------------------------------------------------------------------

      Code (inc. data)   RO Data    RW Data    ZI Data      Debug   Library Member Name

         0          0          0          0          0          0   entry.o
         0          0          0          0          0          0   entry10a.o
         0          0          0          0          0          0   entry11a.o
         8          4          0          0          0          0   entry2.o
         4          0          0          0          0          0   entry5.o
         0          0          0          0          0          0   entry7b.o
         0          0          0          0          0          0   entry8b.o
         8          4          0          0          0          0   entry9a.o
        30          0          0          0          0          0   handlers.o
        40          0          0          0          0         72   idiv.o
        36          8          0          0          0         68   init.o
         0          0          0          0          0          0   iusefp.o
        32          0          0          0          0         68   llshl.o
        38          0          0          0          0         68   llsshr.o
        34          0          0          0          0         68   llushr.o
        36          0          0          0          0         60   memcpya.o
        36          0          0          0          0        100   memseta.o
      2380        106          0          0          0        688   printfa.o
        44          0          0          0          0         72   uidiv.o
        96          0          0          0          0         84   uldiv.o
        40          2          0          0          0         68   cdrcmple.o
        20          0          0          0          0         68   cfcmple.o
        20          0          0          0          0         68   cfrcmple.o
        56          0          0          0          0         68   d2f.o
       356          4          0          0          0        140   dadd.o
       240          6          0          0          0         84   ddiv.o
       236          0          0          0          0        216   depilogue.o
        72         10          0          0          0         72   dfixi.o
        60         10          0          0          0         68   dfixui.o
        64         10          0          0          0         68   dfixul.o
        40          6          0          0          0         68   dflti.o
        28          4          0          0          0         68   dfltui.o
       208          6          0          0          0         88   dmul.o
        40          0          0          0          0         60   f2d.o
       178          0          0          0          0        108   fadd.o
       124          0          0          0          0         72   fdiv.o
       130          0          0          0          0        144   fepilogue.o
        50          0          0          0          0         60   ffixi.o
        40          0          0          0          0         60   ffixui.o
        22          0          0          0          0         68   fflti.o
        14          0          0          0          0         68   ffltui.o
       122          0          0          0          0         72   fmul.o

    ----------------------------------------------------------------------
      4986        180          0          0          0       3204   Library Totals
         4          0          0          0          0          0   (incl. Padding)

    ----------------------------------------------------------------------

      Code (inc. data)   RO Data    RW Data    ZI Data      Debug   Library Name

      2822        122          0          0          0       1348   mc_p.l
      2160         58          0          0          0       1856   mf_p.l

    ----------------------------------------------------------------------
      4986        180          0          0          0       3204   Library Totals

    ----------------------------------------------------------------------

==============================================================================


      Code (inc. data)   RO Data    RW Data    ZI Data      Debug   

     20812       2204       3556        184       6440     185876   Grand Totals
     20812       2204       3556        184       6440     185876   ELF Image Totals
     20812       2204       3556        184          0          0   ROM Totals

==============================================================================

    Total RO  Size (Code + RO Data)                24368 (  23.80kB)
    Total RW  Size (RW Data + ZI Data)              6624 (   6.47kB)
    Total ROM Size (Code + RO Data + RW Data)      24552 (  23.98kB)

==============================================================================

