Component: ARM Compiler 5.06 update 4 (build 422) Tool: armlink [4d35d2]

==============================================================================

Section Cross References

    common.o(i.get_clk) refers to memcpya.o(.text) for __aeabi_memcpy4
    common.o(i.get_clk) refers to uidiv.o(.text) for __aeabi_uidivmod
    common.o(i.get_clk) refers to kea128_uart.o(i.uart_init) for uart_init
    common.o(i.get_clk) refers to common.o(.constdata) for .constdata
    common.o(i.get_clk) refers to common.o(.data) for ics_clk_khz
    kea128_flash.o(i.FLASH_EraseSector) refers to kea128_flash.o(i.FlashCmdStart) for FlashCmdStart
    kea128_flash.o(i.FLASH_Init) refers to uidiv.o(.text) for __aeabi_uidivmod
    kea128_flash.o(i.FLASH_Init) refers to common.o(.data) for bus_clk_khz
    kea128_flash.o(i.FLASH_WriteSector) refers to kea128_flash.o(i.FlashCmdStart) for FlashCmdStart
    kea128_flash.o(i.FlashCmdStart) refers to kea128_flash.o(.data) for s_flash_command_run
    kea128_ftm.o(i.ftm_count_clean) refers to kea128_ftm.o(.constdata) for FTMX
    kea128_ftm.o(i.ftm_count_get) refers to kea128_ftm.o(.constdata) for FTMX
    kea128_ftm.o(i.ftm_count_init) refers to kea128_ftm.o(i.ftm_count_mux) for ftm_count_mux
    kea128_ftm.o(i.ftm_count_init) refers to kea128_ftm.o(.constdata) for FTMX
    kea128_ftm.o(i.ftm_count_mux) refers to kea128_port.o(i.port_pull) for port_pull
    kea128_ftm.o(i.ftm_pwm_duty) refers to uidiv.o(.text) for __aeabi_uidivmod
    kea128_ftm.o(i.ftm_pwm_duty) refers to kea128_ftm.o(.data) for period
    kea128_ftm.o(i.ftm_pwm_duty) refers to kea128_ftm.o(.constdata) for FTMX
    kea128_ftm.o(i.ftm_pwm_freq) refers to uidiv.o(.text) for __aeabi_uidivmod
    kea128_ftm.o(i.ftm_pwm_freq) refers to common.o(.data) for ftm_clk_khz
    kea128_ftm.o(i.ftm_pwm_freq) refers to kea128_ftm.o(.data) for period
    kea128_ftm.o(i.ftm_pwm_freq) refers to kea128_ftm.o(.constdata) for FTMX
    kea128_ftm.o(i.ftm_pwm_init) refers to kea128_ftm.o(i.ftm_pwm_mux) for ftm_pwm_mux
    kea128_ftm.o(i.ftm_pwm_init) refers to uidiv.o(.text) for __aeabi_uidivmod
    kea128_ftm.o(i.ftm_pwm_init) refers to common.o(.data) for ftm_clk_khz
    kea128_ftm.o(i.ftm_pwm_init) refers to kea128_ftm.o(.data) for period
    kea128_ftm.o(i.ftm_pwm_init) refers to kea128_ftm.o(.constdata) for FTMX
    kea128_ftm.o(i.ftm_pwm_mux) refers to kea128_ftm.o(i.__ARM_common_switch8) for __ARM_common_switch8
    kea128_gpio.o(i.gpio_ddr) refers to kea128_gpio.o(.constdata) for GPIOX
    kea128_gpio.o(i.gpio_get) refers to kea128_gpio.o(.constdata) for GPIOX
    kea128_gpio.o(i.gpio_init) refers to kea128_gpio.o(.constdata) for GPIOX
    kea128_gpio.o(i.gpio_set) refers to kea128_gpio.o(.constdata) for GPIOX
    kea128_gpio.o(i.gpio_turn) refers to kea128_gpio.o(.constdata) for GPIOX
    kea128_i2c.o(i.i2c_Wait) refers to kea128_i2c.o(.data) for I2CN
    kea128_i2c.o(i.i2c_init) refers to memcpya.o(.text) for __aeabi_memcpy4
    kea128_i2c.o(i.i2c_init) refers to uidiv.o(.text) for __aeabi_uidivmod
    kea128_i2c.o(i.i2c_init) refers to kea128_i2c.o(.constdata) for .constdata
    kea128_i2c.o(i.i2c_init) refers to common.o(.data) for bus_clk_khz
    kea128_i2c.o(i.i2c_init) refers to kea128_i2c.o(.data) for I2CN
    kea128_i2c.o(i.i2c_read_reg) refers to kea128_i2c.o(i.i2c_Wait) for i2c_Wait
    kea128_i2c.o(i.i2c_read_reg) refers to kea128_i2c.o(i.i2c_delay) for i2c_delay
    kea128_i2c.o(i.i2c_read_reg) refers to kea128_i2c.o(.data) for I2CN
    kea128_i2c.o(i.i2c_read_reg_bytes) refers to kea128_i2c.o(i.i2c_Wait) for i2c_Wait
    kea128_i2c.o(i.i2c_read_reg_bytes) refers to kea128_i2c.o(i.i2c_delay) for i2c_delay
    kea128_i2c.o(i.i2c_read_reg_bytes) refers to kea128_i2c.o(.data) for I2CN
    kea128_i2c.o(i.i2c_write_reg) refers to kea128_i2c.o(i.i2c_Wait) for i2c_Wait
    kea128_i2c.o(i.i2c_write_reg) refers to kea128_i2c.o(i.i2c_delay) for i2c_delay
    kea128_i2c.o(i.i2c_write_reg) refers to kea128_i2c.o(.data) for I2CN
    kea128_kbi.o(i.kbi_init) refers to kea128_port.o(i.port_pull) for port_pull
    kea128_kbi.o(i.kbi_init) refers to kea128_kbi.o(.data) for kbi
    kea128_spi.o(i.spi_init) refers to memcpya.o(.text) for __aeabi_memcpy4
    kea128_spi.o(i.spi_init) refers to uidiv.o(.text) for __aeabi_uidivmod
    kea128_spi.o(i.spi_init) refers to kea128_spi.o(.constdata) for .constdata
    kea128_spi.o(i.spi_init) refers to common.o(.data) for bus_clk_khz
    kea128_spi.o(i.spi_init) refers to kea128_spi.o(.data) for SPIN
    kea128_spi.o(i.spi_mosi) refers to kea128_spi.o(.data) for SPIN
    kea128_spi.o(i.spi_mosi_cmd) refers to kea128_spi.o(i.spi_mosi) for spi_mosi
    kea128_systick.o(i.systick_delay_ms) refers to kea128_systick.o(i.systick_delay) for systick_delay
    kea128_systick.o(i.systick_delay_ms) refers to common.o(.data) for core_clk_khz
    kea128_uart.o(i.fputc) refers to kea128_uart.o(i.uart_putchar) for uart_putchar
    kea128_uart.o(i.uart_getchar) refers to kea128_uart.o(.data) for uart
[...]
    printf1.o(i.__0vsprintf$1) refers to printf1.o(i._sputc) for _sputc
    printf1.o(i._printf_core) refers to uidiv.o(.text) for __aeabi_uidivmod
    printf2.o(i.__0fprintf$2) refers to printf2.o(i._printf_core) for _printf_core
    printf2.o(i.__0fprintf$2) refers to kea128_uart.o(i.fputc) for fputc
    printf2.o(i.__0printf$2) refers to printf2.o(i._printf_core) for _printf_core
    printf2.o(i.__0printf$2) refers to kea128_uart.o(i.fputc) for fputc
    printf2.o(i.__0printf$2) refers to stdout.o(.data) for __stdout
    printf2.o(i.__0snprintf$2) refers to printf2.o(i._printf_core) for _printf_core
    printf2.o(i.__0snprintf$2) refers to printf2.o(i._snputc) for _snputc
    printf2.o(i.__0sprintf$2) refers to printf2.o(i._printf_core) for _printf_core
    printf2.o(i.__0sprintf$2) refers to printf2.o(i._sputc) for _sputc
    printf2.o(i.__0vfprintf$2) refers to printf2.o(i._printf_core) for _printf_core
    printf2.o(i.__0vfprintf$2) refers to kea128_uart.o(i.fputc) for fputc
    printf2.o(i.__0vprintf$2) refers to printf2.o(i._printf_core) for _printf_core
    printf2.o(i.__0vprintf$2) refers to kea128_uart.o(i.fputc) for fputc
    printf2.o(i.__0vprintf$2) refers to stdout.o(.data) for __stdout
    printf2.o(i.__0vsnprintf$2) refers to printf2.o(i._printf_core) for _printf_core
    printf2.o(i.__0vsnprintf$2) refers to printf2.o(i._snputc) for _snputc
    printf2.o(i.__0vsprintf$2) refers to printf2.o(i._printf_core) for _printf_core
    printf2.o(i.__0vsprintf$2) refers to printf2.o(i._sputc) for _sputc
    printf3.o(i.__0fprintf$3) refers to printf3.o(i._printf_core) for _printf_core
    printf3.o(i.__0fprintf$3) refers to kea128_uart.o(i.fputc) for fputc
    printf3.o(i.__0printf$3) refers to printf3.o(i._printf_core) for _printf_core
    printf3.o(i.__0printf$3) refers to kea128_uart.o(i.fputc) for fputc
    printf3.o(i.__0printf$3) refers to stdout.o(.data) for __stdout
    printf3.o(i.__0snprintf$3) refers to printf3.o(i._printf_core) for _printf_core
    printf3.o(i.__0snprintf$3) refers to printf3.o(i._snputc) for _snputc
    printf3.o(i.__0sprintf$3) refers to printf3.o(i._printf_core) for _printf_core
    printf3.o(i.__0sprintf$3) refers to printf3.o(i._sputc) for _sputc
    printf3.o(i.__0vfprintf$3) refers to printf3.o(i._printf_core) for _printf_core
    printf3.o(i.__0vfprintf$3) refers to kea128_uart.o(i.fputc) for fputc
    printf3.o(i.__0vprintf$3) refers to printf3.o(i._printf_core) for _printf_core
    printf3.o(i.__0vprintf$3) refers to kea128_uart.o(i.fputc) for fputc
    printf3.o(i.__0vprintf$3) refers to stdout.o(.data) for __stdout
    printf3.o(i.__0vsnprintf$3) refers to printf3.o(i._printf_core) for _printf_core
    printf3.o(i.__0vsnprintf$3) refers to printf3.o(i._snputc) for _snputc
    printf3.o(i.__0vsprintf$3) refers to printf3.o(i._printf_core) for _printf_core
    printf3.o(i.__0vsprintf$3) refers to printf3.o(i._sputc) for _sputc
    printf3.o(i._printf_core) refers to uidiv.o(.text) for __aeabi_uidivmod
    printf4.o(i.__0fprintf$4) refers to printf4.o(i._printf_core) for _printf_core
    printf4.o(i.__0fprintf$4) refers to kea128_uart.o(i.fputc) for fputc
    printf4.o(i.__0printf$4) refers to printf4.o(i._printf_core) for _printf_core
    printf4.o(i.__0printf$4) refers to kea128_uart.o(i.fputc) for fputc
    printf4.o(i.__0printf$4) refers to stdout.o(.data) for __stdout
    printf4.o(i.__0snprintf$4) refers to printf4.o(i._printf_core) for _printf_core
    printf4.o(i.__0snprintf$4) refers to printf4.o(i._snputc) for _snputc
    printf4.o(i.__0sprintf$4) refers to printf4.o(i._printf_core) for _printf_core
    printf4.o(i.__0sprintf$4) refers to printf4.o(i._sputc) for _sputc
    printf4.o(i.__0vfprintf$4) refers to printf4.o(i._printf_core) for _printf_core
    printf4.o(i.__0vfprintf$4) refers to kea128_uart.o(i.fputc) for fputc
    printf4.o(i.__0vprintf$4) refers to printf4.o(i._printf_core) for _printf_core
    printf4.o(i.__0vprintf$4) refers to kea128_uart.o(i.fputc) for fputc
    printf4.o(i.__0vprintf$4) refers to stdout.o(.data) for __stdout
    printf4.o(i.__0vsnprintf$4) refers to printf4.o(i._printf_core) for _printf_core
    printf4.o(i.__0vsnprintf$4) refers to printf4.o(i._snputc) for _snputc
    printf4.o(i.__0vsprintf$4) refers to printf4.o(i._printf_core) for _printf_core
    printf4.o(i.__0vsprintf$4) refers to printf4.o(i._sputc) for _sputc
    printf4.o(i._printf_core) refers to uldiv.o(.text) for __aeabi_uldivmod
    printf5.o(i.__0fprintf$5) refers to printf5.o(i._printf_core) for _printf_core
    printf5.o(i.__0fprintf$5) refers to kea128_uart.o(i.fputc) for fputc
    printf5.o(i.__0printf$5) refers to printf5.o(i._printf_core) for _printf_core
    printf5.o(i.__0printf$5) refers to kea128_uart.o(i.fputc) for fputc
    printf5.o(i.__0printf$5) refers to stdout.o(.data) for __stdout
    printf5.o(i.__0snprintf$5) refers to printf5.o(i._printf_core) for _printf_core
    printf5.o(i.__0snprintf$5) refers to printf5.o(i._snputc) for _snputc
    printf5.o(i.__0sprintf$5) refers to printf5.o(i._printf_core) for _printf_core
    printf5.o(i.__0sprintf$5) refers to printf5.o(i._sputc) for _sputc
    printf5.o(i.__0vfprintf$5) refers to printf5.o(i._printf_core) for _printf_core
    printf5.o(i.__0vfprintf$5) refers to kea128_uart.o(i.fputc) for fputc
    printf5.o(i.__0vprintf$5) refers to printf5.o(i._printf_core) for _printf_core
    printf5.o(i.__0vprintf$5) refers to kea128_uart.o(i.fputc) for fputc
    printf5.o(i.__0vprintf$5) refers to stdout.o(.data) for __stdout
    printf5.o(i.__0vsnprintf$5) refers to printf5.o(i._printf_core) for _printf_core
    printf5.o(i.__0vsnprintf$5) refers to printf5.o(i._snputc) for _snputc
    printf5.o(i.__0vsprintf$5) refers to printf5.o(i._printf_core) for _printf_core
    printf5.o(i.__0vsprintf$5) refers to printf5.o(i._sputc) for _sputc
    printf5.o(i._printf_core) refers to uldiv.o(.text) for __aeabi_uldivmod
    printf6.o(i.__0fprintf$6) refers to printf6.o(i._printf_core) for _printf_core
    printf6.o(i.__0fprintf$6) refers to kea128_uart.o(i.fputc) for fputc
    printf6.o(i.__0printf$6) refers to printf6.o(i._printf_core) for _printf_core
    printf6.o(i.__0printf$6) refers to kea128_uart.o(i.fputc) for fputc
    printf6.o(i.__0printf$6) refers to stdout.o(.data) for __stdout
    printf6.o(i.__0snprintf$6) refers to printf6.o(i._printf_core) for _printf_core
    printf6.o(i.__0snprintf$6) refers to printf6.o(i._snputc) for _snputc
    printf6.o(i.__0sprintf$6) refers to printf6.o(i._printf_core) for _printf_core
    printf6.o(i.__0sprintf$6) refers to printf6.o(i._sputc) for _sputc
    printf6.o(i.__0vfprintf$6) refers to printf6.o(i._printf_core) for _printf_core
    printf6.o(i.__0vfprintf$6) refers to kea128_uart.o(i.fputc) for fputc
    printf6.o(i.__0vprintf$6) refers to printf6.o(i._printf_core) for _printf_core
    printf6.o(i.__0vprintf$6) refers to kea128_uart.o(i.fputc) for fputc
    printf6.o(i.__0vprintf$6) refers to stdout.o(.data) for __stdout
    printf6.o(i.__0vsnprintf$6) refers to printf6.o(i._printf_core) for _printf_core
    printf6.o(i.__0vsnprintf$6) refers to printf6.o(i._snputc) for _snputc
    printf6.o(i.__0vsprintf$6) refers to printf6.o(i._printf_core) for _printf_core
    printf6.o(i.__0vsprintf$6) refers to printf6.o(i._sputc) for _sputc
    printf6.o(i._printf_core) refers to printf6.o(i._printf_pre_padding) for _printf_pre_padding
    printf6.o(i._printf_core) refers to printf6.o(i._printf_post_padding) for _printf_post_padding
    printf6.o(i._printf_core) refers to uidiv.o(.text) for __aeabi_uidivmod
    printf7.o(i.__0fprintf$7) refers to printf7.o(i._printf_core) for _printf_core
    printf7.o(i.__0fprintf$7) refers to kea128_uart.o(i.fputc) for fputc
    printf7.o(i.__0printf$7) refers to printf7.o(i._printf_core) for _printf_core
    printf7.o(i.__0printf$7) refers to kea128_uart.o(i.fputc) for fputc
    printf7.o(i.__0printf$7) refers to stdout.o(.data) for __stdout
    printf7.o(i.__0snprintf$7) refers to printf7.o(i._printf_core) for _printf_core
    printf7.o(i.__0snprintf$7) refers to printf7.o(i._snputc) for _snputc
    printf7.o(i.__0sprintf$7) refers to printf7.o(i._printf_core) for _printf_core
    printf7.o(i.__0sprintf$7) refers to printf7.o(i._sputc) for _sputc
    printf7.o(i.__0vfprintf$7) refers to printf7.o(i._printf_core) for _printf_core
    printf7.o(i.__0vfprintf$7) refers to kea128_uart.o(i.fputc) for fputc
    printf7.o(i.__0vprintf$7) refers to printf7.o(i._printf_core) for _printf_core
    printf7.o(i.__0vprintf$7) refers to kea128_uart.o(i.fputc) for fputc
    printf7.o(i.__0vprintf$7) refers to stdout.o(.data) for __stdout
    printf7.o(i.__0vsnprintf$7) refers to printf7.o(i._printf_core) for _printf_core
    printf7.o(i.__0vsnprintf$7) refers to printf7.o(i._snputc) for _snputc
    printf7.o(i.__0vsprintf$7) refers to printf7.o(i._printf_core) for _printf_core
    printf7.o(i.__0vsprintf$7) refers to printf7.o(i._sputc) for _sputc
    printf7.o(i._printf_core) refers to printf7.o(i._printf_pre_padding) for _printf_pre_padding
    printf7.o(i._printf_core) refers to printf7.o(i._printf_post_padding) for _printf_post_padding
    printf7.o(i._printf_core) refers to uldiv.o(.text) for __aeabi_uldivmod
    printf8.o(i.__0fprintf$8) refers to printf8.o(i._printf_core) for _printf_core
    printf8.o(i.__0fprintf$8) refers to kea128_uart.o(i.fputc) for fputc
    printf8.o(i.__0printf$8) refers to printf8.o(i._printf_core) for _printf_core
    printf8.o(i.__0printf$8) refers to kea128_uart.o(i.fputc) for fputc
    printf8.o(i.__0printf$8) refers to stdout.o(.data) for __stdout
    printf8.o(i.__0snprintf$8) refers to printf8.o(i._printf_core) for _printf_core
    printf8.o(i.__0snprintf$8) refers to printf8.o(i._snputc) for _snputc
    printf8.o(i.__0sprintf$8) refers to printf8.o(i._printf_core) for _printf_core
    printf8.o(i.__0sprintf$8) refers to printf8.o(i._sputc) for _sputc
    printf8.o(i.__0vfprintf$8) refers to printf8.o(i._printf_core) for _printf_core
    printf8.o(i.__0vfprintf$8) refers to kea128_uart.o(i.fputc) for fputc
    printf8.o(i.__0vprintf$8) refers to printf8.o(i._printf_core) for _printf_core
    printf8.o(i.__0vprintf$8) refers to kea128_uart.o(i.fputc) for fputc
    printf8.o(i.__0vprintf$8) refers to stdout.o(.data) for __stdout
    printf8.o(i.__0vsnprintf$8) refers to printf8.o(i._printf_core) for _printf_core
    printf8.o(i.__0vsnprintf$8) refers to printf8.o(i._snputc) for _snputc
    printf8.o(i.__0vsprintf$8) refers to printf8.o(i._printf_core) for _printf_core
    printf8.o(i.__0vsprintf$8) refers to printf8.o(i._sputc) for _sputc
    printf8.o(i._printf_core) refers to printf8.o(i._printf_pre_padding) for _printf_pre_padding
    printf8.o(i._printf_core) refers to printf8.o(i._printf_post_padding) for _printf_post_padding
    printf8.o(i._printf_core) refers to uldiv.o(.text) for __aeabi_uldivmod
    printfa.o(i.__0fprintf) refers (Special) to iusefp.o(.text) for __I$use$fp
    printfa.o(i.__0fprintf) refers to printfa.o(i._printf_core) for _printf_core
    printfa.o(i.__0fprintf) refers to kea128_uart.o(i.fputc) for fputc
    printfa.o(i.__0printf) refers (Special) to iusefp.o(.text) for __I$use$fp
    printfa.o(i.__0printf) refers to printfa.o(i._printf_core) for _printf_core
    printfa.o(i.__0printf) refers to kea128_uart.o(i.fputc) for fputc
    printfa.o(i.__0printf) refers to stdout.o(.data) for __stdout
    printfa.o(i.__0snprintf) refers (Special) to iusefp.o(.text) for __I$use$fp
    printfa.o(i.__0snprintf) refers to printfa.o(i._printf_core) for _printf_core
    printfa.o(i.__0snprintf) refers to printfa.o(i._snputc) for _snputc
    printfa.o(i.__0sprintf) refers (Special) to iusefp.o(.text) for __I$use$fp
    printfa.o(i.__0sprintf) refers to printfa.o(i._printf_core) for _printf_core
    printfa.o(i.__0sprintf) refers to printfa.o(i._sputc) for _sputc
    printfa.o(i.__0vfprintf) refers (Special) to iusefp.o(.text) for __I$use$fp
    printfa.o(i.__0vfprintf) refers to printfa.o(i._printf_core) for _printf_core
    printfa.o(i.__0vfprintf) refers to kea128_uart.o(i.fputc) for fputc
    printfa.o(i.__0vprintf) refers (Special) to iusefp.o(.text) for __I$use$fp
    printfa.o(i.__0vprintf) refers to printfa.o(i._printf_core) for _printf_core
    printfa.o(i.__0vprintf) refers to kea128_uart.o(i.fputc) for fputc
    printfa.o(i.__0vprintf) refers to stdout.o(.data) for __stdout
    printfa.o(i.__0vsnprintf) refers (Special) to iusefp.o(.text) for __I$use$fp
    printfa.o(i.__0vsnprintf) refers to printfa.o(i._printf_core) for _printf_core
    printfa.o(i.__0vsnprintf) refers to printfa.o(i._snputc) for _snputc
    printfa.o(i.__0vsprintf) refers (Special) to iusefp.o(.text) for __I$use$fp
    printfa.o(i.__0vsprintf) refers to printfa.o(i._printf_core) for _printf_core
    printfa.o(i.__0vsprintf) refers to printfa.o(i._sputc) for _sputc
    printfa.o(i._fp_digits) refers (Special) to iusefp.o(.text) for __I$use$fp
    printfa.o(i._fp_digits) refers to dmul.o(.text) for __aeabi_dmul
    printfa.o(i._fp_digits) refers to ddiv.o(.text) for __aeabi_ddiv
    printfa.o(i._fp_digits) refers to cdrcmple.o(.text) for __aeabi_cdrcmple
    printfa.o(i._fp_digits) refers to dadd.o(.text) for __aeabi_dadd
    printfa.o(i._fp_digits) refers to dfixul.o(.text) for __aeabi_d2ulz
    printfa.o(i._fp_digits) refers to uldiv.o(.text) for __aeabi_uldivmod
    printfa.o(i._printf_core) refers (Special) to iusefp.o(.text) for __I$use$fp
    printfa.o(i._printf_core) refers to printfa.o(i._printf_pre_padding) for _printf_pre_padding
    printfa.o(i._printf_core) refers to uldiv.o(.text) for __aeabi_uldivmod
    printfa.o(i._printf_core) refers to printfa.o(i._printf_post_padding) for _printf_post_padding
    printfa.o(i._printf_core) refers to printfa.o(i._fp_digits) for _fp_digits
    printfa.o(i._printf_core) refers to uidiv.o(.text) for __aeabi_uidivmod
    printfa.o(i._printf_post_padding) refers (Special) to iusefp.o(.text) for __I$use$fp
    printfa.o(i._printf_pre_padding) refers (Special) to iusefp.o(.text) for __I$use$fp
    printfa.o(i._snputc) refers (Special) to iusefp.o(.text) for __I$use$fp
    printfa.o(i._sputc) refers (Special) to iusefp.o(.text) for __I$use$fp
    fadd.o(.text) refers (Special) to iusefp.o(.text) for __I$use$fp
    fadd.o(.text) refers to fepilogue.o(.text) for _float_epilogue
    fmul.o(.text) refers (Special) to iusefp.o(.text) for __I$use$fp
    fdiv.o(.text) refers (Special) to iusefp.o(.text) for __I$use$fp
    fdiv.o(.text) refers to fepilogue.o(.text) for _float_round
    dadd.o(.text) refers (Special) to iusefp.o(.text) for __I$use$fp
    dadd.o(.text) refers to llshl.o(.text) for __aeabi_llsl
    dadd.o(.text) refers to llsshr.o(.text) for __aeabi_lasr
    dadd.o(.text) refers to depilogue.o(.text) for _double_epilogue
    dmul.o(.text) refers (Special) to iusefp.o(.text) for __I$use$fp
    dmul.o(.text) refers to depilogue.o(.text) for _double_epilogue
    ddiv.o(.text) refers (Special) to iusefp.o(.text) for __I$use$fp
    ddiv.o(.text) refers to depilogue.o(.text) for _double_round
    fflti.o(.text) refers (Special) to iusefp.o(.text) for __I$use$fp
    fflti.o(.text) refers to fepilogue.o(.text) for _float_epilogue
    ffltui.o(.text) refers (Special) to iusefp.o(.text) for __I$use$fp
    ffltui.o(.text) refers to fepilogue.o(.text) for _float_epilogue
    dflti.o(.text) refers (Special) to iusefp.o(.text) for __I$use$fp
    dflti.o(.text) refers to depilogue.o(.text) for _double_epilogue
    dfltui.o(.text) refers (Special) to iusefp.o(.text) for __I$use$fp
    dfltui.o(.text) refers to depilogue.o(.text) for _double_epilogue
    ffixi.o(.text) refers (Special) to iusefp.o(.text) for __I$use$fp
    ffixui.o(.text) refers (Special) to iusefp.o(.text) for __I$use$fp
    dfixi.o(.text) refers (Special) to iusefp.o(.text) for __I$use$fp
    dfixi.o(.text) refers to llushr.o(.text) for __aeabi_llsr
    dfixui.o(.text) refers (Special) to iusefp.o(.text) for __I$use$fp
    dfixui.o(.text) refers to llushr.o(.text) for __aeabi_llsr
    f2d.o(.text) refers (Special) to iusefp.o(.text) for __I$use$fp
    cdcmple.o(.text) refers (Special) to iusefp.o(.text) for __I$use$fp
    cdrcmple.o(.text) refers (Special) to iusefp.o(.text) for __I$use$fp
    d2f.o(.text) refers (Special) to iusefp.o(.text) for __I$use$fp
    d2f.o(.text) refers to fepilogue.o(.text) for _float_round
    cfcmple.o(.text) refers (Special) to iusefp.o(.text) for __I$use$fp
    cfrcmple.o(.text) refers (Special) to iusefp.o(.text) for __I$use$fp
    entry2.o(.ARM.Collect$$$$00000001) refers to entry2.o(.ARM.Collect$$$$00002712) for __lit__00000000
    entry2.o(.ARM.Collect$$$$00002712) refers to startup_skeaz1284.o(STACK) for __initial_sp
    entry2.o(__vectab_stack_and_reset_area) refers to startup_skeaz1284.o(STACK) for __initial_sp
    entry2.o(__vectab_stack_and_reset_area) refers to entry.o(.ARM.Collect$$$$00000000) for __main
    entry5.o(.ARM.Collect$$$$00000004) refers to init.o(.text) for __scatterload
    entry9a.o(.ARM.Collect$$$$0000000B) refers to main.o(i.main) for main
    entry9b.o(.ARM.Collect$$$$0000000C) refers to main.o(i.main) for main
    uldiv.o(.text) refers to llushr.o(.text) for __aeabi_llsr
    uldiv.o(.text) refers to llshl.o(.text) for __aeabi_llsl
    depilogue.o(.text) refers to depilogue.o(i.__ARM_clz) for __ARM_clz
    depilogue.o(.text) refers to llshl.o(.text) for __aeabi_llsl
    depilogue.o(.text) refers to llushr.o(.text) for __aeabi_llsr
    dfixul.o(.text) refers to llushr.o(.text) for __aeabi_llsr
    dfixul.o(.text) refers to llshl.o(.text) for __aeabi_llsl
    init.o(.text) refers to entry5.o(.ARM.Collect$$$$00000004) for __main_after_scatterload


==============================================================================

Removing Unused input sections from the image.

    Removing common.o(.rev16_text), (4 bytes).
    Removing common.o(.revsh_text), (4 bytes).
    Removing kea128_adc.o(.rev16_text), (4 bytes).
    Removing kea128_adc.o(.revsh_text), (4 bytes).
    Removing kea128_adc.o(i.adc_stop), (12 bytes).
    Removing kea128_flash.o(.rev16_text), (4 bytes).
    Removing kea128_flash.o(.revsh_text), (4 bytes).
    Removing kea128_flash.o(i.FLASH_EraseSector), (48 bytes).
    Removing kea128_flash.o(i.FLASH_GetSectorSize), (6 bytes).
    Removing kea128_flash.o(i.FLASH_Init), (76 bytes).
    Removing kea128_flash.o(i.FLASH_WriteSector), (112 bytes).
    Removing kea128_flash.o(i.FlashCmdStart), (60 bytes).
    Removing kea128_flash.o(.data), (20 bytes).
    Removing kea128_ftm.o(.rev16_text), (4 bytes).
    Removing kea128_ftm.o(.revsh_text), (4 bytes).
    Removing kea128_ftm.o(i.ftm_pwm_freq), (132 bytes).
    Removing kea128_gpio.o(.rev16_text), (4 bytes).
    Removing kea128_gpio.o(.revsh_text), (4 bytes).
    Removing kea128_gpio.o(i.gpio_ddr), (168 bytes).
    Removing kea128_i2c.o(.rev16_text), (4 bytes).
    Removing kea128_i2c.o(.revsh_text), (4 bytes).
    Removing kea128_i2c.o(i.i2c_Wait), (156 bytes).
    Removing kea128_i2c.o(i.i2c_delay), (24 bytes).
    Removing kea128_i2c.o(i.i2c_init), (280 bytes).
    Removing kea128_i2c.o(i.i2c_read_reg), (188 bytes).
    Removing kea128_i2c.o(i.i2c_read_reg_bytes), (280 bytes).
    Removing kea128_i2c.o(i.i2c_write_reg), (104 bytes).
    Removing kea128_i2c.o(.constdata), (128 bytes).
    Removing kea128_i2c.o(.data), (12 bytes).
    Removing kea128_irq.o(.rev16_text), (4 bytes).
    Removing kea128_irq.o(.revsh_text), (4 bytes).
    Removing kea128_irq.o(i.irq_init), (52 bytes).
    Removing kea128_kbi.o(.rev16_text), (4 bytes).
    Removing kea128_kbi.o(.revsh_text), (4 bytes).
    Removing kea128_kbi.o(i.kbi_init), (248 bytes).
    Removing kea128_kbi.o(.data), (8 bytes).
    Removing kea128_pit.o(.rev16_text), (4 bytes).
    Removing kea128_pit.o(.revsh_text), (4 bytes).
    Removing kea128_pit.o(i.pit_close), (48 bytes).
    Removing kea128_pit.o(i.pit_time_get), (88 bytes).
    Removing kea128_pit.o(i.pit_time_start), (88 bytes).
    Removing kea128_port.o(.rev16_text), (4 bytes).
    Removing kea128_port.o(.revsh_text), (4 bytes).
    Removing kea128_spi.o(.rev16_text), (4 bytes).
    Removing kea128_spi.o(.revsh_text), (4 bytes).
    Removing kea128_spi.o(i.spi_init), (308 bytes).
    Removing kea128_spi.o(i.spi_mosi), (96 bytes).
    Removing kea128_spi.o(i.spi_mosi_cmd), (44 bytes).
    Removing kea128_spi.o(.constdata), (36 bytes).
    Removing kea128_spi.o(.data), (8 bytes).
    Removing kea128_systick.o(.rev16_text), (4 bytes).
    Removing kea128_systick.o(.revsh_text), (4 bytes).
    Removing kea128_systick.o(i.systick_delay), (48 bytes).
    Removing kea128_systick.o(i.systick_delay_ms), (28 bytes).
    Removing kea128_systick.o(i.systick_getval), (12 bytes).
    Removing kea128_systick.o(i.systick_timing), (24 bytes).
    Removing kea128_uart.o(.rev16_text), (4 bytes).
    Removing kea128_uart.o(.revsh_text), (4 bytes).
    Removing kea128_uart.o(i.NVIC_DisableIRQ), (20 bytes).
    Removing kea128_uart.o(i.NVIC_EnableIRQ), (20 bytes).
    Removing kea128_uart.o(i.fputc), (18 bytes).
    Removing kea128_uart.o(i.uart_getchar), (36 bytes).
    Removing kea128_uart.o(i.uart_putbuff), (30 bytes).
    Removing kea128_uart.o(i.uart_putchar), (32 bytes).
    Removing kea128_uart.o(i.uart_putstr), (26 bytes).
    Removing kea128_uart.o(i.uart_rx_irq_dis), (56 bytes).
    Removing kea128_uart.o(i.uart_rx_irq_en), (40 bytes).
    Removing kea128_uart.o(i.uart_txc_irq_dis), (56 bytes).
    Removing kea128_uart.o(i.uart_txc_irq_en), (40 bytes).
    Removing misc.o(.rev16_text), (4 bytes).
    Removing misc.o(.revsh_text), (4 bytes).
    Removing misc.o(i.write_vtor), (12 bytes).
    Removing system_skeaz1284.o(.rev16_text), (4 bytes).
    Removing system_skeaz1284.o(.revsh_text), (4 bytes).
    Removing startup_skeaz1284.o(HEAP), (2048 bytes).
    Removing oled.o(.rev16_text), (4 bytes).
    Removing oled.o(.revsh_text), (4 bytes).
    Removing oled.o(i.Cache_OLED_P6x8Num_0X), (112 bytes).
    Removing oled.o(i.Cache_OLED_P6x8byte_inverse), (88 bytes).
    Removing oled.o(i.Draw_BMP), (74 bytes).
    Removing oled.o(i.Draw_LOGO), (24 bytes).
    Removing oled.o(i.OLED_CLS), (56 bytes).
    Removing oled.o(i.OLED_CLS_Y), (46 bytes).
    Removing oled.o(i.OLED_P14x16Str), (252 bytes).
    Removing oled.o(i.OLED_P6x8Num), (112 bytes).
    Removing oled.o(i.OLED_P6x8Str), (100 bytes).
    Removing oled.o(i.OLED_P6x8byte_inverse), (92 bytes).
    Removing oled.o(i.OLED_P6x8floatNum), (132 bytes).
    Removing oled.o(i.OLED_P8x16Str), (140 bytes).
    Removing oled.o(i.OLED_P8x16floatNum), (176 bytes).
    Removing oled.o(i.OLED_Print), (96 bytes).
    Removing oled.o(i.OLED_PutPixel), (74 bytes).
    Removing oled.o(i.OLED_Rectangle), (128 bytes).
    Removing sensor.o(.rev16_text), (4 bytes).
    Removing sensor.o(.revsh_text), (4 bytes).
    Removing sensor.o(i.ad_init), (58 bytes).
    Removing sensor.o(i.find_max_ad), (56 bytes).
    Removing sensor.o(i.get_adc_int_val), (448 bytes).
    Removing sensor.o(.bss), (280 bytes).
    Removing car_key.o(.rev16_text), (4 bytes).
    Removing car_key.o(.revsh_text), (4 bytes).
    Removing car_key.o(i.Key_Inquire_GD), (12 bytes).
    Removing car_key.o(i.Key_Message_Init), (400 bytes).
    Removing ano_dt.o(.rev16_text), (4 bytes).
    Removing ano_dt.o(.revsh_text), (4 bytes).
    Removing ano_dt.o(i.ANO_DT_Data_Exchange), (324 bytes).
    Removing ano_dt.o(i.ANO_DT_Data_Receive_Anl), (160 bytes).
    Removing ano_dt.o(i.ANO_DT_Send_Check), (68 bytes).
    Removing ano_dt.o(i.ANO_DT_Send_Data), (18 bytes).
    Removing ano_dt.o(i.ANO_DT_Send_MotoPWM), (304 bytes).
    Removing ano_dt.o(i.ANO_DT_Send_PID), (512 bytes).
    Removing ano_dt.o(i.ANO_DT_Send_Power), (148 bytes).
    Removing ano_dt.o(i.ANO_DT_Send_Senser), (372 bytes).
    Removing ano_dt.o(i.ANO_DT_Send_Status), (316 bytes).
    Removing ano_dt.o(.bss), (63 bytes).
    Removing ano_dt.o(.data), (6 bytes).
    Removing isr.o(.rev16_text), (4 bytes).
    Removing isr.o(.revsh_text), (4 bytes).
    Removing main.o(.rev16_text), (4 bytes).
    Removing main.o(.revsh_text), (4 bytes).
    Removing main.o(i.speed_control), (440 bytes).
    Removing ffixui.o(.text), (40 bytes).
    Removing dfixui.o(.text), (60 bytes).

123 unused section(s) (total 11331 bytes) removed from the image.

==============================================================================

Image Symbol Table

    Local Symbols

    Symbol Name                              Value     Ov Type        Size  Object(Section)

    RESET                                    0x00000000   Section      192  startup_skeaz1284.o(RESET)
    ../clib/microlib/division.c              0x00000000   Number         0  idiv.o ABSOLUTE
    ../clib/microlib/division.c              0x00000000   Number         0  uidiv.o ABSOLUTE
    ../clib/microlib/division.c              0x00000000   Number         0  uldiv.o ABSOLUTE
    ../clib/microlib/init/entry.s            0x00000000   Number         0  entry9a.o ABSOLUTE
    ../clib/microlib/init/entry.s            0x00000000   Number         0  entry9b.o ABSOLUTE
    ../clib/microlib/init/entry.s            0x00000000   Number         0  entry.o ABSOLUTE
    ../clib/microlib/init/entry.s            0x00000000   Number         0  entry11b.o ABSOLUTE
    ../clib/microlib/init/entry.s            0x00000000   Number         0  entry7b.o ABSOLUTE
    ../clib/microlib/init/entry.s            0x00000000   Number         0  entry8a.o ABSOLUTE
    ../clib/microlib/init/entry.s            0x00000000   Number         0  entry11a.o ABSOLUTE
    ../clib/microlib/init/entry.s            0x00000000   Number         0  entry10b.o ABSOLUTE
    ../clib/microlib/init/entry.s            0x00000000   Number         0  entry8b.o ABSOLUTE
    ../clib/microlib/init/entry.s            0x00000000   Number         0  entry2.o ABSOLUTE
    ../clib/microlib/init/entry.s            0x00000000   Number         0  entry5.o ABSOLUTE
    ../clib/microlib/init/entry.s            0x00000000   Number         0  entry7a.o ABSOLUTE
    ../clib/microlib/init/entry.s            0x00000000   Number         0  entry10a.o ABSOLUTE
    ../clib/microlib/longlong.c              0x00000000   Number         0  llsshr.o ABSOLUTE
    ../clib/microlib/longlong.c              0x00000000   Number         0  llshl.o ABSOLUTE
    ../clib/microlib/longlong.c              0x00000000   Number         0  llushr.o ABSOLUTE
    ../clib/microlib/printf/printf.c         0x00000000   Number         0  printf1.o ABSOLUTE
    ../clib/microlib/printf/printf.c         0x00000000   Number         0  printf0.o ABSOLUTE
    ../clib/microlib/printf/printf.c         0x00000000   Number         0  printfb.o ABSOLUTE
    ../clib/microlib/printf/printf.c         0x00000000   Number         0  printf3.o ABSOLUTE
    ../clib/microlib/printf/printf.c         0x00000000   Number         0  printf4.o ABSOLUTE
    ../clib/microlib/printf/printf.c         0x00000000   Number         0  printf5.o ABSOLUTE
    ../clib/microlib/printf/printf.c         0x00000000   Number         0  printf6.o ABSOLUTE
    ../clib/microlib/printf/printf.c         0x00000000   Number         0  printf7.o ABSOLUTE
    ../clib/microlib/printf/printf.c         0x00000000   Number         0  printf8.o ABSOLUTE
    ../clib/microlib/printf/printf.c         0x00000000   Number         0  printfa.o ABSOLUTE
    ../clib/microlib/printf/printf.c         0x00000000   Number         0  printf2.o ABSOLUTE
    ../clib/microlib/printf/stubs.s          0x00000000   Number         0  stubs.o ABSOLUTE
    ../clib/microlib/stdio/streams.c         0x00000000   Number         0  stdout.o ABSOLUTE
    ../clib/microlib/string/memcpy.c         0x00000000   Number         0  memcpyb.o ABSOLUTE
    ../clib/microlib/string/memcpy.c         0x00000000   Number         0  memcpya.o ABSOLUTE
    ../clib/microlib/stubs.s                 0x00000000   Number         0  iusefp.o ABSOLUTE
    ../fplib/microlib/d2f.c                  0x00000000   Number         0  d2f.o ABSOLUTE
    ../fplib/microlib/f2d.c                  0x00000000   Number         0  f2d.o ABSOLUTE
    ../fplib/microlib/fpadd.c                0x00000000   Number         0  fadd.o ABSOLUTE
    ../fplib/microlib/fpadd.c                0x00000000   Number         0  dadd.o ABSOLUTE
    ../fplib/microlib/fpdiv.c                0x00000000   Number         0  ddiv.o ABSOLUTE
    ../fplib/microlib/fpdiv.c                0x00000000   Number         0  fdiv.o ABSOLUTE
    ../fplib/microlib/fpepilogue.c           0x00000000   Number         0  fepilogue.o ABSOLUTE
    ../fplib/microlib/fpepilogue.c           0x00000000   Number         0  depilogue.o ABSOLUTE
    ../fplib/microlib/fpfix.c                0x00000000   Number         0  ffixi.o ABSOLUTE
    ../fplib/microlib/fpfix.c                0x00000000   Number         0  ffixui.o ABSOLUTE
    ../fplib/microlib/fpfix.c                0x00000000   Number         0  dfixi.o ABSOLUTE
    ../fplib/microlib/fpfix.c                0x00000000   Number         0  dfixui.o ABSOLUTE
    ../fplib/microlib/fpfix.c                0x00000000   Number         0  dfixul.o ABSOLUTE
    ../fplib/microlib/fpflt.c                0x00000000   Number         0  dfltui.o ABSOLUTE
    ../fplib/microlib/fpflt.c                0x00000000   Number         0  ffltui.o ABSOLUTE
    ../fplib/microlib/fpflt.c                0x00000000   Number         0  dflti.o ABSOLUTE
    ../fplib/microlib/fpflt.c                0x00000000   Number         0  fflti.o ABSOLUTE
    ../fplib/microlib/fpmul.c                0x00000000   Number         0  dmul.o ABSOLUTE
    ../fplib/microlib/fpmul.c                0x00000000   Number         0  fmul.o ABSOLUTE
    ..\..\..\software\Car\Car_Key.c          0x00000000   Number         0  car_key.o ABSOLUTE
    ..\..\..\software\Car\Myflash.c          0x00000000   Number         0  myflash.o ABSOLUTE
    ..\..\..\software\Car\motor.c            0x00000000   Number         0  motor.o ABSOLUTE
    ..\..\..\software\Car\sensor.c           0x00000000   Number         0  sensor.o ABSOLUTE
    ..\..\..\software\Car\servo.c            0x00000000   Number         0  servo.o ABSOLUTE
    ..\..\..\software\Debug\ANO_DT.c         0x00000000   Number         0  ano_dt.o ABSOLUTE
    ..\..\..\software\Debug\UI.c             0x00000000   Number         0  ui.o ABSOLUTE
    ..\..\..\software\Debug\debug.c          0x00000000   Number         0  debug.o ABSOLUTE
    ..\..\..\software\Libraries\drives\src\KEA128_adc.c 0x00000000   Number         0  kea128_adc.o ABSOLUTE
    ..\..\..\software\Libraries\drives\src\KEA128_flash.c 0x00000000   Number         0  kea128_flash.o ABSOLUTE
    ..\..\..\software\Libraries\drives\src\KEA128_ftm.c 0x00000000   Number         0  kea128_ftm.o ABSOLUTE
    ..\..\..\software\Libraries\drives\src\KEA128_gpio.c 0x00000000   Number         0  kea128_gpio.o ABSOLUTE
    ..\..\..\software\Libraries\drives\src\KEA128_i2c.c 0x00000000   Number         0  kea128_i2c.o ABSOLUTE
    ..\..\..\software\Libraries\drives\src\KEA128_irq.c 0x00000000   Number         0  kea128_irq.o ABSOLUTE
    ..\..\..\software\Libraries\drives\src\KEA128_kbi.c 0x00000000   Number         0  kea128_kbi.o ABSOLUTE
    ..\..\..\software\Libraries\drives\src\KEA128_pit.c 0x00000000   Number         0  kea128_pit.o ABSOLUTE
    ..\..\..\software\Libraries\drives\src\KEA128_port.c 0x00000000   Number         0  kea128_port.o ABSOLUTE
    ..\..\..\software\Libraries\drives\src\KEA128_spi.c 0x00000000   Number         0  kea128_spi.o ABSOLUTE
    ..\..\..\software\Libraries\drives\src\KEA128_systick.c 0x00000000   Number         0  kea128_systick.o ABSOLUTE
    ..\..\..\software\Libraries\drives\src\KEA128_uart.c 0x00000000   Number         0  kea128_uart.o ABSOLUTE
    ..\..\..\software\Libraries\drives\src\common.c 0x00000000   Number         0  common.o ABSOLUTE
    ..\..\..\software\Libraries\drives\src\misc.c 0x00000000   Number         0  misc.o ABSOLUTE
    ..\..\..\software\Libraries\startup\DeviceSupport\MDK-ARM\startup_SKEAZ1284.s 0x00000000   Number         0  startup_skeaz1284.o ABSOLUTE
    ..\..\..\software\Libraries\startup\DeviceSupport\system_SKEAZ1284.c 0x00000000   Number         0  system_skeaz1284.o ABSOLUTE
    ..\..\..\software\Module\OLED.c          0x00000000   Number         0  oled.o ABSOLUTE
    ..\USER\src\isr.c                        0x00000000   Number         0  isr.o ABSOLUTE
    ..\USER\src\main.c                       0x00000000   Number         0  main.o ABSOLUTE
    ..\\..\\..\\software\\Car\\Car_Key.c     0x00000000   Number         0  car_key.o ABSOLUTE
    ..\\..\\..\\software\\Car\\sensor.c      0x00000000   Number         0  sensor.o ABSOLUTE
    ..\\..\\..\\software\\Debug\\ANO_DT.c    0x00000000   Number         0  ano_dt.o ABSOLUTE
    ..\\..\\..\\software\\Libraries\\drives\\src\\KEA128_adc.c 0x00000000   Number         0  kea128_adc.o ABSOLUTE
    ..\\..\\..\\software\\Libraries\\drives\\src\\KEA128_flash.c 0x00000000   Number         0  kea128_flash.o ABSOLUTE
    ..\\..\\..\\software\\Libraries\\drives\\src\\KEA128_ftm.c 0x00000000   Number         0  kea128_ftm.o ABSOLUTE
    ..\\..\\..\\software\\Libraries\\drives\\src\\KEA128_gpio.c 0x00000000   Number         0  kea128_gpio.o ABSOLUTE
    ..\\..\\..\\software\\Libraries\\drives\\src\\KEA128_i2c.c 0x00000000   Number         0  kea128_i2c.o ABSOLUTE
    ..\\..\\..\\software\\Libraries\\drives\\src\\KEA128_irq.c 0x00000000   Number         0  kea128_irq.o ABSOLUTE
    ..\\..\\..\\software\\Libraries\\drives\\src\\KEA128_kbi.c 0x00000000   Number         0  kea128_kbi.o ABSOLUTE
    ..\\..\\..\\software\\Libraries\\drives\\src\\KEA128_pit.c 0x00000000   Number         0  kea128_pit.o ABSOLUTE
    ..\\..\\..\\software\\Libraries\\drives\\src\\KEA128_port.c 0x00000000   Number         0  kea128_port.o ABSOLUTE
    ..\\..\\..\\software\\Libraries\\drives\\src\\KEA128_spi.c 0x00000000   Number         0  kea128_spi.o ABSOLUTE
    ..\\..\\..\\software\\Libraries\\drives\\src\\KEA128_systick.c 0x00000000   Number         0  kea128_systick.o ABSOLUTE
    ..\\..\\..\\software\\Libraries\\drives\\src\\KEA128_uart.c 0x00000000   Number         0  kea128_uart.o ABSOLUTE
    ..\\..\\..\\software\\Libraries\\drives\\src\\common.c 0x00000000   Number         0  common.o ABSOLUTE
    ..\\..\\..\\software\\Libraries\\drives\\src\\misc.c 0x00000000   Number         0  misc.o ABSOLUTE
    ..\\..\\..\\software\\Libraries\\startup\\DeviceSupport\\system_SKEAZ1284.c 0x00000000   Number         0  system_skeaz1284.o ABSOLUTE
    ..\\..\\..\\software\\Module\\OLED.c     0x00000000   Number         0  oled.o ABSOLUTE
    ..\\USER\\src\\isr.c                     0x00000000   Number         0  isr.o ABSOLUTE
    ..\\USER\\src\\main.c                    0x00000000   Number         0  main.o ABSOLUTE
    cdcmple.s                                0x00000000   Number         0  cdcmple.o ABSOLUTE
    cdrcmple.s                               0x00000000   Number         0  cdrcmple.o ABSOLUTE
    cfcmple.s                                0x00000000   Number         0  cfcmple.o ABSOLUTE
    cfrcmple.s                               0x00000000   Number         0  cfrcmple.o ABSOLUTE
    dc.s                                     0x00000000   Number         0  dc.o ABSOLUTE
    handlers.s                               0x00000000   Number         0  handlers.o ABSOLUTE
    init.s                                   0x00000000   Number         0  init.o ABSOLUTE
    .ARM.Collect$$$$00000000                 0x000000c0   Section        0  entry.o(.ARM.Collect$$$$00000000)
    .ARM.Collect$$$$00000001                 0x000000c0   Section        4  entry2.o(.ARM.Collect$$$$00000001)
    .ARM.Collect$$$$00000004                 0x000000c4   Section        4  entry5.o(.ARM.Collect$$$$00000004)
    .ARM.Collect$$$$00000008                 0x000000c8   Section        0  entry7b.o(.ARM.Collect$$$$00000008)
    .ARM.Collect$$$$0000000A                 0x000000c8   Section        0  entry8b.o(.ARM.Collect$$$$0000000A)
    .ARM.Collect$$$$0000000B                 0x000000c8   Section        8  entry9a.o(.ARM.Collect$$$$0000000B)
    .ARM.Collect$$$$0000000D                 0x000000d0   Section        0  entry10a.o(.ARM.Collect$$$$0000000D)
    .ARM.Collect$$$$0000000F                 0x000000d0   Section        0  entry11a.o(.ARM.Collect$$$$0000000F)
    .ARM.Collect$$$$00002712                 0x000000d0   Section        4  entry2.o(.ARM.Collect$$$$00002712)
    __lit__00000000                          0x000000d0   Data           4  entry2.o(.ARM.Collect$$$$00002712)
    .text                                    0x000000d4   Section       40  startup_skeaz1284.o(.text)
    .text                                    0x000000fc   Section        0  uidiv.o(.text)
    .text                                    0x00000128   Section        0  idiv.o(.text)
    .text                                    0x00000150   Section        0  memcpya.o(.text)
    .text                                    0x00000174   Section        0  fadd.o(.text)
    .text                                    0x00000226   Section        0  fmul.o(.text)
    .text                                    0x000002a0   Section        0  fdiv.o(.text)
    .text                                    0x0000031c   Section        0  dmul.o(.text)
    .text                                    0x000003ec   Section        0  ffltui.o(.text)
    .text                                    0x000003fa   Section        0  iusefp.o(.text)
    i.__scatterload_null                     0x000003fa   Section        2  handlers.o(i.__scatterload_null)
    i.time_100ms_serve                       0x000003fc   Section        0  main.o(i.time_100ms_serve)
    i.time_10s_serve                         0x000003fe   Section        0  main.o(i.time_10s_serve)
    .ARM.__at_0x400                          0x00000400   Section       16  startup_skeaz1284.o(.ARM.__at_0x400)
    .text                                    0x00000410   Section        0  dadd.o(.text)
    .text                                    0x00000574   Section        0  ddiv.o(.text)
    .text                                    0x00000664   Section        0  fflti.o(.text)
    .text                                    0x0000067c   Section        0  dflti.o(.text)
    .text                                    0x000006a4   Section        0  dfltui.o(.text)
    .text                                    0x000006c0   Section        0  ffixi.o(.text)
    .text                                    0x000006f4   Section        0  dfixi.o(.text)
    .text                                    0x0000073c   Section        0  f2d.o(.text)
    .text                                    0x00000764   Section       40  cdcmple.o(.text)
    .text                                    0x0000078c   Section       40  cdrcmple.o(.text)
    .text                                    0x000007b4   Section        0  d2f.o(.text)
    .text                                    0x000007ec   Section       20  cfcmple.o(.text)
    .text                                    0x00000800   Section       20  cfrcmple.o(.text)
    .text                                    0x00000814   Section        0  uldiv.o(.text)
    .text                                    0x00000874   Section        0  llshl.o(.text)
    .text                                    0x00000894   Section        0  llushr.o(.text)
    .text                                    0x000008b6   Section        0  llsshr.o(.text)
    .text                                    0x000008dc   Section        0  fepilogue.o(.text)
    .text                                    0x0000095e   Section        0  depilogue.o(.text)
    .text                                    0x00000a1c   Section        0  dfixul.o(.text)
    .text                                    0x00000a5c   Section       36  init.o(.text)
    i.Cache_OLED_P6x8Num                     0x00000a80   Section        0  oled.o(i.Cache_OLED_P6x8Num)
    i.Cache_OLED_P6x8Str                     0x00000af0   Section        0  oled.o(i.Cache_OLED_P6x8Str)
    i.Cache_OLED_P6x8floatNum                0x00000b4c   Section        0  oled.o(i.Cache_OLED_P6x8floatNum)
    i.Cache_OLED_Rectangle                   0x00000bd4   Section        0  oled.o(i.Cache_OLED_Rectangle)
    i.Cache_OLED_Set_Pos                     0x00000cf0   Section        0  oled.o(i.Cache_OLED_Set_Pos)
    i.Cache_OLED_WriteData                   0x00000d04   Section        0  oled.o(i.Cache_OLED_WriteData)
    i.Cache_Update_OLED                      0x00000d50   Section        0  oled.o(i.Cache_Update_OLED)
    i.Car_Gather_Data_Key                    0x00000d90   Section        0  car_key.o(i.Car_Gather_Data_Key)
    i.IRQ_IRQHandler                         0x00000f6c   Section        0  isr.o(i.IRQ_IRQHandler)
    i.KBI0_IRQHandler                        0x00000f80   Section        0  isr.o(i.KBI0_IRQHandler)
    i.Key_Inquire_data                       0x00000f94   Section        0  car_key.o(i.Key_Inquire_data)
    i.NVIC_SetPriority                       0x00000fa0   Section        0  main.o(i.NVIC_SetPriority)
    NVIC_SetPriority                         0x00000fa1   Thumb Code   110  main.o(i.NVIC_SetPriority)
    i.OLED_DLY_ms                            0x00001018   Section        0  oled.o(i.OLED_DLY_ms)
    OLED_DLY_ms                              0x00001019   Thumb Code    26  oled.o(i.OLED_DLY_ms)
    i.OLED_Fill                              0x00001038   Section        0  oled.o(i.OLED_Fill)
    i.OLED_Init                              0x00001072   Section        0  oled.o(i.OLED_Init)
    i.OLED_Set_Pos                           0x0000118a   Section        0  oled.o(i.OLED_Set_Pos)
    OLED_Set_Pos                             0x0000118b   Thumb Code    46  oled.o(i.OLED_Set_Pos)
    i.OLED_WriteCmd                          0x000011b8   Section        0  oled.o(i.OLED_WriteCmd)
    OLED_WriteCmd                            0x000011b9   Thumb Code    82  oled.o(i.OLED_WriteCmd)
    i.OLED_WriteData                         0x0000120a   Section        0  oled.o(i.OLED_WriteData)
    OLED_WriteData                           0x0000120b   Thumb Code    82  oled.o(i.OLED_WriteData)
    i.PIT_CH0_IRQHandler                     0x0000125c   Section        0  isr.o(i.PIT_CH0_IRQHandler)
    i.Start                                  0x00001410   Section        0  system_skeaz1284.o(i.Start)
    i.__0snprintf                            0x00001468   Section        0  printfa.o(i.__0snprintf)
    i.__0sprintf                             0x0000149c   Section        0  printfa.o(i.__0sprintf)
    i.__ARM_clz                              0x000014c4   Section        0  depilogue.o(i.__ARM_clz)
    i.__ARM_common_switch8                   0x000014f2   Section        0  kea128_ftm.o(i.__ARM_common_switch8)
    i.__scatterload_copy                     0x0000150e   Section       14  handlers.o(i.__scatterload_copy)
    i.__scatterload_zeroinit                 0x0000151c   Section       14  handlers.o(i.__scatterload_zeroinit)
    i._fp_digits                             0x0000152c   Section        0  printfa.o(i._fp_digits)
    _fp_digits                               0x0000152d   Thumb Code   344  printfa.o(i._fp_digits)
    i._printf_core                           0x000016a0   Section        0  printfa.o(i._printf_core)
    _printf_core                             0x000016a1   Thumb Code  1754  printfa.o(i._printf_core)
    i._printf_post_padding                   0x00001d8c   Section        0  printfa.o(i._printf_post_padding)
    _printf_post_padding                     0x00001d8d   Thumb Code    32  printfa.o(i._printf_post_padding)
    i._printf_pre_padding                    0x00001dac   Section        0  printfa.o(i._printf_pre_padding)
    _printf_pre_padding                      0x00001dad   Thumb Code    44  printfa.o(i._printf_pre_padding)
    i._snputc                                0x00001dd8   Section        0  printfa.o(i._snputc)
    _snputc                                  0x00001dd9   Thumb Code    22  printfa.o(i._snputc)
    i._sputc                                 0x00001dee   Section        0  printfa.o(i._sputc)
    _sputc                                   0x00001def   Thumb Code    10  printfa.o(i._sputc)
    i.adc_init                               0x00001df8   Section        0  kea128_adc.o(i.adc_init)
    i.adc_once                               0x00001e20   Section        0  kea128_adc.o(i.adc_once)
    i.control                                0x00001e58   Section        0  main.o(i.control)
    i.deal_sensor                            0x00001ee4   Section        0  main.o(i.deal_sensor)
    i.disable_wdog                           0x00001fc0   Section        0  system_skeaz1284.o(i.disable_wdog)
    i.ftm_count_clean                        0x00001fd8   Section        0  kea128_ftm.o(i.ftm_count_clean)
    i.ftm_count_get                          0x00001fe8   Section        0  kea128_ftm.o(i.ftm_count_get)
    i.ftm_count_init                         0x00001ffc   Section        0  kea128_ftm.o(i.ftm_count_init)
    i.ftm_count_mux                          0x00002038   Section        0  kea128_ftm.o(i.ftm_count_mux)
    i.ftm_pwm_duty                           0x000020e8   Section        0  kea128_ftm.o(i.ftm_pwm_duty)
    i.ftm_pwm_init                           0x00002164   Section        0  kea128_ftm.o(i.ftm_pwm_init)
    i.ftm_pwm_mux                            0x00002288   Section        0  kea128_ftm.o(i.ftm_pwm_mux)
    i.get_adc_int_value                      0x000023bc   Section        0  main.o(i.get_adc_int_value)
    i.get_clk                                0x000023dc   Section        0  common.o(i.get_clk)
    i.gpio_get                               0x000024a8   Section        0  kea128_gpio.o(i.gpio_get)
    i.gpio_init                              0x000024d4   Section        0  kea128_gpio.o(i.gpio_init)
    i.gpio_set                               0x000025b0   Section        0  kea128_gpio.o(i.gpio_set)
    i.gpio_turn                              0x000025f8   Section        0  kea128_gpio.o(i.gpio_turn)
    i.main                                   0x0000262c   Section        0  main.o(i.main)
    i.motor_pid_caculate                     0x000028f4   Section        0  main.o(i.motor_pid_caculate)
    i.motor_set                              0x00002b1c   Section        0  main.o(i.motor_set)
    i.pit_delay                              0x00002cb4   Section        0  kea128_pit.o(i.pit_delay)
    i.pit_init                               0x00002d34   Section        0  kea128_pit.o(i.pit_init)
    i.port_pull                              0x00002d8c   Section        0  kea128_port.o(i.port_pull)
    i.servo_pid_caculate                     0x00002ddc   Section        0  main.o(i.servo_pid_caculate)
    i.time_10ms_serve                        0x00002ebc   Section        0  main.o(i.time_10ms_serve)
    i.time_1s_serve                          0x00003088   Section        0  main.o(i.time_1s_serve)
    i.time_200ms_serve                       0x0000308a   Section        0  main.o(i.time_200ms_serve)
    i.time_20ms_serve                        0x0000308c   Section        0  main.o(i.time_20ms_serve)
    i.time_2s_serve                          0x0000308e   Section        0  main.o(i.time_2s_serve)
    i.time_500ms_serve                       0x00003090   Section        0  main.o(i.time_500ms_serve)
    i.time_50ms_serve                        0x0000309a   Section        0  main.o(i.time_50ms_serve)
    i.time_5s_serve                          0x0000309c   Section        0  main.o(i.time_5s_serve)
    i.uart_init                              0x000030a0   Section        0  kea128_uart.o(i.uart_init)
    i.uart_mux                               0x00003158   Section        0  kea128_uart.o(i.uart_mux)
    i.update_1cm_error                       0x000031c8   Section        0  main.o(i.update_1cm_error)
    .constdata                               0x00003230   Section       22  common.o(.constdata)
    .constdata                               0x00003248   Section       12  kea128_ftm.o(.constdata)
    FTMX                                     0x00003248   Data          12  kea128_ftm.o(.constdata)
    .constdata                               0x00003254   Section       12  kea128_gpio.o(.constdata)
    GPIOX                                    0x00003254   Data          12  kea128_gpio.o(.constdata)
    .constdata                               0x00003260   Section     3283  oled.o(.constdata)
    .data                                    0x1ffff000   Section       16  common.o(.data)
    .data                                    0x1ffff010   Section        6  kea128_ftm.o(.data)
    .data                                    0x1ffff018   Section       12  kea128_uart.o(.data)
    .data                                    0x1ffff024   Section        2  oled.o(.data)
    .data                                    0x1ffff028   Section       84  main.o(.data)
    time_20ms_ct                             0x1ffff078   Data           4  main.o(.data)
    .bss                                     0x1ffff07c   Section     1024  oled.o(.bss)
    .bss                                     0x1ffff47c   Section       37  car_key.o(.bss)
    .bss                                     0x1ffff4a4   Section      786  main.o(.bss)
    STACK                                    0x1ffff7b8   Section     1024  startup_skeaz1284.o(STACK)

    Global Symbols

    Symbol Name                              Value     Ov Type        Size  Object(Section)

    BuildAttributes$$THM_ISAv3M$S$PE$A:L22$X:L11$S22$IEEE1$IW$USESV6$~STKCKD$USESV7$~SHL$OTIME$ROPI$EBA8$MICROLIB$REQ8$PRES8$EABIv2 0x00000000   Number         0  anon$$obj.o ABSOLUTE
    __ARM_use_no_argv                        0x00000000   Number         0  main.o ABSOLUTE
    __Vectors                                0x00000000   Data           4  startup_skeaz1284.o(RESET)
    _printf_a                                0x00000000   Number         0  stubs.o ABSOLUTE
    _printf_c                                0x00000000   Number         0  stubs.o ABSOLUTE
    _printf_charcount                        0x00000000   Number         0  stubs.o ABSOLUTE
    _printf_d                                0x00000000   Number         0  stubs.o ABSOLUTE
    _printf_e                                0x00000000   Number         0  stubs.o ABSOLUTE
    _printf_f                                0x00000000   Number         0  stubs.o ABSOLUTE
    _printf_flags                            0x00000000   Number         0  stubs.o ABSOLUTE
    _printf_fp_dec                           0x00000000   Number         0  stubs.o ABSOLUTE
    _printf_fp_hex                           0x00000000   Number         0  stubs.o ABSOLUTE
    _printf_g                                0x00000000   Number         0  stubs.o ABSOLUTE
    _printf_i                                0x00000000   Number         0  stubs.o ABSOLUTE
    _printf_int_dec                          0x00000000   Number         0  stubs.o ABSOLUTE
    _printf_l                                0x00000000   Number         0  stubs.o ABSOLUTE
    _printf_lc                               0x00000000   Number         0  stubs.o ABSOLUTE
    _printf_ll                               0x00000000   Number         0  stubs.o ABSOLUTE
    _printf_lld                              0x00000000   Number         0  stubs.o ABSOLUTE
    _printf_lli                              0x00000000   Number         0  stubs.o ABSOLUTE
    _printf_llo                              0x00000000   Number         0  stubs.o ABSOLUTE
    _printf_llu                              0x00000000   Number         0  stubs.o ABSOLUTE
    _printf_llx                              0x00000000   Number         0  stubs.o ABSOLUTE
    _printf_longlong_dec                     0x00000000   Number         0  stubs.o ABSOLUTE
    _printf_longlong_hex                     0x00000000   Number         0  stubs.o ABSOLUTE
    _printf_longlong_oct                     0x00000000   Number         0  stubs.o ABSOLUTE
    _printf_ls                               0x00000000   Number         0  stubs.o ABSOLUTE
    _printf_mbtowc                           0x00000000   Number         0  stubs.o ABSOLUTE
    _printf_n                                0x00000000   Number         0  stubs.o ABSOLUTE
    _printf_o                                0x00000000   Number         0  stubs.o ABSOLUTE
    _printf_p                                0x00000000   Number         0  stubs.o ABSOLUTE
    _printf_percent                          0x00000000   Number         0  stubs.o ABSOLUTE
    _printf_pre_padding                      0x00000000   Number         0  stubs.o ABSOLUTE
    _printf_return_value                     0x00000000   Number         0  stubs.o ABSOLUTE
    _printf_s                                0x00000000   Number         0  stubs.o ABSOLUTE
    _printf_sizespec                         0x00000000   Number         0  stubs.o ABSOLUTE
    _printf_str                              0x00000000   Number         0  stubs.o ABSOLUTE
    _printf_truncate_signed                  0x00000000   Number         0  stubs.o ABSOLUTE
    _printf_truncate_unsigned                0x00000000   Number         0  stubs.o ABSOLUTE
    _printf_u                                0x00000000   Number         0  stubs.o ABSOLUTE
    _printf_wc                               0x00000000   Number         0  stubs.o ABSOLUTE
    _printf_wctomb                           0x00000000   Number         0  stubs.o ABSOLUTE
    _printf_widthprec                        0x00000000   Number         0  stubs.o ABSOLUTE
    _printf_x                                0x00000000   Number         0  stubs.o ABSOLUTE
    __cpp_initialize__aeabi_                  - Undefined Weak Reference
    __cxa_finalize                            - Undefined Weak Reference
    __decompress                              - Undefined Weak Reference
    _clock_init                               - Undefined Weak Reference
    _microlib_exit                            - Undefined Weak Reference
    __Vectors_End                            0x000000c0   Data           0  startup_skeaz1284.o(RESET)
    __Vectors_Size                           0x000000c0   Number         0  startup_skeaz1284.o ABSOLUTE
    __main                                   0x000000c1   Thumb Code     0  entry.o(.ARM.Collect$$$$00000000)
    _main_stk                                0x000000c1   Thumb Code     0  entry2.o(.ARM.Collect$$$$00000001)
    _main_scatterload                        0x000000c5   Thumb Code     0  entry5.o(.ARM.Collect$$$$00000004)
    __main_after_scatterload                 0x000000c9   Thumb Code     0  entry5.o(.ARM.Collect$$$$00000004)
    _main_clock                              0x000000c9   Thumb Code     0  entry7b.o(.ARM.Collect$$$$00000008)
    _main_cpp_init                           0x000000c9   Thumb Code     0  entry8b.o(.ARM.Collect$$$$0000000A)
    _main_init                               0x000000c9   Thumb Code     0  entry9a.o(.ARM.Collect$$$$0000000B)
    __rt_final_cpp                           0x000000d1   Thumb Code     0  entry10a.o(.ARM.Collect$$$$0000000D)
    __rt_final_exit                          0x000000d1   Thumb Code     0  entry11a.o(.ARM.Collect$$$$0000000F)
    init_data_bss                            0x000000d5   Thumb Code     2  startup_skeaz1284.o(.text)
    Reset_Handler                            0x000000d7   Thumb Code    12  startup_skeaz1284.o(.text)
    NMI_Handler                              0x000000e3   Thumb Code     2  startup_skeaz1284.o(.text)
    HardFault_Handler                        0x000000e5   Thumb Code     2  startup_skeaz1284.o(.text)
    SVC_Handler                              0x000000e7   Thumb Code     2  startup_skeaz1284.o(.text)
    PendSV_Handler                           0x000000e9   Thumb Code     2  startup_skeaz1284.o(.text)
    SysTick_Handler                          0x000000eb   Thumb Code     2  startup_skeaz1284.o(.text)
    ACMP0_IRQHandler                         0x000000ed   Thumb Code     0  startup_skeaz1284.o(.text)
    ACMP1_IRQHandler                         0x000000ed   Thumb Code     0  startup_skeaz1284.o(.text)
    ADC_IRQHandler                           0x000000ed   Thumb Code     0  startup_skeaz1284.o(.text)
    DefaultISR                               0x000000ed   Thumb Code     0  startup_skeaz1284.o(.text)
    FTM0_IRQHandler                          0x000000ed   Thumb Code     0  startup_skeaz1284.o(.text)
    FTM1_IRQHandler                          0x000000ed   Thumb Code     0  startup_skeaz1284.o(.text)
    FTM2_IRQHandler                          0x000000ed   Thumb Code     0  startup_skeaz1284.o(.text)
    FTMRE_IRQHandler                         0x000000ed   Thumb Code     0  startup_skeaz1284.o(.text)
    I2C0_IRQHandler                          0x000000ed   Thumb Code     0  startup_skeaz1284.o(.text)
    I2C1_IRQHandler                          0x000000ed   Thumb Code     0  startup_skeaz1284.o(.text)
    ICS_IRQHandler                           0x000000ed   Thumb Code     0  startup_skeaz1284.o(.text)
    KBI1_IRQHandler                          0x000000ed   Thumb Code     0  startup_skeaz1284.o(.text)
    MSCAN_RX_IRQHandler                      0x000000ed   Thumb Code     0  startup_skeaz1284.o(.text)
    MSCAN_TX_IRQHandler                      0x000000ed   Thumb Code     0  startup_skeaz1284.o(.text)
    PIT_CH1_IRQHandler                       0x000000ed   Thumb Code     0  startup_skeaz1284.o(.text)
    PMC_IRQHandler                           0x000000ed   Thumb Code     0  startup_skeaz1284.o(.text)
    PWT_IRQHandler                           0x000000ed   Thumb Code     0  startup_skeaz1284.o(.text)
    RTC_IRQHandler                           0x000000ed   Thumb Code     0  startup_skeaz1284.o(.text)
    Reserved16_IRQHandler                    0x000000ed   Thumb Code     0  startup_skeaz1284.o(.text)
    Reserved17_IRQHandler                    0x000000ed   Thumb Code     0  startup_skeaz1284.o(.text)
    Reserved18_IRQHandler                    0x000000ed   Thumb Code     0  startup_skeaz1284.o(.text)
    Reserved19_IRQHandler                    0x000000ed   Thumb Code     0  startup_skeaz1284.o(.text)
    Reserved20_IRQHandler                    0x000000ed   Thumb Code     0  startup_skeaz1284.o(.text)
    Reserved42_IRQHandler                    0x000000ed   Thumb Code     0  startup_skeaz1284.o(.text)
    SPI0_IRQHandler                          0x000000ed   Thumb Code     0  startup_skeaz1284.o(.text)
    SPI1_IRQHandler                          0x000000ed   Thumb Code     0  startup_skeaz1284.o(.text)
    UART0_IRQHandler                         0x000000ed   Thumb Code     0  startup_skeaz1284.o(.text)
    UART1_IRQHandler                         0x000000ed   Thumb Code     0  startup_skeaz1284.o(.text)
    UART2_IRQHandler                         0x000000ed   Thumb Code     0  startup_skeaz1284.o(.text)
    WDOG_IRQHandler                          0x000000ed   Thumb Code     0  startup_skeaz1284.o(.text)
    __aeabi_uidiv                            0x000000fd   Thumb Code     0  uidiv.o(.text)
    __aeabi_uidivmod                         0x000000fd   Thumb Code    44  uidiv.o(.text)
    __aeabi_idiv                             0x00000129   Thumb Code     0  idiv.o(.text)
    __aeabi_idivmod                          0x00000129   Thumb Code    40  idiv.o(.text)
    __aeabi_memcpy                           0x00000151   Thumb Code    36  memcpya.o(.text)
    __aeabi_memcpy4                          0x00000151   Thumb Code     0  memcpya.o(.text)
    __aeabi_memcpy8                          0x00000151   Thumb Code     0  memcpya.o(.text)
    __aeabi_fadd                             0x00000175   Thumb Code   162  fadd.o(.text)
    __aeabi_fsub                             0x00000217   Thumb Code     8  fadd.o(.text)
    __aeabi_frsub                            0x0000021f   Thumb Code     8  fadd.o(.text)
    __aeabi_fmul                             0x00000227   Thumb Code   122  fmul.o(.text)
    __aeabi_fdiv                             0x000002a1   Thumb Code   124  fdiv.o(.text)
    __aeabi_dmul                             0x0000031d   Thumb Code   202  dmul.o(.text)
    __aeabi_ui2f                             0x000003ed   Thumb Code    14  ffltui.o(.text)
    __I$use$fp                               0x000003fb   Thumb Code     0  iusefp.o(.text)
    __scatterload_null                       0x000003fb   Thumb Code     2  handlers.o(i.__scatterload_null)
    time_100ms_serve                         0x000003fd   Thumb Code     2  main.o(i.time_100ms_serve)
    time_10s_serve                           0x000003ff   Thumb Code     2  main.o(i.time_10s_serve)
    __aeabi_dadd                             0x00000411   Thumb Code   328  dadd.o(.text)
    __aeabi_dsub                             0x00000559   Thumb Code    12  dadd.o(.text)
    __aeabi_drsub                            0x00000565   Thumb Code    12  dadd.o(.text)
    __aeabi_ddiv                             0x00000575   Thumb Code   234  ddiv.o(.text)
    __aeabi_i2f                              0x00000665   Thumb Code    22  fflti.o(.text)
    __aeabi_i2d                              0x0000067d   Thumb Code    34  dflti.o(.text)
    __aeabi_ui2d                             0x000006a5   Thumb Code    24  dfltui.o(.text)
    __aeabi_f2iz                             0x000006c1   Thumb Code    50  ffixi.o(.text)
    __aeabi_d2iz                             0x000006f5   Thumb Code    62  dfixi.o(.text)
    __aeabi_f2d                              0x0000073d   Thumb Code    40  f2d.o(.text)
    __aeabi_cdcmpeq                          0x00000765   Thumb Code     0  cdcmple.o(.text)
    __aeabi_cdcmple                          0x00000765   Thumb Code    38  cdcmple.o(.text)
    __aeabi_cdrcmple                         0x0000078d   Thumb Code    38  cdrcmple.o(.text)
    __aeabi_d2f                              0x000007b5   Thumb Code    56  d2f.o(.text)
    __aeabi_cfcmpeq                          0x000007ed   Thumb Code     0  cfcmple.o(.text)
    __aeabi_cfcmple                          0x000007ed   Thumb Code    20  cfcmple.o(.text)
    __aeabi_cfrcmple                         0x00000801   Thumb Code    20  cfrcmple.o(.text)
    __aeabi_uldivmod                         0x00000815   Thumb Code    96  uldiv.o(.text)
    __aeabi_llsl                             0x00000875   Thumb Code    32  llshl.o(.text)
    _ll_shift_l                              0x00000875   Thumb Code     0  llshl.o(.text)
    __aeabi_llsr                             0x00000895   Thumb Code    34  llushr.o(.text)
    _ll_ushift_r                             0x00000895   Thumb Code     0  llushr.o(.text)
    __aeabi_lasr                             0x000008b7   Thumb Code    38  llsshr.o(.text)
    _ll_sshift_r                             0x000008b7   Thumb Code     0  llsshr.o(.text)
    _float_round                             0x000008dd   Thumb Code    16  fepilogue.o(.text)
    _float_epilogue                          0x000008ed   Thumb Code   114  fepilogue.o(.text)
    _double_round                            0x0000095f   Thumb Code    26  depilogue.o(.text)
    _double_epilogue                         0x00000979   Thumb Code   164  depilogue.o(.text)
    __aeabi_d2ulz                            0x00000a1d   Thumb Code    54  dfixul.o(.text)
    __scatterload                            0x00000a5d   Thumb Code    28  init.o(.text)
    __scatterload_rt2                        0x00000a5d   Thumb Code     0  init.o(.text)
    Cache_OLED_P6x8Num                       0x00000a81   Thumb Code   104  oled.o(i.Cache_OLED_P6x8Num)
    Cache_OLED_P6x8Str                       0x00000af1   Thumb Code    88  oled.o(i.Cache_OLED_P6x8Str)
    Cache_OLED_P6x8floatNum                  0x00000b4d   Thumb Code   124  oled.o(i.Cache_OLED_P6x8floatNum)
    Cache_OLED_Rectangle                     0x00000bd5   Thumb Code   282  oled.o(i.Cache_OLED_Rectangle)
    Cache_OLED_Set_Pos                       0x00000cf1   Thumb Code    10  oled.o(i.Cache_OLED_Set_Pos)
    Cache_OLED_WriteData                     0x00000d05   Thumb Code    62  oled.o(i.Cache_OLED_WriteData)
    Cache_Update_OLED                        0x00000d51   Thumb Code    58  oled.o(i.Cache_Update_OLED)
    Car_Gather_Data_Key                      0x00000d91   Thumb Code   460  car_key.o(i.Car_Gather_Data_Key)
    IRQ_IRQHandler                           0x00000f6d   Thumb Code    14  isr.o(i.IRQ_IRQHandler)
    KBI0_IRQHandler                          0x00000f81   Thumb Code    14  isr.o(i.KBI0_IRQHandler)
    Key_Inquire_data                         0x00000f95   Thumb Code     8  car_key.o(i.Key_Inquire_data)
    OLED_Fill                                0x00001039   Thumb Code    58  oled.o(i.OLED_Fill)
    OLED_Init                                0x00001073   Thumb Code   280  oled.o(i.OLED_Init)
    PIT_CH0_IRQHandler                       0x0000125d   Thumb Code   370  isr.o(i.PIT_CH0_IRQHandler)
    Start                                    0x00001411   Thumb Code    76  system_skeaz1284.o(i.Start)
    __0snprintf                              0x00001469   Thumb Code    46  printfa.o(i.__0snprintf)
    __1snprintf                              0x00001469   Thumb Code     0  printfa.o(i.__0snprintf)
    __2snprintf                              0x00001469   Thumb Code     0  printfa.o(i.__0snprintf)
    __c89snprintf                            0x00001469   Thumb Code     0  printfa.o(i.__0snprintf)
    snprintf                                 0x00001469   Thumb Code     0  printfa.o(i.__0snprintf)
    __0sprintf                               0x0000149d   Thumb Code    36  printfa.o(i.__0sprintf)
    __1sprintf                               0x0000149d   Thumb Code     0  printfa.o(i.__0sprintf)
    __2sprintf                               0x0000149d   Thumb Code     0  printfa.o(i.__0sprintf)
    __c89sprintf                             0x0000149d   Thumb Code     0  printfa.o(i.__0sprintf)
    sprintf                                  0x0000149d   Thumb Code     0  printfa.o(i.__0sprintf)
    __ARM_clz                                0x000014c5   Thumb Code    46  depilogue.o(i.__ARM_clz)
    __ARM_common_switch8                     0x000014f3   Thumb Code    28  kea128_ftm.o(i.__ARM_common_switch8)
    __scatterload_copy                       0x0000150f   Thumb Code    14  handlers.o(i.__scatterload_copy)
    __scatterload_zeroinit                   0x0000151d   Thumb Code    14  handlers.o(i.__scatterload_zeroinit)
    adc_init                                 0x00001df9   Thumb Code    30  kea128_adc.o(i.adc_init)
    adc_once                                 0x00001e21   Thumb Code    50  kea128_adc.o(i.adc_once)
    control                                  0x00001e59   Thumb Code   110  main.o(i.control)
    deal_sensor                              0x00001ee5   Thumb Code   188  main.o(i.deal_sensor)
    disable_wdog                             0x00001fc1   Thumb Code    16  system_skeaz1284.o(i.disable_wdog)
    ftm_count_clean                          0x00001fd9   Thumb Code    12  kea128_ftm.o(i.ftm_count_clean)
    ftm_count_get                            0x00001fe9   Thumb Code    14  kea128_ftm.o(i.ftm_count_get)
    ftm_count_init                           0x00001ffd   Thumb Code    54  kea128_ftm.o(i.ftm_count_init)
    ftm_count_mux                            0x00002039   Thumb Code   166  kea128_ftm.o(i.ftm_count_mux)
    ftm_pwm_duty                             0x000020e9   Thumb Code   114  kea128_ftm.o(i.ftm_pwm_duty)
    ftm_pwm_init                             0x00002165   Thumb Code   278  kea128_ftm.o(i.ftm_pwm_init)
    ftm_pwm_mux                              0x00002289   Thumb Code   302  kea128_ftm.o(i.ftm_pwm_mux)
    get_adc_int_value                        0x000023bd   Thumb Code    28  main.o(i.get_adc_int_value)
    get_clk                                  0x000023dd   Thumb Code   170  common.o(i.get_clk)
    gpio_get                                 0x000024a9   Thumb Code    40  kea128_gpio.o(i.gpio_get)
    gpio_init                                0x000024d5   Thumb Code   214  kea128_gpio.o(i.gpio_init)
    gpio_set                                 0x000025b1   Thumb Code    68  kea128_gpio.o(i.gpio_set)
    gpio_turn                                0x000025f9   Thumb Code    48  kea128_gpio.o(i.gpio_turn)
    main                                     0x0000262d   Thumb Code   600  main.o(i.main)
    motor_pid_caculate                       0x000028f5   Thumb Code   536  main.o(i.motor_pid_caculate)
    motor_set                                0x00002b1d   Thumb Code   388  main.o(i.motor_set)
    pit_delay                                0x00002cb5   Thumb Code   114  kea128_pit.o(i.pit_delay)
    pit_init                                 0x00002d35   Thumb Code    76  kea128_pit.o(i.pit_init)
    port_pull                                0x00002d8d   Thumb Code    74  kea128_port.o(i.port_pull)
    servo_pid_caculate                       0x00002ddd   Thumb Code   208  main.o(i.servo_pid_caculate)
    time_10ms_serve                          0x00002ebd   Thumb Code   406  main.o(i.time_10ms_serve)
    time_1s_serve                            0x00003089   Thumb Code     2  main.o(i.time_1s_serve)
    time_200ms_serve                         0x0000308b   Thumb Code     2  main.o(i.time_200ms_serve)
    time_20ms_serve                          0x0000308d   Thumb Code     2  main.o(i.time_20ms_serve)
    time_2s_serve                            0x0000308f   Thumb Code     2  main.o(i.time_2s_serve)
    time_500ms_serve                         0x00003091   Thumb Code    10  main.o(i.time_500ms_serve)
    time_50ms_serve                          0x0000309b   Thumb Code     2  main.o(i.time_50ms_serve)
    time_5s_serve                            0x0000309d   Thumb Code     2  main.o(i.time_5s_serve)
    uart_init                                0x000030a1   Thumb Code   170  kea128_uart.o(i.uart_init)
    uart_mux                                 0x00003159   Thumb Code   106  kea128_uart.o(i.uart_mux)
    update_1cm_error                         0x000031c9   Thumb Code    86  main.o(i.update_1cm_error)
    F6x8                                     0x00003260   Data         552  oled.o(.constdata)
    F14x16_Idx                               0x00003488   Data          19  oled.o(.constdata)
    F14x16                                   0x0000349b   Data         168  oled.o(.constdata)
    F8X16                                    0x00003543   Data        1520  oled.o(.constdata)
    LOGO                                     0x00003b33   Data        1024  oled.o(.constdata)
    Region$$Table$$Base                      0x00003f34   Number         0  anon$$obj.o(Region$$Table)
    Region$$Table$$Limit                     0x00003f54   Number         0  anon$$obj.o(Region$$Table)
    ics_clk_khz                              0x1ffff000   Data           4  common.o(.data)
    ftm_clk_khz                              0x1ffff004   Data           4  common.o(.data)
    core_clk_khz                             0x1ffff008   Data           4  common.o(.data)
    bus_clk_khz                              0x1ffff00c   Data           4  common.o(.data)
    period                                   0x1ffff010   Data           6  kea128_ftm.o(.data)
    uart                                     0x1ffff018   Data          12  kea128_uart.o(.data)
    location_x                               0x1ffff024   Data           1  oled.o(.data)
    location_y                               0x1ffff025   Data           1  oled.o(.data)
    time_1ms                                 0x1ffff028   Data           4  main.o(.data)
    time_10ms                                0x1ffff02c   Data           4  main.o(.data)
    time_20ms                                0x1ffff030   Data           4  main.o(.data)
    time_50ms                                0x1ffff034   Data           4  main.o(.data)
    time_100ms                               0x1ffff038   Data           4  main.o(.data)
    time_200ms                               0x1ffff03c   Data           4  main.o(.data)
    time_500ms                               0x1ffff040   Data           4  main.o(.data)
    time_1s                                  0x1ffff044   Data           4  main.o(.data)
    time_2s                                  0x1ffff048   Data           4  main.o(.data)
    time_5s                                  0x1ffff04c   Data           4  main.o(.data)
    time_10s                                 0x1ffff050   Data           4  main.o(.data)
    Speed_Ratio                              0x1ffff054   Data           4  main.o(.data)
    KEY_FLAG                                 0x1ffff058   Data           1  main.o(.data)
    STOP_CAR_FLAG                            0x1ffff059   Data           1  main.o(.data)
    update_dis1cm_encoder                    0x1ffff05c   Data           4  main.o(.data)
    g_fLeftMotorSpeed                        0x1ffff060   Data           1  main.o(.data)
    g_fRightMotorSpeed                       0x1ffff061   Data           1  main.o(.data)
    g_fCarSpeed                              0x1ffff062   Data           1  main.o(.data)
    g_fLeft_Tyre_Speed                       0x1ffff063   Data           1  main.o(.data)
    g_fRight_Tyre_Speed                      0x1ffff064   Data           1  main.o(.data)
    ControlSpeed                             0x1ffff065   Data           1  main.o(.data)
    LeftControlSpeed                         0x1ffff066   Data           1  main.o(.data)
    RightControlSpeed                        0x1ffff067   Data           1  main.o(.data)
    g_fSpeedControlOut                       0x1ffff068   Data           1  main.o(.data)
    g_fLeftMotorOut                          0x1ffff069   Data           1  main.o(.data)
    g_fRightMotorOut                         0x1ffff06a   Data           1  main.o(.data)
    sum_12                                   0x1ffff06c   Data           4  main.o(.data)
    getCountNum_L                            0x1ffff070   Data           1  main.o(.data)
    getCountNum_R                            0x1ffff071   Data           1  main.o(.data)
    R_out_value                              0x1ffff072   Data           2  main.o(.data)
    L_out_value                              0x1ffff074   Data           2  main.o(.data)
    All_Data                                 0x1ffff07c   Data        1024  oled.o(.bss)
    Key_data                                 0x1ffff47c   Data           9  car_key.o(.bss)
    Key_time                                 0x1ffff486   Data          18  car_key.o(.bss)
    Key_GD                                   0x1ffff498   Data           9  car_key.o(.bss)
    ad_max_temp                              0x1ffff4a4   Data          20  main.o(.bss)
    ad_int_val                               0x1ffff4b8   Data          60  main.o(.bss)
    ad_avr_temp                              0x1ffff4f4   Data         100  main.o(.bss)
    ad_mid_val                               0x1ffff558   Data          20  main.o(.bss)
    ad_add_val                               0x1ffff56c   Data          40  main.o(.bss)
    ad_avr_val                               0x1ffff594   Data          20  main.o(.bss)
    once_uni_ad                              0x1ffff5a8   Data          12  main.o(.bss)
    twice_uni_ad                             0x1ffff5b4   Data          12  main.o(.bss)
    Servo                                    0x1ffff5c0   Data         172  main.o(.bss)
    Motor                                    0x1ffff66c   Data         104  main.o(.bss)
    Motor_control                            0x1ffff6d4   Data         208  main.o(.bss)
    Speed                                    0x1ffff7a4   Data          18  main.o(.bss)
    __initial_sp                             0x1ffffbb8   Data           0  startup_skeaz1284.o(STACK)



==============================================================================

Memory Map of the image

  Image Entry point : 0x000000c1

  Load Region LR_IROM1 (Base: 0x00000000, Size: 0x00003fd0, Max: 0x00020000, ABSOLUTE)

    Execution Region ER_IROM1 (Base: 0x00000000, Size: 0x00003f54, Max: 0x00020000, ABSOLUTE)

    Base Addr    Size         Type   Attr      Idx    E Section Name        Object

    0x00000000   0x000000c0   Data   RO          703    RESET               startup_skeaz1284.o
    0x000000c0   0x00000000   Code   RO         1255  * .ARM.Collect$$$$00000000  mc_p.l(entry.o)
    0x000000c0   0x00000004   Code   RO         1567    .ARM.Collect$$$$00000001  mc_p.l(entry2.o)
    0x000000c4   0x00000004   Code   RO         1570    .ARM.Collect$$$$00000004  mc_p.l(entry5.o)
    0x000000c8   0x00000000   Code   RO         1572    .ARM.Collect$$$$00000008  mc_p.l(entry7b.o)
    0x000000c8   0x00000000   Code   RO         1574    .ARM.Collect$$$$0000000A  mc_p.l(entry8b.o)
    0x000000c8   0x00000008   Code   RO         1575    .ARM.Collect$$$$0000000B  mc_p.l(entry9a.o)
    0x000000d0   0x00000000   Code   RO         1577    .ARM.Collect$$$$0000000D  mc_p.l(entry10a.o)
    0x000000d0   0x00000000   Code   RO         1579    .ARM.Collect$$$$0000000F  mc_p.l(entry11a.o)
    0x000000d0   0x00000004   Code   RO         1568    .ARM.Collect$$$$00002712  mc_p.l(entry2.o)
    0x000000d4   0x00000028   Code   RO          705    .text               startup_skeaz1284.o
    0x000000fc   0x0000002c   Code   RO         1258    .text               mc_p.l(uidiv.o)
    0x00000128   0x00000028   Code   RO         1260    .text               mc_p.l(idiv.o)
    0x00000150   0x00000024   Code   RO         1262    .text               mc_p.l(memcpya.o)
    0x00000174   0x000000b2   Code   RO         1527    .text               mf_p.l(fadd.o)
    0x00000226   0x0000007a   Code   RO         1529    .text               mf_p.l(fmul.o)
    0x000002a0   0x0000007c   Code   RO         1531    .text               mf_p.l(fdiv.o)
    0x0000031c   0x000000d0   Code   RO         1535    .text               mf_p.l(dmul.o)
    0x000003ec   0x0000000e   Code   RO         1541    .text               mf_p.l(ffltui.o)
    0x000003fa   0x00000000   Code   RO         1590    .text               mc_p.l(iusefp.o)
    0x000003fa   0x00000002   Code   RO         1604    i.__scatterload_null  mc_p.l(handlers.o)
    0x000003fc   0x00000002   Code   RO         1119    i.time_100ms_serve  main.o
    0x000003fe   0x00000002   Code   RO         1121    i.time_10s_serve    main.o
    0x00000400   0x00000010   Code   RO          704    .ARM.__at_0x400     startup_skeaz1284.o
    0x00000410   0x00000164   Code   RO         1533    .text               mf_p.l(dadd.o)
    0x00000574   0x000000f0   Code   RO         1537    .text               mf_p.l(ddiv.o)
    0x00000664   0x00000016   Code   RO         1539    .text               mf_p.l(fflti.o)
    0x0000067a   0x00000002   PAD
    0x0000067c   0x00000028   Code   RO         1543    .text               mf_p.l(dflti.o)
    0x000006a4   0x0000001c   Code   RO         1545    .text               mf_p.l(dfltui.o)
    0x000006c0   0x00000032   Code   RO         1547    .text               mf_p.l(ffixi.o)
    0x000006f2   0x00000002   PAD
    0x000006f4   0x00000048   Code   RO         1551    .text               mf_p.l(dfixi.o)
    0x0000073c   0x00000028   Code   RO         1555    .text               mf_p.l(f2d.o)
    0x00000764   0x00000028   Code   RO         1557    .text               mf_p.l(cdcmple.o)
    0x0000078c   0x00000028   Code   RO         1559    .text               mf_p.l(cdrcmple.o)
    0x000007b4   0x00000038   Code   RO         1561    .text               mf_p.l(d2f.o)
    0x000007ec   0x00000014   Code   RO         1563    .text               mf_p.l(cfcmple.o)
    0x00000800   0x00000014   Code   RO         1565    .text               mf_p.l(cfrcmple.o)
    0x00000814   0x00000060   Code   RO         1582    .text               mc_p.l(uldiv.o)
    0x00000874   0x00000020   Code   RO         1584    .text               mc_p.l(llshl.o)
    0x00000894   0x00000022   Code   RO         1586    .text               mc_p.l(llushr.o)
    0x000008b6   0x00000026   Code   RO         1588    .text               mc_p.l(llsshr.o)
    0x000008dc   0x00000082   Code   RO         1591    .text               mf_p.l(fepilogue.o)
    0x0000095e   0x000000be   Code   RO         1593    .text               mf_p.l(depilogue.o)
    0x00000a1c   0x00000040   Code   RO         1597    .text               mf_p.l(dfixul.o)
    0x00000a5c   0x00000024   Code   RO         1599    .text               mc_p.l(init.o)
    0x00000a80   0x00000070   Code   RO          713    i.Cache_OLED_P6x8Num  oled.o
    0x00000af0   0x0000005c   Code   RO          715    i.Cache_OLED_P6x8Str  oled.o
    0x00000b4c   0x00000088   Code   RO          717    i.Cache_OLED_P6x8floatNum  oled.o
    0x00000bd4   0x0000011a   Code   RO          718    i.Cache_OLED_Rectangle  oled.o
    0x00000cee   0x00000002   PAD
    0x00000cf0   0x00000014   Code   RO          719    i.Cache_OLED_Set_Pos  oled.o
    0x00000d04   0x0000004c   Code   RO          720    i.Cache_OLED_WriteData  oled.o
    0x00000d50   0x00000040   Code   RO          721    i.Cache_Update_OLED  oled.o
    0x00000d90   0x000001dc   Code   RO          949    i.Car_Gather_Data_Key  car_key.o
    0x00000f6c   0x00000014   Code   RO         1074    i.IRQ_IRQHandler    isr.o
    0x00000f80   0x00000014   Code   RO         1075    i.KBI0_IRQHandler   isr.o
    0x00000f94   0x0000000c   Code   RO          951    i.Key_Inquire_data  car_key.o
    0x00000fa0   0x00000078   Code   RO         1110    i.NVIC_SetPriority  main.o
    0x00001018   0x00000020   Code   RO          726    i.OLED_DLY_ms       oled.o
    0x00001038   0x0000003a   Code   RO          727    i.OLED_Fill         oled.o
    0x00001072   0x00000118   Code   RO          728    i.OLED_Init         oled.o
    0x0000118a   0x0000002e   Code   RO          739    i.OLED_Set_Pos      oled.o
    0x000011b8   0x00000052   Code   RO          740    i.OLED_WriteCmd     oled.o
    0x0000120a   0x00000052   Code   RO          741    i.OLED_WriteData    oled.o
    0x0000125c   0x000001b4   Code   RO         1076    i.PIT_CH0_IRQHandler  isr.o
    0x00001410   0x00000058   Code   RO          677    i.Start             system_skeaz1284.o
    0x00001468   0x00000034   Code   RO         1500    i.__0snprintf       mc_p.l(printfa.o)
    0x0000149c   0x00000028   Code   RO         1501    i.__0sprintf        mc_p.l(printfa.o)
    0x000014c4   0x0000002e   Code   RO         1595    i.__ARM_clz         mf_p.l(depilogue.o)
    0x000014f2   0x0000001c   Code   RO          273    i.__ARM_common_switch8  kea128_ftm.o
    0x0000150e   0x0000000e   Code   RO         1603    i.__scatterload_copy  mc_p.l(handlers.o)
    0x0000151c   0x0000000e   Code   RO         1605    i.__scatterload_zeroinit  mc_p.l(handlers.o)
    0x0000152a   0x00000002   PAD
    0x0000152c   0x00000174   Code   RO         1506    i._fp_digits        mc_p.l(printfa.o)
    0x000016a0   0x000006ec   Code   RO         1507    i._printf_core      mc_p.l(printfa.o)
    0x00001d8c   0x00000020   Code   RO         1508    i._printf_post_padding  mc_p.l(printfa.o)
    0x00001dac   0x0000002c   Code   RO         1509    i._printf_pre_padding  mc_p.l(printfa.o)
    0x00001dd8   0x00000016   Code   RO         1510    i._snputc           mc_p.l(printfa.o)
    0x00001dee   0x0000000a   Code   RO         1511    i._sputc            mc_p.l(printfa.o)
    0x00001df8   0x00000028   Code   RO          118    i.adc_init          kea128_adc.o
    0x00001e20   0x00000038   Code   RO          119    i.adc_once          kea128_adc.o
    0x00001e58   0x0000008c   Code   RO         1111    i.control           main.o
    0x00001ee4   0x000000dc   Code   RO         1112    i.deal_sensor       main.o
    0x00001fc0   0x00000018   Code   RO          678    i.disable_wdog      system_skeaz1284.o
    0x00001fd8   0x00000010   Code   RO          212    i.ftm_count_clean   kea128_ftm.o
    0x00001fe8   0x00000014   Code   RO          213    i.ftm_count_get     kea128_ftm.o
    0x00001ffc   0x0000003c   Code   RO          214    i.ftm_count_init    kea128_ftm.o
    0x00002038   0x000000b0   Code   RO          215    i.ftm_count_mux     kea128_ftm.o
    0x000020e8   0x0000007c   Code   RO          216    i.ftm_pwm_duty      kea128_ftm.o
    0x00002164   0x00000124   Code   RO          218    i.ftm_pwm_init      kea128_ftm.o
    0x00002288   0x00000134   Code   RO          219    i.ftm_pwm_mux       kea128_ftm.o
    0x000023bc   0x00000020   Code   RO         1113    i.get_adc_int_value  main.o
    0x000023dc   0x000000cc   Code   RO            3    i.get_clk           common.o
    0x000024a8   0x0000002c   Code   RO          281    i.gpio_get          kea128_gpio.o
    0x000024d4   0x000000dc   Code   RO          282    i.gpio_init         kea128_gpio.o
    0x000025b0   0x00000048   Code   RO          283    i.gpio_set          kea128_gpio.o
    0x000025f8   0x00000034   Code   RO          284    i.gpio_turn         kea128_gpio.o
    0x0000262c   0x000002c8   Code   RO         1114    i.main              main.o
    0x000028f4   0x00000228   Code   RO         1115    i.motor_pid_caculate  main.o
    0x00002b1c   0x00000198   Code   RO         1116    i.motor_set         main.o
    0x00002cb4   0x00000080   Code   RO          424    i.pit_delay         kea128_pit.o
    0x00002d34   0x00000058   Code   RO          425    i.pit_init          kea128_pit.o
    0x00002d8c   0x00000050   Code   RO          467    i.port_pull         kea128_port.o
    0x00002ddc   0x000000e0   Code   RO         1117    i.servo_pid_caculate  main.o
    0x00002ebc   0x000001cc   Code   RO         1120    i.time_10ms_serve   main.o
    0x00003088   0x00000002   Code   RO         1122    i.time_1s_serve     main.o
    0x0000308a   0x00000002   Code   RO         1123    i.time_200ms_serve  main.o
    0x0000308c   0x00000002   Code   RO         1124    i.time_20ms_serve   main.o
    0x0000308e   0x00000002   Code   RO         1125    i.time_2s_serve     main.o
    0x00003090   0x0000000a   Code   RO         1126    i.time_500ms_serve  main.o
    0x0000309a   0x00000002   Code   RO         1127    i.time_50ms_serve   main.o
    0x0000309c   0x00000002   Code   RO         1128    i.time_5s_serve     main.o
    0x0000309e   0x00000002   PAD
    0x000030a0   0x000000b8   Code   RO          565    i.uart_init         kea128_uart.o
    0x00003158   0x00000070   Code   RO          566    i.uart_mux          kea128_uart.o
    0x000031c8   0x00000068   Code   RO         1129    i.update_1cm_error  main.o
    0x00003230   0x00000016   Data   RO            4    .constdata          common.o
    0x00003246   0x00000002   PAD
    0x00003248   0x0000000c   Data   RO          220    .constdata          kea128_ftm.o
    0x00003254   0x0000000c   Data   RO          285    .constdata          kea128_gpio.o
    0x00003260   0x00000cd3   Data   RO          743    .constdata          oled.o
    0x00003f33   0x00000001   PAD
    0x00003f34   0x00000020   Data   RO         1601    Region$$Table       anon$$obj.o


    Execution Region RW_IRAM1 (Base: 0x1ffff000, Size: 0x00000bb8, Max: 0x00004000, ABSOLUTE)

    Base Addr    Size         Type   Attr      Idx    E Section Name        Object

    0x1ffff000   0x00000010   Data   RW            5    .data               common.o
    0x1ffff010   0x00000006   Data   RW          221    .data               kea128_ftm.o
    0x1ffff016   0x00000002   PAD
    0x1ffff018   0x0000000c   Data   RW          574    .data               kea128_uart.o
    0x1ffff024   0x00000002   Data   RW          744    .data               oled.o
    0x1ffff026   0x00000002   PAD
    0x1ffff028   0x00000054   Data   RW         1131    .data               main.o
    0x1ffff07c   0x00000400   Zero   RW          742    .bss                oled.o
    0x1ffff47c   0x00000025   Zero   RW          953    .bss                car_key.o
    0x1ffff4a1   0x00000003   PAD
    0x1ffff4a4   0x00000312   Zero   RW         1130    .bss                main.o
    0x1ffff7b6   0x00000002   PAD
    0x1ffff7b8   0x00000400   Zero   RW          701    STACK               startup_skeaz1284.o


==============================================================================

Image component sizes


      Code (inc. data)   RO Data    RW Data    ZI Data      Debug   Object Name

       488         42          0          0         37       1892   car_key.o
       204         34         22         16          0     113161   common.o
       476         78          0          0          0       1372   isr.o
        96         16          0          0          0       2517   kea128_adc.o
      1024         64         12          6          0       5332   kea128_ftm.o
       388         18         12          0          0       3118   kea128_gpio.o
       216         26          0          0          0       1139   kea128_pit.o
        80          6          0          0          0        576   kea128_port.o
       296         20          0         12          0       1858   kea128_uart.o
      2998        312          0         84        786      18672   main.o
      1362         60       3283          2       1024       9386   oled.o
        56         30        192          0       1024        988   startup_skeaz1284.o
       112         20          0          0          0       1039   system_skeaz1284.o

    ----------------------------------------------------------------------
      7800        726       3556        124       2876     161050   Object Totals
         0          0         32          0          0          0   (incl. Generated)
         4          0          3          4          5          0   (incl. Padding)

    ----------------------------------------------------------------------

      Code (inc. data)   RO Data    RW Data    ZI Data      Debug   Library Member Name

         0          0          0          0          0          0   entry.o
         0          0          0          0          0          0   entry10a.o
         0          0          0          0          0          0   entry11a.o
         8          4          0          0          0          0   entry2.o
         4          0          0          0          0          0   entry5.o
         0          0          0          0          0          0   entry7b.o
         0          0          0          0          0          0   entry8b.o
         8          4          0          0          0          0   entry9a.o
        30          0          0          0          0          0   handlers.o
        40          0          0          0          0         72   idiv.o
        36          8          0          0          0         68   init.o
         0          0          0          0          0          0   iusefp.o
        32          0          0          0          0         68   llshl.o
        38          0          0          0          0         68   llsshr.o
        34          0          0          0          0         68   llushr.o
        36          0          0          0          0         60   memcpya.o
      2344        100          0          0          0        616   printfa.o
        44          0          0          0          0         72   uidiv.o
        96          0          0          0          0         84   uldiv.o
        40          2          0          0          0         68   cdcmple.o
        40          2          0          0          0         68   cdrcmple.o
        20          0          0          0          0         68   cfcmple.o
        20          0          0          0          0         68   cfrcmple.o
        56          0          0          0          0         68   d2f.o
       356          4          0          0          0        140   dadd.o
       240          6          0          0          0         84   ddiv.o
       236          0          0          0          0        216   depilogue.o
        72         10          0          0          0         72   dfixi.o
        64         10          0          0          0         68   dfixul.o
        40          6          0          0          0         68   dflti.o
        28          4          0          0          0         68   dfltui.o
       208          6          0          0          0         88   dmul.o
        40          0          0          0          0         60   f2d.o
       178          0          0          0          0        108   fadd.o
       124          0          0          0          0         72   fdiv.o
       130          0          0          0          0        144   fepilogue.o
        50          0          0          0          0         60   ffixi.o
        22          0          0          0          0         68   fflti.o
        14          0          0          0          0         68   ffltui.o
       122          0          0          0          0         72   fmul.o

    ----------------------------------------------------------------------
      4856        166          0          0          0       2972   Library Totals
         6          0          0          0          0          0   (incl. Padding)

    ----------------------------------------------------------------------

      Code (inc. data)   RO Data    RW Data    ZI Data      Debug   Library Name

      2750        116          0          0          0       1176   mc_p.l
      2100         50          0          0          0       1796   mf_p.l

    ----------------------------------------------------------------------
      4856        166          0          0          0       2972   Library Totals

    ----------------------------------------------------------------------

==============================================================================


      Code (inc. data)   RO Data    RW Data    ZI Data      Debug   

     12656        892       3556        124       2876     160094   Grand Totals
     12656        892       3556        124       2876     160094   ELF Image Totals
     12656        892       3556        124          0          0   ROM Totals

==============================================================================

    Total RO  Size (Code + RO Data)                16212 (  15.83kB)
    Total RW  Size (RW Data + ZI Data)              3000 (   2.93kB)
    Total ROM Size (Code + RO Data + RW Data)      16336 (  15.95kB)

==============================================================================

