Component: ARM Compiler 5.06 update 4 (build 422) Tool: armlink [4d35d2]

==============================================================================

Section Cross References

    common.o(i.get_clk) refers to memcpya.o(.text) for __aeabi_memcpy4
    common.o(i.get_clk) refers to uidiv.o(.text) for __aeabi_uidivmod
    common.o(i.get_clk) refers to kea128_uart.o(i.uart_init) for uart_init
    common.o(i.get_clk) refers to common.o(.constdata) for .constdata
    common.o(i.get_clk) refers to common.o(.data) for .data
    kea128_flash.o(i.FLASH_EraseSector) refers to kea128_flash.o(i.FlashCmdStart) for FlashCmdStart
    kea128_flash.o(i.FLASH_Init) refers to uidiv.o(.text) for __aeabi_uidivmod
    kea128_flash.o(i.FLASH_Init) refers to common.o(.data) for bus_clk_khz
    kea128_flash.o(i.FLASH_WriteSector) refers to kea128_flash.o(i.FlashCmdStart) for FlashCmdStart
    kea128_flash.o(i.FlashCmdStart) refers to kea128_flash.o(.data) for .data
    kea128_ftm.o(i.ftm_count_clean) refers to kea128_ftm.o(.constdata) for .constdata
    kea128_ftm.o(i.ftm_count_get) refers to kea128_ftm.o(.constdata) for .constdata
    kea128_ftm.o(i.ftm_count_init) refers to kea128_ftm.o(i.ftm_count_mux) for ftm_count_mux
    kea128_ftm.o(i.ftm_count_init) refers to kea128_ftm.o(.constdata) for .constdata
    kea128_ftm.o(i.ftm_count_mux) refers to kea128_port.o(i.port_pull) for port_pull
    kea128_ftm.o(i.ftm_pwm_duty) refers to uidiv.o(.text) for __aeabi_uidivmod
    kea128_ftm.o(i.ftm_pwm_duty) refers to kea128_ftm.o(.data) for .data
    kea128_ftm.o(i.ftm_pwm_duty) refers to kea128_ftm.o(.constdata) for .constdata
    kea128_ftm.o(i.ftm_pwm_freq) refers to uidiv.o(.text) for __aeabi_uidivmod
    kea128_ftm.o(i.ftm_pwm_freq) refers to common.o(.data) for ftm_clk_khz
    kea128_ftm.o(i.ftm_pwm_freq) refers to kea128_ftm.o(.data) for .data
    kea128_ftm.o(i.ftm_pwm_freq) refers to kea128_ftm.o(.constdata) for .constdata
    kea128_ftm.o(i.ftm_pwm_init) refers to kea128_ftm.o(i.ftm_pwm_mux) for ftm_pwm_mux
    kea128_ftm.o(i.ftm_pwm_init) refers to uidiv.o(.text) for __aeabi_uidivmod
    kea128_ftm.o(i.ftm_pwm_init) refers to common.o(.data) for ftm_clk_khz
    kea128_ftm.o(i.ftm_pwm_init) refers to kea128_ftm.o(.data) for .data
    kea128_ftm.o(i.ftm_pwm_init) refers to kea128_ftm.o(.constdata) for .constdata
    kea128_ftm.o(i.ftm_pwm_mux) refers to kea128_ftm.o(i.__ARM_common_switch8) for __ARM_common_switch8
    kea128_gpio.o(i.gpio_ddr) refers to kea128_gpio.o(.constdata) for .constdata
    kea128_gpio.o(i.gpio_get) refers to kea128_gpio.o(.constdata) for .constdata
    kea128_gpio.o(i.gpio_init) refers to kea128_gpio.o(.constdata) for .constdata
    kea128_gpio.o(i.gpio_set) refers to kea128_gpio.o(.constdata) for .constdata
    kea128_gpio.o(i.gpio_turn) refers to kea128_gpio.o(.constdata) for .constdata
    kea128_i2c.o(i.i2c_Wait) refers to kea128_i2c.o(.data) for .data
    kea128_i2c.o(i.i2c_init) refers to memcpya.o(.text) for __aeabi_memcpy4
    kea128_i2c.o(i.i2c_init) refers to uidiv.o(.text) for __aeabi_uidivmod
    kea128_i2c.o(i.i2c_init) refers to kea128_i2c.o(.constdata) for .constdata
    kea128_i2c.o(i.i2c_init) refers to common.o(.data) for bus_clk_khz
    kea128_i2c.o(i.i2c_init) refers to kea128_i2c.o(.data) for .data
    kea128_i2c.o(i.i2c_read_reg) refers to kea128_i2c.o(i.i2c_Wait) for i2c_Wait
    kea128_i2c.o(i.i2c_read_reg) refers to kea128_i2c.o(i.i2c_delay) for i2c_delay
    kea128_i2c.o(i.i2c_read_reg) refers to kea128_i2c.o(.data) for .data
    kea128_i2c.o(i.i2c_read_reg_bytes) refers to kea128_i2c.o(i.i2c_Wait) for i2c_Wait
    kea128_i2c.o(i.i2c_read_reg_bytes) refers to kea128_i2c.o(i.i2c_delay) for i2c_delay
    kea128_i2c.o(i.i2c_read_reg_bytes) refers to kea128_i2c.o(.data) for .data
    kea128_i2c.o(i.i2c_write_reg) refers to kea128_i2c.o(i.i2c_Wait) for i2c_Wait
    kea128_i2c.o(i.i2c_write_reg) refers to kea128_i2c.o(i.i2c_delay) for i2c_delay
    kea128_i2c.o(i.i2c_write_reg) refers to kea128_i2c.o(.data) for .data
    kea128_kbi.o(i.kbi_init) refers to kea128_port.o(i.port_pull) for port_pull
    kea128_kbi.o(i.kbi_init) refers to kea128_kbi.o(.data) for .data
    kea128_spi.o(i.spi_init) refers to memcpya.o(.text) for __aeabi_memcpy4
    kea128_spi.o(i.spi_init) refers to uidiv.o(.text) for __aeabi_uidivmod
    kea128_spi.o(i.spi_init) refers to kea128_spi.o(.constdata) for .constdata
    kea128_spi.o(i.spi_init) refers to common.o(.data) for bus_clk_khz
    kea128_spi.o(i.spi_init) refers to kea128_spi.o(.data) for .data
    kea128_spi.o(i.spi_mosi) refers to kea128_spi.o(.data) for .data
    kea128_spi.o(i.spi_mosi_cmd) refers to kea128_spi.o(i.spi_mosi) for spi_mosi
    kea128_systick.o(i.systick_delay_ms) refers to kea128_systick.o(i.systick_delay) for systick_delay
    kea128_systick.o(i.systick_delay_ms) refers to common.o(.data) for core_clk_khz
    kea128_uart.o(i.fputc) refers to kea128_uart.o(i.uart_putchar) for uart_putchar
[...]
    printf6.o(i.__0printf$6) refers to kea128_uart.o(i.fputc) for fputc
    printf6.o(i.__0printf$6) refers to stdout.o(.data) for __stdout
    printf6.o(i.__0snprintf$6) refers to printf6.o(i._printf_core) for _printf_core
    printf6.o(i.__0snprintf$6) refers to printf6.o(i._snputc) for _snputc
    printf6.o(i.__0sprintf$6) refers to printf6.o(i._printf_core) for _printf_core
    printf6.o(i.__0sprintf$6) refers to printf6.o(i._sputc) for _sputc
    printf6.o(i.__0vfprintf$6) refers to printf6.o(i._printf_core) for _printf_core
    printf6.o(i.__0vfprintf$6) refers to kea128_uart.o(i.fputc) for fputc
    printf6.o(i.__0vprintf$6) refers to printf6.o(i._printf_core) for _printf_core
    printf6.o(i.__0vprintf$6) refers to kea128_uart.o(i.fputc) for fputc
    printf6.o(i.__0vprintf$6) refers to stdout.o(.data) for __stdout
    printf6.o(i.__0vsnprintf$6) refers to printf6.o(i._printf_core) for _printf_core
    printf6.o(i.__0vsnprintf$6) refers to printf6.o(i._snputc) for _snputc
    printf6.o(i.__0vsprintf$6) refers to printf6.o(i._printf_core) for _printf_core
    printf6.o(i.__0vsprintf$6) refers to printf6.o(i._sputc) for _sputc
    printf6.o(i._printf_core) refers to printf6.o(i._printf_pre_padding) for _printf_pre_padding
    printf6.o(i._printf_core) refers to printf6.o(i._printf_post_padding) for _printf_post_padding
    printf6.o(i._printf_core) refers to uidiv.o(.text) for __aeabi_uidivmod
    printf7.o(i.__0fprintf$7) refers to printf7.o(i._printf_core) for _printf_core
    printf7.o(i.__0fprintf$7) refers to kea128_uart.o(i.fputc) for fputc
    printf7.o(i.__0printf$7) refers to printf7.o(i._printf_core) for _printf_core
    printf7.o(i.__0printf$7) refers to kea128_uart.o(i.fputc) for fputc
    printf7.o(i.__0printf$7) refers to stdout.o(.data) for __stdout
    printf7.o(i.__0snprintf$7) refers to printf7.o(i._printf_core) for _printf_core
    printf7.o(i.__0snprintf$7) refers to printf7.o(i._snputc) for _snputc
    printf7.o(i.__0sprintf$7) refers to printf7.o(i._printf_core) for _printf_core
    printf7.o(i.__0sprintf$7) refers to printf7.o(i._sputc) for _sputc
    printf7.o(i.__0vfprintf$7) refers to printf7.o(i._printf_core) for _printf_core
    printf7.o(i.__0vfprintf$7) refers to kea128_uart.o(i.fputc) for fputc
    printf7.o(i.__0vprintf$7) refers to printf7.o(i._printf_core) for _printf_core
    printf7.o(i.__0vprintf$7) refers to kea128_uart.o(i.fputc) for fputc
    printf7.o(i.__0vprintf$7) refers to stdout.o(.data) for __stdout
    printf7.o(i.__0vsnprintf$7) refers to printf7.o(i._printf_core) for _printf_core
    printf7.o(i.__0vsnprintf$7) refers to printf7.o(i._snputc) for _snputc
    printf7.o(i.__0vsprintf$7) refers to printf7.o(i._printf_core) for _printf_core
    printf7.o(i.__0vsprintf$7) refers to printf7.o(i._sputc) for _sputc
    printf7.o(i._printf_core) refers to printf7.o(i._printf_pre_padding) for _printf_pre_padding
    printf7.o(i._printf_core) refers to printf7.o(i._printf_post_padding) for _printf_post_padding
    printf7.o(i._printf_core) refers to uldiv.o(.text) for __aeabi_uldivmod
    printf8.o(i.__0fprintf$8) refers to printf8.o(i._printf_core) for _printf_core
    printf8.o(i.__0fprintf$8) refers to kea128_uart.o(i.fputc) for fputc
    printf8.o(i.__0printf$8) refers to printf8.o(i._printf_core) for _printf_core
    printf8.o(i.__0printf$8) refers to kea128_uart.o(i.fputc) for fputc
    printf8.o(i.__0printf$8) refers to stdout.o(.data) for __stdout
    printf8.o(i.__0snprintf$8) refers to printf8.o(i._printf_core) for _printf_core
    printf8.o(i.__0snprintf$8) refers to printf8.o(i._snputc) for _snputc
    printf8.o(i.__0sprintf$8) refers to printf8.o(i._printf_core) for _printf_core
    printf8.o(i.__0sprintf$8) refers to printf8.o(i._sputc) for _sputc
    printf8.o(i.__0vfprintf$8) refers to printf8.o(i._printf_core) for _printf_core
    printf8.o(i.__0vfprintf$8) refers to kea128_uart.o(i.fputc) for fputc
    printf8.o(i.__0vprintf$8) refers to printf8.o(i._printf_core) for _printf_core
    printf8.o(i.__0vprintf$8) refers to kea128_uart.o(i.fputc) for fputc
    printf8.o(i.__0vprintf$8) refers to stdout.o(.data) for __stdout
    printf8.o(i.__0vsnprintf$8) refers to printf8.o(i._printf_core) for _printf_core
    printf8.o(i.__0vsnprintf$8) refers to printf8.o(i._snputc) for _snputc
    printf8.o(i.__0vsprintf$8) refers to printf8.o(i._printf_core) for _printf_core
    printf8.o(i.__0vsprintf$8) refers to printf8.o(i._sputc) for _sputc
    printf8.o(i._printf_core) refers to printf8.o(i._printf_pre_padding) for _printf_pre_padding
    printf8.o(i._printf_core) refers to printf8.o(i._printf_post_padding) for _printf_post_padding
    printf8.o(i._printf_core) refers to uldiv.o(.text) for __aeabi_uldivmod
    printfa.o(i.__0fprintf) refers (Special) to iusefp.o(.text) for __I$use$fp
    printfa.o(i.__0fprintf) refers to printfa.o(i._printf_core) for _printf_core
    printfa.o(i.__0fprintf) refers to kea128_uart.o(i.fputc) for fputc
    printfa.o(i.__0printf) refers (Special) to iusefp.o(.text) for __I$use$fp
    printfa.o(i.__0printf) refers to printfa.o(i._printf_core) for _printf_core
    printfa.o(i.__0printf) refers to kea128_uart.o(i.fputc) for fputc
    printfa.o(i.__0printf) refers to stdout.o(.data) for __stdout
    printfa.o(i.__0snprintf) refers (Special) to iusefp.o(.text) for __I$use$fp
    printfa.o(i.__0snprintf) refers to printfa.o(i._printf_core) for _printf_core
    printfa.o(i.__0snprintf) refers to printfa.o(i._snputc) for _snputc
    printfa.o(i.__0sprintf) refers (Special) to iusefp.o(.text) for __I$use$fp
    printfa.o(i.__0sprintf) refers to printfa.o(i._printf_core) for _printf_core
    printfa.o(i.__0sprintf) refers to printfa.o(i._sputc) for _sputc
    printfa.o(i.__0vfprintf) refers (Special) to iusefp.o(.text) for __I$use$fp
    printfa.o(i.__0vfprintf) refers to printfa.o(i._printf_core) for _printf_core
    printfa.o(i.__0vfprintf) refers to kea128_uart.o(i.fputc) for fputc
    printfa.o(i.__0vprintf) refers (Special) to iusefp.o(.text) for __I$use$fp
    printfa.o(i.__0vprintf) refers to printfa.o(i._printf_core) for _printf_core
    printfa.o(i.__0vprintf) refers to kea128_uart.o(i.fputc) for fputc
    printfa.o(i.__0vprintf) refers to stdout.o(.data) for __stdout
    printfa.o(i.__0vsnprintf) refers (Special) to iusefp.o(.text) for __I$use$fp
    printfa.o(i.__0vsnprintf) refers to printfa.o(i._printf_core) for _printf_core
    printfa.o(i.__0vsnprintf) refers to printfa.o(i._snputc) for _snputc
    printfa.o(i.__0vsprintf) refers (Special) to iusefp.o(.text) for __I$use$fp
    printfa.o(i.__0vsprintf) refers to printfa.o(i._printf_core) for _printf_core
    printfa.o(i.__0vsprintf) refers to printfa.o(i._sputc) for _sputc
    printfa.o(i._fp_digits) refers (Special) to iusefp.o(.text) for __I$use$fp
    printfa.o(i._fp_digits) refers to dmul.o(.text) for __aeabi_dmul
    printfa.o(i._fp_digits) refers to ddiv.o(.text) for __aeabi_ddiv
    printfa.o(i._fp_digits) refers to cdrcmple.o(.text) for __aeabi_cdrcmple
    printfa.o(i._fp_digits) refers to dadd.o(.text) for __aeabi_dadd
    printfa.o(i._fp_digits) refers to dfixul.o(.text) for __aeabi_d2ulz
    printfa.o(i._fp_digits) refers to uldiv.o(.text) for __aeabi_uldivmod
    printfa.o(i._printf_core) refers (Special) to iusefp.o(.text) for __I$use$fp
    printfa.o(i._printf_core) refers to printfa.o(i._printf_pre_padding) for _printf_pre_padding
    printfa.o(i._printf_core) refers to uldiv.o(.text) for __aeabi_uldivmod
    printfa.o(i._printf_core) refers to printfa.o(i._printf_post_padding) for _printf_post_padding
    printfa.o(i._printf_core) refers to printfa.o(i._fp_digits) for _fp_digits
    printfa.o(i._printf_core) refers to uidiv.o(.text) for __aeabi_uidivmod
    printfa.o(i._printf_post_padding) refers (Special) to iusefp.o(.text) for __I$use$fp
    printfa.o(i._printf_pre_padding) refers (Special) to iusefp.o(.text) for __I$use$fp
    printfa.o(i._snputc) refers (Special) to iusefp.o(.text) for __I$use$fp
    printfa.o(i._sputc) refers (Special) to iusefp.o(.text) for __I$use$fp
    fadd.o(.text) refers (Special) to iusefp.o(.text) for __I$use$fp
    fadd.o(.text) refers to fepilogue.o(.text) for _float_epilogue
    fmul.o(.text) refers (Special) to iusefp.o(.text) for __I$use$fp
    fdiv.o(.text) refers (Special) to iusefp.o(.text) for __I$use$fp
    fdiv.o(.text) refers to fepilogue.o(.text) for _float_round
    dadd.o(.text) refers (Special) to iusefp.o(.text) for __I$use$fp
    dadd.o(.text) refers to llshl.o(.text) for __aeabi_llsl
    dadd.o(.text) refers to llsshr.o(.text) for __aeabi_lasr
    dadd.o(.text) refers to depilogue.o(.text) for _double_epilogue
    dmul.o(.text) refers (Special) to iusefp.o(.text) for __I$use$fp
    dmul.o(.text) refers to depilogue.o(.text) for _double_epilogue
    ddiv.o(.text) refers (Special) to iusefp.o(.text) for __I$use$fp
    ddiv.o(.text) refers to depilogue.o(.text) for _double_round
    dscalb.o(.text) refers (Special) to iusefp.o(.text) for __I$use$fp
    fflti.o(.text) refers (Special) to iusefp.o(.text) for __I$use$fp
    fflti.o(.text) refers to fepilogue.o(.text) for _float_epilogue
    ffltui.o(.text) refers (Special) to iusefp.o(.text) for __I$use$fp
    ffltui.o(.text) refers to fepilogue.o(.text) for _float_epilogue
    dflti.o(.text) refers (Special) to iusefp.o(.text) for __I$use$fp
    dflti.o(.text) refers to depilogue.o(.text) for _double_epilogue
    dfltui.o(.text) refers (Special) to iusefp.o(.text) for __I$use$fp
    dfltui.o(.text) refers to depilogue.o(.text) for _double_epilogue
    ffixi.o(.text) refers (Special) to iusefp.o(.text) for __I$use$fp
    ffixui.o(.text) refers (Special) to iusefp.o(.text) for __I$use$fp
    dfixi.o(.text) refers (Special) to iusefp.o(.text) for __I$use$fp
    dfixi.o(.text) refers to llushr.o(.text) for __aeabi_llsr
    dfixui.o(.text) refers (Special) to iusefp.o(.text) for __I$use$fp
    dfixui.o(.text) refers to llushr.o(.text) for __aeabi_llsr
    f2d.o(.text) refers (Special) to iusefp.o(.text) for __I$use$fp
    cdrcmple.o(.text) refers (Special) to iusefp.o(.text) for __I$use$fp
    d2f.o(.text) refers (Special) to iusefp.o(.text) for __I$use$fp
    d2f.o(.text) refers to fepilogue.o(.text) for _float_round
    cfrcmple.o(.text) refers (Special) to iusefp.o(.text) for __I$use$fp
    entry2.o(.ARM.Collect$$$$00000001) refers to entry2.o(.ARM.Collect$$$$00002712) for __lit__00000000
    entry2.o(.ARM.Collect$$$$00002712) refers to startup_skeaz1284.o(STACK) for __initial_sp
    entry2.o(__vectab_stack_and_reset_area) refers to startup_skeaz1284.o(STACK) for __initial_sp
    entry2.o(__vectab_stack_and_reset_area) refers to entry.o(.ARM.Collect$$$$00000000) for __main
    entry5.o(.ARM.Collect$$$$00000004) refers to init.o(.text) for __scatterload
    entry9a.o(.ARM.Collect$$$$0000000B) refers to main.o(i.main) for main
    entry9b.o(.ARM.Collect$$$$0000000C) refers to main.o(i.main) for main
    uldiv.o(.text) refers to llushr.o(.text) for __aeabi_llsr
    uldiv.o(.text) refers to llshl.o(.text) for __aeabi_llsl
    depilogue.o(.text) refers to depilogue.o(i.__ARM_clz) for __ARM_clz
    depilogue.o(.text) refers to llshl.o(.text) for __aeabi_llsl
    depilogue.o(.text) refers to llushr.o(.text) for __aeabi_llsr
    dfixul.o(.text) refers to llushr.o(.text) for __aeabi_llsr
    dfixul.o(.text) refers to llshl.o(.text) for __aeabi_llsl
    init.o(.text) refers to entry5.o(.ARM.Collect$$$$00000004) for __main_after_scatterload


==============================================================================

Removing Unused input sections from the image.

    Removing common.o(.rev16_text), (4 bytes).
    Removing common.o(.revsh_text), (4 bytes).
    Removing kea128_adc.o(.rev16_text), (4 bytes).
    Removing kea128_adc.o(.revsh_text), (4 bytes).
    Removing kea128_adc.o(i.adc_stop), (12 bytes).
    Removing kea128_flash.o(.rev16_text), (4 bytes).
    Removing kea128_flash.o(.revsh_text), (4 bytes).
    Removing kea128_flash.o(i.FLASH_EraseSector), (40 bytes).
    Removing kea128_flash.o(i.FLASH_GetSectorSize), (6 bytes).
    Removing kea128_flash.o(i.FLASH_WriteSector), (96 bytes).
    Removing kea128_flash.o(i.FlashCmdStart), (44 bytes).
    Removing kea128_flash.o(.data), (18 bytes).
    Removing kea128_ftm.o(.rev16_text), (4 bytes).
    Removing kea128_ftm.o(.revsh_text), (4 bytes).
    Removing kea128_ftm.o(i.ftm_pwm_freq), (104 bytes).
    Removing kea128_gpio.o(.rev16_text), (4 bytes).
    Removing kea128_gpio.o(.revsh_text), (4 bytes).
    Removing kea128_gpio.o(i.gpio_ddr), (128 bytes).
    Removing kea128_gpio.o(i.gpio_turn), (48 bytes).
    Removing kea128_i2c.o(.rev16_text), (4 bytes).
    Removing kea128_i2c.o(.revsh_text), (4 bytes).
    Removing kea128_i2c.o(i.i2c_Wait), (88 bytes).
    Removing kea128_i2c.o(i.i2c_delay), (20 bytes).
    Removing kea128_i2c.o(i.i2c_init), (212 bytes).
    Removing kea128_i2c.o(i.i2c_read_reg), (120 bytes).
    Removing kea128_i2c.o(i.i2c_read_reg_bytes), (184 bytes).
    Removing kea128_i2c.o(i.i2c_write_reg), (76 bytes).
    Removing kea128_i2c.o(.constdata), (128 bytes).
    Removing kea128_i2c.o(.data), (8 bytes).
    Removing kea128_i2c.o(.data), (1 bytes).
    Removing kea128_i2c.o(.data), (1 bytes).
    Removing kea128_irq.o(.rev16_text), (4 bytes).
    Removing kea128_irq.o(.revsh_text), (4 bytes).
    Removing kea128_irq.o(i.irq_init), (40 bytes).
    Removing kea128_kbi.o(.rev16_text), (4 bytes).
    Removing kea128_kbi.o(.revsh_text), (4 bytes).
    Removing kea128_kbi.o(i.kbi_init), (160 bytes).
    Removing kea128_kbi.o(.data), (8 bytes).
    Removing kea128_pit.o(.rev16_text), (4 bytes).
    Removing kea128_pit.o(.revsh_text), (4 bytes).
    Removing kea128_pit.o(i.pit_close), (28 bytes).
    Removing kea128_pit.o(i.pit_time_get), (40 bytes).
    Removing kea128_pit.o(i.pit_time_start), (56 bytes).
    Removing kea128_port.o(.rev16_text), (4 bytes).
    Removing kea128_port.o(.revsh_text), (4 bytes).
    Removing kea128_spi.o(.rev16_text), (4 bytes).
    Removing kea128_spi.o(.revsh_text), (4 bytes).
    Removing kea128_spi.o(i.spi_init), (252 bytes).
    Removing kea128_spi.o(i.spi_mosi), (60 bytes).
    Removing kea128_spi.o(i.spi_mosi_cmd), (40 bytes).
    Removing kea128_spi.o(.constdata), (36 bytes).
    Removing kea128_spi.o(.data), (8 bytes).
    Removing kea128_systick.o(.rev16_text), (4 bytes).
    Removing kea128_systick.o(.revsh_text), (4 bytes).
    Removing kea128_systick.o(i.systick_delay), (32 bytes).
    Removing kea128_systick.o(i.systick_delay_ms), (24 bytes).
    Removing kea128_systick.o(i.systick_getval), (12 bytes).
    Removing kea128_systick.o(i.systick_timing), (24 bytes).
    Removing kea128_uart.o(.rev16_text), (4 bytes).
    Removing kea128_uart.o(.revsh_text), (4 bytes).
    Removing kea128_uart.o(i.fputc), (16 bytes).
    Removing kea128_uart.o(i.uart_getchar), (24 bytes).
    Removing kea128_uart.o(i.uart_putstr), (24 bytes).
    Removing kea128_uart.o(i.uart_rx_irq_dis), (48 bytes).
    Removing kea128_uart.o(i.uart_rx_irq_en), (40 bytes).
    Removing kea128_uart.o(i.uart_txc_irq_dis), (48 bytes).
    Removing kea128_uart.o(i.uart_txc_irq_en), (40 bytes).
    Removing misc.o(.rev16_text), (4 bytes).
    Removing misc.o(.revsh_text), (4 bytes).
    Removing misc.o(i.write_vtor), (12 bytes).
    Removing system_skeaz1284.o(.rev16_text), (4 bytes).
    Removing system_skeaz1284.o(.revsh_text), (4 bytes).
    Removing startup_skeaz1284.o(HEAP), (2048 bytes).
    Removing oled.o(.rev16_text), (4 bytes).
    Removing oled.o(.revsh_text), (4 bytes).
    Removing oled.o(i.Cache_OLED_P6x8Num_0X), (96 bytes).
    Removing oled.o(i.Cache_OLED_P6x8byte_inverse), (56 bytes).
    Removing oled.o(i.Draw_BMP), (58 bytes).
    Removing oled.o(i.Draw_LOGO), (24 bytes).
    Removing oled.o(i.OLED_CLS), (52 bytes).
    Removing oled.o(i.OLED_CLS_Y), (40 bytes).
    Removing oled.o(i.OLED_P14x16Str), (224 bytes).
    Removing oled.o(i.OLED_P6x8Num), (96 bytes).
    Removing oled.o(i.OLED_P6x8Str), (80 bytes).
    Removing oled.o(i.OLED_P6x8byte_inverse), (56 bytes).
    Removing oled.o(i.OLED_P6x8floatNum), (112 bytes).
    Removing oled.o(i.OLED_P8x16Str), (112 bytes).
    Removing oled.o(i.OLED_P8x16floatNum), (148 bytes).
    Removing oled.o(i.OLED_Print), (78 bytes).
    Removing oled.o(i.OLED_PutPixel), (54 bytes).
    Removing oled.o(i.OLED_Rectangle), (106 bytes).
    Removing oled.o(i.getx), (12 bytes).
    Removing oled.o(i.gety), (12 bytes).
    Removing motor.o(.rev16_text), (4 bytes).
    Removing motor.o(.revsh_text), (4 bytes).
    Removing sensor.o(.rev16_text), (4 bytes).
    Removing sensor.o(.revsh_text), (4 bytes).
    Removing car_key.o(.rev16_text), (4 bytes).
    Removing car_key.o(.revsh_text), (4 bytes).
    Removing car_key.o(i.Key_Inquire_GD), (12 bytes).
    Removing control.o(.rev16_text), (4 bytes).
    Removing control.o(.revsh_text), (4 bytes).
    Removing control.o(i.control), (340 bytes).
    Removing control.o(i.servo_pid_caculate), (200 bytes).
    Removing control.o(i.speed_control), (248 bytes).
    Removing control.o(.data), (1 bytes).
    Removing control.o(.data), (1 bytes).
    Removing encode.o(.rev16_text), (4 bytes).
    Removing encode.o(.revsh_text), (4 bytes).
    Removing ano_dt.o(.rev16_text), (4 bytes).
    Removing ano_dt.o(.revsh_text), (4 bytes).
    Removing ano_dt.o(i.ANO_DT_Data_Exchange), (204 bytes).
    Removing ano_dt.o(i.ANO_DT_Data_Receive_Anl), (140 bytes).
    Removing ano_dt.o(i.ANO_DT_Send_Check), (56 bytes).
    Removing ano_dt.o(i.ANO_DT_Send_Data), (14 bytes).
    Removing ano_dt.o(i.ANO_DT_Send_MotoPWM), (152 bytes).
    Removing ano_dt.o(i.ANO_DT_Send_PID), (288 bytes).
    Removing ano_dt.o(i.ANO_DT_Send_Power), (76 bytes).
    Removing ano_dt.o(i.ANO_DT_Send_Senser), (160 bytes).
    Removing ano_dt.o(i.ANO_DT_Send_Status), (164 bytes).
    Removing ano_dt.o(.bss), (63 bytes).
    Removing ano_dt.o(.data), (6 bytes).
    Removing debug.o(.rev16_text), (4 bytes).
    Removing debug.o(.revsh_text), (4 bytes).
    Removing myui.o(.rev16_text), (4 bytes).
    Removing myui.o(.revsh_text), (4 bytes).
    Removing myui.o(i.ChangeFlagVal), (42 bytes).
    Removing myui.o(i.show_Servo_PID), (2 bytes).
    Removing myui.o(.data), (4 bytes).
    Removing myui.o(.data), (4 bytes).
    Removing isr.o(.rev16_text), (4 bytes).
    Removing isr.o(.revsh_text), (4 bytes).
    Removing main.o(.rev16_text), (4 bytes).
    Removing main.o(.revsh_text), (4 bytes).
    Removing main.o(i.time_100ms_serve), (2 bytes).
    Removing main.o(i.time_10s_serve), (2 bytes).
    Removing main.o(i.time_1s_serve), (2 bytes).
    Removing main.o(i.time_200ms_serve), (2 bytes).
    Removing main.o(i.time_2s_serve), (2 bytes).
    Removing main.o(i.time_500ms_serve), (2 bytes).
    Removing main.o(i.time_50ms_serve), (2 bytes).
    Removing main.o(i.time_5s_serve), (2 bytes).
    Removing main.o(.data), (4 bytes).
    Removing main.o(.data), (1 bytes).
    Removing main.o(.data), (1 bytes).
    Removing ffixui.o(.text), (40 bytes).
    Removing cfrcmple.o(.text), (20 bytes).

147 unused section(s) (total 8337 bytes) removed from the image.

==============================================================================

Image Symbol Table

    Local Symbols

    Symbol Name                              Value     Ov Type        Size  Object(Section)

    RESET                                    0x00000000   Section      192  startup_skeaz1284.o(RESET)
    ../clib/microlib/division.c              0x00000000   Number         0  uidiv.o ABSOLUTE
    ../clib/microlib/division.c              0x00000000   Number         0  idiv.o ABSOLUTE
    ../clib/microlib/division.c              0x00000000   Number         0  uldiv.o ABSOLUTE
    ../clib/microlib/init/entry.s            0x00000000   Number         0  entry.o ABSOLUTE
    ../clib/microlib/init/entry.s            0x00000000   Number         0  entry2.o ABSOLUTE
    ../clib/microlib/init/entry.s            0x00000000   Number         0  entry9a.o ABSOLUTE
    ../clib/microlib/init/entry.s            0x00000000   Number         0  entry8b.o ABSOLUTE
    ../clib/microlib/init/entry.s            0x00000000   Number         0  entry8a.o ABSOLUTE
    ../clib/microlib/init/entry.s            0x00000000   Number         0  entry7b.o ABSOLUTE
    ../clib/microlib/init/entry.s            0x00000000   Number         0  entry10a.o ABSOLUTE
    ../clib/microlib/init/entry.s            0x00000000   Number         0  entry9b.o ABSOLUTE
    ../clib/microlib/init/entry.s            0x00000000   Number         0  entry10b.o ABSOLUTE
    ../clib/microlib/init/entry.s            0x00000000   Number         0  entry11a.o ABSOLUTE
    ../clib/microlib/init/entry.s            0x00000000   Number         0  entry11b.o ABSOLUTE
    ../clib/microlib/init/entry.s            0x00000000   Number         0  entry7a.o ABSOLUTE
    ../clib/microlib/init/entry.s            0x00000000   Number         0  entry5.o ABSOLUTE
    ../clib/microlib/longlong.c              0x00000000   Number         0  llsshr.o ABSOLUTE
    ../clib/microlib/longlong.c              0x00000000   Number         0  llshl.o ABSOLUTE
    ../clib/microlib/longlong.c              0x00000000   Number         0  llushr.o ABSOLUTE
    ../clib/microlib/printf/printf.c         0x00000000   Number         0  printf5.o ABSOLUTE
    ../clib/microlib/printf/printf.c         0x00000000   Number         0  printf4.o ABSOLUTE
    ../clib/microlib/printf/printf.c         0x00000000   Number         0  printf1.o ABSOLUTE
    ../clib/microlib/printf/printf.c         0x00000000   Number         0  printf7.o ABSOLUTE
    ../clib/microlib/printf/printf.c         0x00000000   Number         0  printf8.o ABSOLUTE
    ../clib/microlib/printf/printf.c         0x00000000   Number         0  printfa.o ABSOLUTE
    ../clib/microlib/printf/printf.c         0x00000000   Number         0  printfb.o ABSOLUTE
    ../clib/microlib/printf/printf.c         0x00000000   Number         0  printf2.o ABSOLUTE
    ../clib/microlib/printf/printf.c         0x00000000   Number         0  printf3.o ABSOLUTE
    ../clib/microlib/printf/printf.c         0x00000000   Number         0  printf0.o ABSOLUTE
    ../clib/microlib/printf/printf.c         0x00000000   Number         0  printf6.o ABSOLUTE
    ../clib/microlib/printf/stubs.s          0x00000000   Number         0  stubs.o ABSOLUTE
    ../clib/microlib/stdio/streams.c         0x00000000   Number         0  stdout.o ABSOLUTE
    ../clib/microlib/string/memcpy.c         0x00000000   Number         0  memcpya.o ABSOLUTE
    ../clib/microlib/string/memcpy.c         0x00000000   Number         0  memcpyb.o ABSOLUTE
    ../clib/microlib/string/memset.c         0x00000000   Number         0  memseta.o ABSOLUTE
    ../clib/microlib/stubs.s                 0x00000000   Number         0  iusefp.o ABSOLUTE
    ../fplib/microlib/d2f.c                  0x00000000   Number         0  d2f.o ABSOLUTE
    ../fplib/microlib/f2d.c                  0x00000000   Number         0  f2d.o ABSOLUTE
    ../fplib/microlib/fpadd.c                0x00000000   Number         0  fadd.o ABSOLUTE
    ../fplib/microlib/fpadd.c                0x00000000   Number         0  dadd.o ABSOLUTE
    ../fplib/microlib/fpdiv.c                0x00000000   Number         0  fdiv.o ABSOLUTE
    ../fplib/microlib/fpdiv.c                0x00000000   Number         0  ddiv.o ABSOLUTE
    ../fplib/microlib/fpepilogue.c           0x00000000   Number         0  fepilogue.o ABSOLUTE
    ../fplib/microlib/fpepilogue.c           0x00000000   Number         0  depilogue.o ABSOLUTE
    ../fplib/microlib/fpfix.c                0x00000000   Number         0  ffixui.o ABSOLUTE
    ../fplib/microlib/fpfix.c                0x00000000   Number         0  ffixi.o ABSOLUTE
    ../fplib/microlib/fpfix.c                0x00000000   Number         0  dfixui.o ABSOLUTE
    ../fplib/microlib/fpfix.c                0x00000000   Number         0  dfixul.o ABSOLUTE
    ../fplib/microlib/fpfix.c                0x00000000   Number         0  dfixi.o ABSOLUTE
    ../fplib/microlib/fpflt.c                0x00000000   Number         0  fflti.o ABSOLUTE
    ../fplib/microlib/fpflt.c                0x00000000   Number         0  ffltui.o ABSOLUTE
    ../fplib/microlib/fpflt.c                0x00000000   Number         0  dfltui.o ABSOLUTE
    ../fplib/microlib/fpflt.c                0x00000000   Number         0  dflti.o ABSOLUTE
    ../fplib/microlib/fpmul.c                0x00000000   Number         0  dmul.o ABSOLUTE
    ../fplib/microlib/fpmul.c                0x00000000   Number         0  fmul.o ABSOLUTE
    ../fplib/microlib/fpscalb.c              0x00000000   Number         0  dscalb.o ABSOLUTE
    ..\..\..\software\Car\Car_Key.c          0x00000000   Number         0  car_key.o ABSOLUTE
    ..\..\..\software\Car\Debug.c            0x00000000   Number         0  debug.o ABSOLUTE
    ..\..\..\software\Car\Myflash.c          0x00000000   Number         0  myflash.o ABSOLUTE
    ..\..\..\software\Car\control.c          0x00000000   Number         0  control.o ABSOLUTE
    ..\..\..\software\Car\encode.c           0x00000000   Number         0  encode.o ABSOLUTE
    ..\..\..\software\Car\motor.c            0x00000000   Number         0  motor.o ABSOLUTE
    ..\..\..\software\Car\sensor.c           0x00000000   Number         0  sensor.o ABSOLUTE
    ..\..\..\software\Debug\ANO_DT.c         0x00000000   Number         0  ano_dt.o ABSOLUTE
    ..\..\..\software\Debug\MYUI.c           0x00000000   Number         0  myui.o ABSOLUTE
    ..\..\..\software\Debug\UI.c             0x00000000   Number         0  ui.o ABSOLUTE
    ..\..\..\software\Libraries\drives\src\KEA128_adc.c 0x00000000   Number         0  kea128_adc.o ABSOLUTE
    ..\..\..\software\Libraries\drives\src\KEA128_flash.c 0x00000000   Number         0  kea128_flash.o ABSOLUTE
    ..\..\..\software\Libraries\drives\src\KEA128_ftm.c 0x00000000   Number         0  kea128_ftm.o ABSOLUTE
    ..\..\..\software\Libraries\drives\src\KEA128_gpio.c 0x00000000   Number         0  kea128_gpio.o ABSOLUTE
    ..\..\..\software\Libraries\drives\src\KEA128_i2c.c 0x00000000   Number         0  kea128_i2c.o ABSOLUTE
    ..\..\..\software\Libraries\drives\src\KEA128_irq.c 0x00000000   Number         0  kea128_irq.o ABSOLUTE
    ..\..\..\software\Libraries\drives\src\KEA128_kbi.c 0x00000000   Number         0  kea128_kbi.o ABSOLUTE
    ..\..\..\software\Libraries\drives\src\KEA128_pit.c 0x00000000   Number         0  kea128_pit.o ABSOLUTE
    ..\..\..\software\Libraries\drives\src\KEA128_port.c 0x00000000   Number         0  kea128_port.o ABSOLUTE
    ..\..\..\software\Libraries\drives\src\KEA128_spi.c 0x00000000   Number         0  kea128_spi.o ABSOLUTE
    ..\..\..\software\Libraries\drives\src\KEA128_systick.c 0x00000000   Number         0  kea128_systick.o ABSOLUTE
    ..\..\..\software\Libraries\drives\src\KEA128_uart.c 0x00000000   Number         0  kea128_uart.o ABSOLUTE
    ..\..\..\software\Libraries\drives\src\common.c 0x00000000   Number         0  common.o ABSOLUTE
    ..\..\..\software\Libraries\drives\src\misc.c 0x00000000   Number         0  misc.o ABSOLUTE
    ..\..\..\software\Libraries\startup\DeviceSupport\MDK-ARM\startup_SKEAZ1284.s 0x00000000   Number         0  startup_skeaz1284.o ABSOLUTE
    ..\..\..\software\Libraries\startup\DeviceSupport\system_SKEAZ1284.c 0x00000000   Number         0  system_skeaz1284.o ABSOLUTE
    ..\..\..\software\Module\OLED.c          0x00000000   Number         0  oled.o ABSOLUTE
    ..\USER\src\isr.c                        0x00000000   Number         0  isr.o ABSOLUTE
    ..\USER\src\main.c                       0x00000000   Number         0  main.o ABSOLUTE
    ..\\..\\..\\software\\Car\\Car_Key.c     0x00000000   Number         0  car_key.o ABSOLUTE
    ..\\..\\..\\software\\Car\\Debug.c       0x00000000   Number         0  debug.o ABSOLUTE
    ..\\..\\..\\software\\Car\\control.c     0x00000000   Number         0  control.o ABSOLUTE
    ..\\..\\..\\software\\Car\\encode.c      0x00000000   Number         0  encode.o ABSOLUTE
    ..\\..\\..\\software\\Car\\motor.c       0x00000000   Number         0  motor.o ABSOLUTE
    ..\\..\\..\\software\\Car\\sensor.c      0x00000000   Number         0  sensor.o ABSOLUTE
    ..\\..\\..\\software\\Debug\\ANO_DT.c    0x00000000   Number         0  ano_dt.o ABSOLUTE
    ..\\..\\..\\software\\Debug\\MYUI.c      0x00000000   Number         0  myui.o ABSOLUTE
    ..\\..\\..\\software\\Libraries\\drives\\src\\KEA128_adc.c 0x00000000   Number         0  kea128_adc.o ABSOLUTE
    ..\\..\\..\\software\\Libraries\\drives\\src\\KEA128_flash.c 0x00000000   Number         0  kea128_flash.o ABSOLUTE
    ..\\..\\..\\software\\Libraries\\drives\\src\\KEA128_ftm.c 0x00000000   Number         0  kea128_ftm.o ABSOLUTE
    ..\\..\\..\\software\\Libraries\\drives\\src\\KEA128_gpio.c 0x00000000   Number         0  kea128_gpio.o ABSOLUTE
    ..\\..\\..\\software\\Libraries\\drives\\src\\KEA128_i2c.c 0x00000000   Number         0  kea128_i2c.o ABSOLUTE
    ..\\..\\..\\software\\Libraries\\drives\\src\\KEA128_irq.c 0x00000000   Number         0  kea128_irq.o ABSOLUTE
    ..\\..\\..\\software\\Libraries\\drives\\src\\KEA128_kbi.c 0x00000000   Number         0  kea128_kbi.o ABSOLUTE
    ..\\..\\..\\software\\Libraries\\drives\\src\\KEA128_pit.c 0x00000000   Number         0  kea128_pit.o ABSOLUTE
    ..\\..\\..\\software\\Libraries\\drives\\src\\KEA128_port.c 0x00000000   Number         0  kea128_port.o ABSOLUTE
    ..\\..\\..\\software\\Libraries\\drives\\src\\KEA128_spi.c 0x00000000   Number         0  kea128_spi.o ABSOLUTE
    ..\\..\\..\\software\\Libraries\\drives\\src\\KEA128_systick.c 0x00000000   Number         0  kea128_systick.o ABSOLUTE
    ..\\..\\..\\software\\Libraries\\drives\\src\\KEA128_uart.c 0x00000000   Number         0  kea128_uart.o ABSOLUTE
    ..\\..\\..\\software\\Libraries\\drives\\src\\common.c 0x00000000   Number         0  common.o ABSOLUTE
    ..\\..\\..\\software\\Libraries\\drives\\src\\misc.c 0x00000000   Number         0  misc.o ABSOLUTE
    ..\\..\\..\\software\\Libraries\\startup\\DeviceSupport\\system_SKEAZ1284.c 0x00000000   Number         0  system_skeaz1284.o ABSOLUTE
    ..\\..\\..\\software\\Module\\OLED.c     0x00000000   Number         0  oled.o ABSOLUTE
    ..\\USER\\src\\isr.c                     0x00000000   Number         0  isr.o ABSOLUTE
    ..\\USER\\src\\main.c                    0x00000000   Number         0  main.o ABSOLUTE
    cdrcmple.s                               0x00000000   Number         0  cdrcmple.o ABSOLUTE
    cfrcmple.s                               0x00000000   Number         0  cfrcmple.o ABSOLUTE
    dc.s                                     0x00000000   Number         0  dc.o ABSOLUTE
    handlers.s                               0x00000000   Number         0  handlers.o ABSOLUTE
    init.s                                   0x00000000   Number         0  init.o ABSOLUTE
    .ARM.Collect$$$$00000000                 0x000000c0   Section        0  entry.o(.ARM.Collect$$$$00000000)
    .ARM.Collect$$$$00000001                 0x000000c0   Section        4  entry2.o(.ARM.Collect$$$$00000001)
    .ARM.Collect$$$$00000004                 0x000000c4   Section        4  entry5.o(.ARM.Collect$$$$00000004)
    .ARM.Collect$$$$00000008                 0x000000c8   Section        0  entry7b.o(.ARM.Collect$$$$00000008)
    .ARM.Collect$$$$0000000A                 0x000000c8   Section        0  entry8b.o(.ARM.Collect$$$$0000000A)
    .ARM.Collect$$$$0000000B                 0x000000c8   Section        8  entry9a.o(.ARM.Collect$$$$0000000B)
    .ARM.Collect$$$$0000000D                 0x000000d0   Section        0  entry10a.o(.ARM.Collect$$$$0000000D)
    .ARM.Collect$$$$0000000F                 0x000000d0   Section        0  entry11a.o(.ARM.Collect$$$$0000000F)
    .ARM.Collect$$$$00002712                 0x000000d0   Section        4  entry2.o(.ARM.Collect$$$$00002712)
    __lit__00000000                          0x000000d0   Data           4  entry2.o(.ARM.Collect$$$$00002712)
    .text                                    0x000000d4   Section       40  startup_skeaz1284.o(.text)
    .text                                    0x000000fc   Section        0  uidiv.o(.text)
    .text                                    0x00000128   Section        0  idiv.o(.text)
    .text                                    0x00000150   Section        0  memcpya.o(.text)
    .text                                    0x00000174   Section        0  memseta.o(.text)
    .text                                    0x00000198   Section        0  fadd.o(.text)
    .text                                    0x0000024a   Section        0  fmul.o(.text)
    .text                                    0x000002c4   Section        0  fdiv.o(.text)
    .text                                    0x00000340   Section        0  dscalb.o(.text)
    .text                                    0x0000036c   Section        0  fflti.o(.text)
    .text                                    0x00000382   Section        0  ffltui.o(.text)
    .text                                    0x00000390   Section        0  dflti.o(.text)
    .text                                    0x000003b8   Section        0  dfltui.o(.text)
    .text                                    0x000003d4   Section        0  f2d.o(.text)
    .text                                    0x000003fc   Section        0  iusefp.o(.text)
    i.__scatterload_null                     0x000003fc   Section        2  handlers.o(i.__scatterload_null)
    .ARM.__at_0x400                          0x00000400   Section       16  startup_skeaz1284.o(.ARM.__at_0x400)
    .text                                    0x00000410   Section        0  dadd.o(.text)
    .text                                    0x00000574   Section        0  dmul.o(.text)
    .text                                    0x00000644   Section        0  ddiv.o(.text)
    .text                                    0x00000734   Section        0  ffixi.o(.text)
    .text                                    0x00000768   Section        0  dfixi.o(.text)
    .text                                    0x000007b0   Section        0  dfixui.o(.text)
    .text                                    0x000007ec   Section       40  cdrcmple.o(.text)
    .text                                    0x00000814   Section        0  d2f.o(.text)
    .text                                    0x0000084c   Section        0  uldiv.o(.text)
    .text                                    0x000008ac   Section        0  llshl.o(.text)
    .text                                    0x000008cc   Section        0  llushr.o(.text)
    .text                                    0x000008ee   Section        0  llsshr.o(.text)
    .text                                    0x00000914   Section        0  fepilogue.o(.text)
    .text                                    0x00000996   Section        0  depilogue.o(.text)
    .text                                    0x00000a54   Section        0  dfixul.o(.text)
    .text                                    0x00000a94   Section       36  init.o(.text)
    i.Cache_OLED_P6x8Num                     0x00000ab8   Section        0  oled.o(i.Cache_OLED_P6x8Num)
    i.Cache_OLED_P6x8Str                     0x00000b18   Section        0  oled.o(i.Cache_OLED_P6x8Str)
    i.Cache_OLED_P6x8floatNum                0x00000b68   Section        0  oled.o(i.Cache_OLED_P6x8floatNum)
    i.Cache_OLED_Rectangle                   0x00000be0   Section        0  oled.o(i.Cache_OLED_Rectangle)
    i.Cache_OLED_Set_Pos                     0x00000cbc   Section        0  oled.o(i.Cache_OLED_Set_Pos)
    i.Cache_OLED_WriteData                   0x00000cc8   Section        0  oled.o(i.Cache_OLED_WriteData)
    i.Cache_Update_OLED                      0x00000cfc   Section        0  oled.o(i.Cache_Update_OLED)
    i.Car_Gather_Data_Key                    0x00000d30   Section        0  car_key.o(i.Car_Gather_Data_Key)
    i.ChangeParameterVal                     0x00000e24   Section        0  myui.o(i.ChangeParameterVal)
    i.ConfigParameterCore                    0x00000fa4   Section        0  myui.o(i.ConfigParameterCore)
    i.FLASH_Init                             0x000011c0   Section        0  kea128_flash.o(i.FLASH_Init)
    i.IRQ_IRQHandler                         0x00001200   Section        0  isr.o(i.IRQ_IRQHandler)
    i.KBI0_IRQHandler                        0x00001210   Section        0  isr.o(i.KBI0_IRQHandler)
    i.Key_Inquire_data                       0x00001220   Section        0  car_key.o(i.Key_Inquire_data)
    i.Key_Message_Init                       0x0000122c   Section        0  car_key.o(i.Key_Message_Init)
    i.OLED_ConfigParameter                   0x0000131c   Section        0  myui.o(i.OLED_ConfigParameter)
    i.OLED_DLY_ms                            0x0000147c   Section        0  oled.o(i.OLED_DLY_ms)
    OLED_DLY_ms                              0x0000147d   Thumb Code    26  oled.o(i.OLED_DLY_ms)
    i.OLED_Fill                              0x0000149c   Section        0  oled.o(i.OLED_Fill)
    i.OLED_Init                              0x000014d2   Section        0  oled.o(i.OLED_Init)
    i.OLED_Set_Pos                           0x000015f4   Section        0  oled.o(i.OLED_Set_Pos)
    OLED_Set_Pos                             0x000015f5   Thumb Code    34  oled.o(i.OLED_Set_Pos)
    i.OLED_WriteCmd                          0x00001616   Section        0  oled.o(i.OLED_WriteCmd)
    OLED_WriteCmd                            0x00001617   Thumb Code    72  oled.o(i.OLED_WriteCmd)
    i.OLED_WriteData                         0x0000165e   Section        0  oled.o(i.OLED_WriteData)
    OLED_WriteData                           0x0000165f   Thumb Code    72  oled.o(i.OLED_WriteData)
    i.OLED_printf                            0x000016a6   Section        0  oled.o(i.OLED_printf)
    i.PIT_CH0_IRQHandler                     0x000016dc   Section        0  isr.o(i.PIT_CH0_IRQHandler)
    i.Show_Main_menu                         0x00001820   Section        0  myui.o(i.Show_Main_menu)
    i.Start                                  0x000018e8   Section        0  system_skeaz1284.o(i.Start)
    i.__0snprintf                            0x00001928   Section        0  printfa.o(i.__0snprintf)
    i.__0sprintf                             0x0000195c   Section        0  printfa.o(i.__0sprintf)
    i.__0vsprintf                            0x00001984   Section        0  printfa.o(i.__0vsprintf)
    i.__ARM_clz                              0x000019a8   Section        0  depilogue.o(i.__ARM_clz)
    i.__ARM_common_switch8                   0x000019d6   Section        0  kea128_ftm.o(i.__ARM_common_switch8)
    i.__scatterload_copy                     0x000019f0   Section       14  handlers.o(i.__scatterload_copy)
    i.__scatterload_zeroinit                 0x000019fe   Section       14  handlers.o(i.__scatterload_zeroinit)
    i._fp_digits                             0x00001a0c   Section        0  printfa.o(i._fp_digits)
    _fp_digits                               0x00001a0d   Thumb Code   344  printfa.o(i._fp_digits)
    i._printf_core                           0x00001b80   Section        0  printfa.o(i._printf_core)
    _printf_core                             0x00001b81   Thumb Code  1754  printfa.o(i._printf_core)
    i._printf_post_padding                   0x0000226c   Section        0  printfa.o(i._printf_post_padding)
    _printf_post_padding                     0x0000226d   Thumb Code    32  printfa.o(i._printf_post_padding)
    i._printf_pre_padding                    0x0000228c   Section        0  printfa.o(i._printf_pre_padding)
    _printf_pre_padding                      0x0000228d   Thumb Code    44  printfa.o(i._printf_pre_padding)
    i._snputc                                0x000022b8   Section        0  printfa.o(i._snputc)
    _snputc                                  0x000022b9   Thumb Code    22  printfa.o(i._snputc)
    i._sputc                                 0x000022ce   Section        0  printfa.o(i._sputc)
    _sputc                                   0x000022cf   Thumb Code    10  printfa.o(i._sputc)
    i.ad_init                                0x000022d8   Section        0  sensor.o(i.ad_init)
    i.adc_init                               0x00002314   Section        0  kea128_adc.o(i.adc_init)
    i.adc_once                               0x00002334   Section        0  kea128_adc.o(i.adc_once)
    i.deal_sensor                            0x00002358   Section        0  sensor.o(i.deal_sensor)
    i.disable_wdog                           0x000023fc   Section        0  system_skeaz1284.o(i.disable_wdog)
    i.encode_init                            0x00002414   Section        0  encode.o(i.encode_init)
    i.ftm_count_clean                        0x00002444   Section        0  kea128_ftm.o(i.ftm_count_clean)
    i.ftm_count_get                          0x00002454   Section        0  kea128_ftm.o(i.ftm_count_get)
    i.ftm_count_init                         0x00002464   Section        0  kea128_ftm.o(i.ftm_count_init)
    i.ftm_count_mux                          0x0000248c   Section        0  kea128_ftm.o(i.ftm_count_mux)
    i.ftm_pwm_duty                           0x0000250c   Section        0  kea128_ftm.o(i.ftm_pwm_duty)
    i.ftm_pwm_init                           0x00002550   Section        0  kea128_ftm.o(i.ftm_pwm_init)
    i.ftm_pwm_mux                            0x00002604   Section        0  kea128_ftm.o(i.ftm_pwm_mux)
    i.get_adc_int_value                      0x000026b4   Section        0  sensor.o(i.get_adc_int_value)
    i.get_clk                                0x00002734   Section        0  common.o(i.get_clk)
    i.get_num                                0x000027c4   Section        0  encode.o(i.get_num)
    i.gpio_get                               0x00002814   Section        0  kea128_gpio.o(i.gpio_get)
    i.gpio_init                              0x0000283c   Section        0  kea128_gpio.o(i.gpio_init)
    i.gpio_set                               0x000028ec   Section        0  kea128_gpio.o(i.gpio_set)
    i.main                                   0x0000292c   Section        0  main.o(i.main)
    i.motor_init                             0x00002ad0   Section        0  motor.o(i.motor_init)
    i.motor_pid_caculate                     0x00002b10   Section        0  control.o(i.motor_pid_caculate)
    i.motor_set                              0x00002cbc   Section        0  motor.o(i.motor_set)
    i.pit_delay                              0x00002d5c   Section        0  kea128_pit.o(i.pit_delay)
    i.pit_init                               0x00002da0   Section        0  kea128_pit.o(i.pit_init)
    i.port_pull                              0x00002ddc   Section        0  kea128_port.o(i.port_pull)
    i.show_8L                                0x00002e10   Section        0  myui.o(i.show_8L)
    i.show_Left_Motor_PID                    0x00002eec   Section        0  myui.o(i.show_Left_Motor_PID)
    i.show_Right_Motor_PID                   0x00002fa4   Section        0  myui.o(i.show_Right_Motor_PID)
    i.show_sensor                            0x00003064   Section        0  myui.o(i.show_sensor)
    i.time_10ms_serve                        0x0000316c   Section        0  main.o(i.time_10ms_serve)
    i.time_20ms_serve                        0x00003194   Section        0  main.o(i.time_20ms_serve)
    i.time_5ms_serve                         0x000031bc   Section        0  main.o(i.time_5ms_serve)
    i.uart_init                              0x0000320c   Section        0  kea128_uart.o(i.uart_init)
    i.uart_mux                               0x00003290   Section        0  kea128_uart.o(i.uart_mux)
    i.uart_putbuff                           0x000032dc   Section        0  kea128_uart.o(i.uart_putbuff)
    i.uart_putchar                           0x000032f8   Section        0  kea128_uart.o(i.uart_putchar)
    i.update_1cm_error                       0x0000330c   Section        0  sensor.o(i.update_1cm_error)
    i.vcan_sendware                          0x00003368   Section        0  debug.o(i.vcan_sendware)
    .constdata                               0x000033a4   Section       22  common.o(.constdata)
    .constdata                               0x000033bc   Section       12  kea128_ftm.o(.constdata)
    FTMX                                     0x000033bc   Data          12  kea128_ftm.o(.constdata)
    .constdata                               0x000033c8   Section       12  kea128_gpio.o(.constdata)
    GPIOX                                    0x000033c8   Data          12  kea128_gpio.o(.constdata)
    .constdata                               0x000033d4   Section     3283  oled.o(.constdata)
    .data                                    0x1ffff000   Section       16  common.o(.data)
    .data                                    0x1ffff010   Section        6  kea128_ftm.o(.data)
    .data                                    0x1ffff018   Section       12  kea128_uart.o(.data)
    .data                                    0x1ffff024   Section        2  oled.o(.data)
    .data                                    0x1ffff028   Section       16  sensor.o(.data)
    .data                                    0x1ffff038   Section       12  car_key.o(.data)
    .data                                    0x1ffff044   Section       12  control.o(.data)
    .data                                    0x1ffff050   Section        2  encode.o(.data)
    .data                                    0x1ffff052   Section       12  myui.o(.data)
    .data                                    0x1ffff060   Section        4  main.o(.data)
    .data                                    0x1ffff064   Section       48  main.o(.data)
    time_20ms_ct                             0x1ffff090   Data           4  main.o(.data)
    .bss                                     0x1ffff094   Section     1024  oled.o(.bss)
    .bss                                     0x1ffff494   Section       44  sensor.o(.bss)
    .bss                                     0x1ffff4c0   Section       12  car_key.o(.bss)
    .bss                                     0x1ffff4cc   Section      506  control.o(.bss)
    STACK                                    0x1ffff6c8   Section     1024  startup_skeaz1284.o(STACK)

    Global Symbols

    Symbol Name                              Value     Ov Type        Size  Object(Section)

    BuildAttributes$$THM_ISAv3M$S$PE$A:L22$X:L11$S22$IEEE1$IW$USESV6$~STKCKD$USESV7$~SHL$OTIME$ROPI$EBA8$MICROLIB$REQ8$PRES8$EABIv2 0x00000000   Number         0  anon$$obj.o ABSOLUTE
    __ARM_use_no_argv                        0x00000000   Number         0  main.o ABSOLUTE
    __Vectors                                0x00000000   Data           4  startup_skeaz1284.o(RESET)
    _printf_a                                0x00000000   Number         0  stubs.o ABSOLUTE
    _printf_c                                0x00000000   Number         0  stubs.o ABSOLUTE
    _printf_charcount                        0x00000000   Number         0  stubs.o ABSOLUTE
    _printf_d                                0x00000000   Number         0  stubs.o ABSOLUTE
    _printf_e                                0x00000000   Number         0  stubs.o ABSOLUTE
    _printf_f                                0x00000000   Number         0  stubs.o ABSOLUTE
    _printf_flags                            0x00000000   Number         0  stubs.o ABSOLUTE
    _printf_fp_dec                           0x00000000   Number         0  stubs.o ABSOLUTE
    _printf_fp_hex                           0x00000000   Number         0  stubs.o ABSOLUTE
    _printf_g                                0x00000000   Number         0  stubs.o ABSOLUTE
    _printf_i                                0x00000000   Number         0  stubs.o ABSOLUTE
    _printf_int_dec                          0x00000000   Number         0  stubs.o ABSOLUTE
    _printf_l                                0x00000000   Number         0  stubs.o ABSOLUTE
    _printf_lc                               0x00000000   Number         0  stubs.o ABSOLUTE
    _printf_ll                               0x00000000   Number         0  stubs.o ABSOLUTE
    _printf_lld                              0x00000000   Number         0  stubs.o ABSOLUTE
    _printf_lli                              0x00000000   Number         0  stubs.o ABSOLUTE
    _printf_llo                              0x00000000   Number         0  stubs.o ABSOLUTE
    _printf_llu                              0x00000000   Number         0  stubs.o ABSOLUTE
    _printf_llx                              0x00000000   Number         0  stubs.o ABSOLUTE
    _printf_longlong_dec                     0x00000000   Number         0  stubs.o ABSOLUTE
    _printf_longlong_hex                     0x00000000   Number         0  stubs.o ABSOLUTE
    _printf_longlong_oct                     0x00000000   Number         0  stubs.o ABSOLUTE
    _printf_ls                               0x00000000   Number         0  stubs.o ABSOLUTE
    _printf_mbtowc                           0x00000000   Number         0  stubs.o ABSOLUTE
    _printf_n                                0x00000000   Number         0  stubs.o ABSOLUTE
    _printf_o                                0x00000000   Number         0  stubs.o ABSOLUTE
    _printf_p                                0x00000000   Number         0  stubs.o ABSOLUTE
    _printf_percent                          0x00000000   Number         0  stubs.o ABSOLUTE
    _printf_pre_padding                      0x00000000   Number         0  stubs.o ABSOLUTE
    _printf_return_value                     0x00000000   Number         0  stubs.o ABSOLUTE
    _printf_s                                0x00000000   Number         0  stubs.o ABSOLUTE
    _printf_sizespec                         0x00000000   Number         0  stubs.o ABSOLUTE
    _printf_str                              0x00000000   Number         0  stubs.o ABSOLUTE
    _printf_truncate_signed                  0x00000000   Number         0  stubs.o ABSOLUTE
    _printf_truncate_unsigned                0x00000000   Number         0  stubs.o ABSOLUTE
    _printf_u                                0x00000000   Number         0  stubs.o ABSOLUTE
    _printf_wc                               0x00000000   Number         0  stubs.o ABSOLUTE
    _printf_wctomb                           0x00000000   Number         0  stubs.o ABSOLUTE
    _printf_widthprec                        0x00000000   Number         0  stubs.o ABSOLUTE
    _printf_x                                0x00000000   Number         0  stubs.o ABSOLUTE
    __cpp_initialize__aeabi_                  - Undefined Weak Reference
    __cxa_finalize                            - Undefined Weak Reference
    __decompress                              - Undefined Weak Reference
    _clock_init                               - Undefined Weak Reference
    _microlib_exit                            - Undefined Weak Reference
    __Vectors_End                            0x000000c0   Data           0  startup_skeaz1284.o(RESET)
    __Vectors_Size                           0x000000c0   Number         0  startup_skeaz1284.o ABSOLUTE
    __main                                   0x000000c1   Thumb Code     0  entry.o(.ARM.Collect$$$$00000000)
    _main_stk                                0x000000c1   Thumb Code     0  entry2.o(.ARM.Collect$$$$00000001)
    _main_scatterload                        0x000000c5   Thumb Code     0  entry5.o(.ARM.Collect$$$$00000004)
    __main_after_scatterload                 0x000000c9   Thumb Code     0  entry5.o(.ARM.Collect$$$$00000004)
    _main_clock                              0x000000c9   Thumb Code     0  entry7b.o(.ARM.Collect$$$$00000008)
    _main_cpp_init                           0x000000c9   Thumb Code     0  entry8b.o(.ARM.Collect$$$$0000000A)
    _main_init                               0x000000c9   Thumb Code     0  entry9a.o(.ARM.Collect$$$$0000000B)
    __rt_final_cpp                           0x000000d1   Thumb Code     0  entry10a.o(.ARM.Collect$$$$0000000D)
    __rt_final_exit                          0x000000d1   Thumb Code     0  entry11a.o(.ARM.Collect$$$$0000000F)
    init_data_bss                            0x000000d5   Thumb Code     2  startup_skeaz1284.o(.text)
    Reset_Handler                            0x000000d7   Thumb Code    12  startup_skeaz1284.o(.text)
    NMI_Handler                              0x000000e3   Thumb Code     2  startup_skeaz1284.o(.text)
    HardFault_Handler                        0x000000e5   Thumb Code     2  startup_skeaz1284.o(.text)
    SVC_Handler                              0x000000e7   Thumb Code     2  startup_skeaz1284.o(.text)
    PendSV_Handler                           0x000000e9   Thumb Code     2  startup_skeaz1284.o(.text)
    SysTick_Handler                          0x000000eb   Thumb Code     2  startup_skeaz1284.o(.text)
    ACMP0_IRQHandler                         0x000000ed   Thumb Code     0  startup_skeaz1284.o(.text)
    ACMP1_IRQHandler                         0x000000ed   Thumb Code     0  startup_skeaz1284.o(.text)
    ADC_IRQHandler                           0x000000ed   Thumb Code     0  startup_skeaz1284.o(.text)
    DefaultISR                               0x000000ed   Thumb Code     0  startup_skeaz1284.o(.text)
    FTM0_IRQHandler                          0x000000ed   Thumb Code     0  startup_skeaz1284.o(.text)
    FTM1_IRQHandler                          0x000000ed   Thumb Code     0  startup_skeaz1284.o(.text)
    FTM2_IRQHandler                          0x000000ed   Thumb Code     0  startup_skeaz1284.o(.text)
    FTMRE_IRQHandler                         0x000000ed   Thumb Code     0  startup_skeaz1284.o(.text)
    I2C0_IRQHandler                          0x000000ed   Thumb Code     0  startup_skeaz1284.o(.text)
    I2C1_IRQHandler                          0x000000ed   Thumb Code     0  startup_skeaz1284.o(.text)
    ICS_IRQHandler                           0x000000ed   Thumb Code     0  startup_skeaz1284.o(.text)
    KBI1_IRQHandler                          0x000000ed   Thumb Code     0  startup_skeaz1284.o(.text)
    MSCAN_RX_IRQHandler                      0x000000ed   Thumb Code     0  startup_skeaz1284.o(.text)
    MSCAN_TX_IRQHandler                      0x000000ed   Thumb Code     0  startup_skeaz1284.o(.text)
    PIT_CH1_IRQHandler                       0x000000ed   Thumb Code     0  startup_skeaz1284.o(.text)
    PMC_IRQHandler                           0x000000ed   Thumb Code     0  startup_skeaz1284.o(.text)
    PWT_IRQHandler                           0x000000ed   Thumb Code     0  startup_skeaz1284.o(.text)
    RTC_IRQHandler                           0x000000ed   Thumb Code     0  startup_skeaz1284.o(.text)
    Reserved16_IRQHandler                    0x000000ed   Thumb Code     0  startup_skeaz1284.o(.text)
    Reserved17_IRQHandler                    0x000000ed   Thumb Code     0  startup_skeaz1284.o(.text)
    Reserved18_IRQHandler                    0x000000ed   Thumb Code     0  startup_skeaz1284.o(.text)
    Reserved19_IRQHandler                    0x000000ed   Thumb Code     0  startup_skeaz1284.o(.text)
    Reserved20_IRQHandler                    0x000000ed   Thumb Code     0  startup_skeaz1284.o(.text)
    Reserved42_IRQHandler                    0x000000ed   Thumb Code     0  startup_skeaz1284.o(.text)
    SPI0_IRQHandler                          0x000000ed   Thumb Code     0  startup_skeaz1284.o(.text)
    SPI1_IRQHandler                          0x000000ed   Thumb Code     0  startup_skeaz1284.o(.text)
    UART0_IRQHandler                         0x000000ed   Thumb Code     0  startup_skeaz1284.o(.text)
    UART1_IRQHandler                         0x000000ed   Thumb Code     0  startup_skeaz1284.o(.text)
    UART2_IRQHandler                         0x000000ed   Thumb Code     0  startup_skeaz1284.o(.text)
    WDOG_IRQHandler                          0x000000ed   Thumb Code     0  startup_skeaz1284.o(.text)
    __aeabi_uidiv                            0x000000fd   Thumb Code     0  uidiv.o(.text)
    __aeabi_uidivmod                         0x000000fd   Thumb Code    44  uidiv.o(.text)
    __aeabi_idiv                             0x00000129   Thumb Code     0  idiv.o(.text)
    __aeabi_idivmod                          0x00000129   Thumb Code    40  idiv.o(.text)
    __aeabi_memcpy                           0x00000151   Thumb Code    36  memcpya.o(.text)
    __aeabi_memcpy4                          0x00000151   Thumb Code     0  memcpya.o(.text)
    __aeabi_memcpy8                          0x00000151   Thumb Code     0  memcpya.o(.text)
    __aeabi_memset                           0x00000175   Thumb Code    14  memseta.o(.text)
    __aeabi_memset4                          0x00000175   Thumb Code     0  memseta.o(.text)
    __aeabi_memset8                          0x00000175   Thumb Code     0  memseta.o(.text)
    __aeabi_memclr                           0x00000183   Thumb Code     4  memseta.o(.text)
    __aeabi_memclr4                          0x00000183   Thumb Code     0  memseta.o(.text)
    __aeabi_memclr8                          0x00000183   Thumb Code     0  memseta.o(.text)
    _memset$wrapper                          0x00000187   Thumb Code    18  memseta.o(.text)
    __aeabi_fadd                             0x00000199   Thumb Code   162  fadd.o(.text)
    __aeabi_fsub                             0x0000023b   Thumb Code     8  fadd.o(.text)
    __aeabi_frsub                            0x00000243   Thumb Code     8  fadd.o(.text)
    __aeabi_fmul                             0x0000024b   Thumb Code   122  fmul.o(.text)
    __aeabi_fdiv                             0x000002c5   Thumb Code   124  fdiv.o(.text)
    __ARM_scalbn                             0x00000341   Thumb Code    44  dscalb.o(.text)
    scalbn                                   0x00000341   Thumb Code     0  dscalb.o(.text)
    __aeabi_i2f                              0x0000036d   Thumb Code    22  fflti.o(.text)
    __aeabi_ui2f                             0x00000383   Thumb Code    14  ffltui.o(.text)
    __aeabi_i2d                              0x00000391   Thumb Code    34  dflti.o(.text)
    __aeabi_ui2d                             0x000003b9   Thumb Code    24  dfltui.o(.text)
    __aeabi_f2d                              0x000003d5   Thumb Code    40  f2d.o(.text)
    __I$use$fp                               0x000003fd   Thumb Code     0  iusefp.o(.text)
    __scatterload_null                       0x000003fd   Thumb Code     2  handlers.o(i.__scatterload_null)
    __aeabi_dadd                             0x00000411   Thumb Code   328  dadd.o(.text)
    __aeabi_dsub                             0x00000559   Thumb Code    12  dadd.o(.text)
    __aeabi_drsub                            0x00000565   Thumb Code    12  dadd.o(.text)
    __aeabi_dmul                             0x00000575   Thumb Code   202  dmul.o(.text)
    __aeabi_ddiv                             0x00000645   Thumb Code   234  ddiv.o(.text)
    __aeabi_f2iz                             0x00000735   Thumb Code    50  ffixi.o(.text)
    __aeabi_d2iz                             0x00000769   Thumb Code    62  dfixi.o(.text)
    __aeabi_d2uiz                            0x000007b1   Thumb Code    50  dfixui.o(.text)
    __aeabi_cdrcmple                         0x000007ed   Thumb Code    38  cdrcmple.o(.text)
    __aeabi_d2f                              0x00000815   Thumb Code    56  d2f.o(.text)
    __aeabi_uldivmod                         0x0000084d   Thumb Code    96  uldiv.o(.text)
    __aeabi_llsl                             0x000008ad   Thumb Code    32  llshl.o(.text)
    _ll_shift_l                              0x000008ad   Thumb Code     0  llshl.o(.text)
    __aeabi_llsr                             0x000008cd   Thumb Code    34  llushr.o(.text)
    _ll_ushift_r                             0x000008cd   Thumb Code     0  llushr.o(.text)
    __aeabi_lasr                             0x000008ef   Thumb Code    38  llsshr.o(.text)
    _ll_sshift_r                             0x000008ef   Thumb Code     0  llsshr.o(.text)
    _float_round                             0x00000915   Thumb Code    16  fepilogue.o(.text)
    _float_epilogue                          0x00000925   Thumb Code   114  fepilogue.o(.text)
    _double_round                            0x00000997   Thumb Code    26  depilogue.o(.text)
    _double_epilogue                         0x000009b1   Thumb Code   164  depilogue.o(.text)
    __aeabi_d2ulz                            0x00000a55   Thumb Code    54  dfixul.o(.text)
    __scatterload                            0x00000a95   Thumb Code    28  init.o(.text)
    __scatterload_rt2                        0x00000a95   Thumb Code     0  init.o(.text)
    Cache_OLED_P6x8Num                       0x00000ab9   Thumb Code    88  oled.o(i.Cache_OLED_P6x8Num)
    Cache_OLED_P6x8Str                       0x00000b19   Thumb Code    76  oled.o(i.Cache_OLED_P6x8Str)
    Cache_OLED_P6x8floatNum                  0x00000b69   Thumb Code   106  oled.o(i.Cache_OLED_P6x8floatNum)
    Cache_OLED_Rectangle                     0x00000be1   Thumb Code   218  oled.o(i.Cache_OLED_Rectangle)
    Cache_OLED_Set_Pos                       0x00000cbd   Thumb Code     8  oled.o(i.Cache_OLED_Set_Pos)
    Cache_OLED_WriteData                     0x00000cc9   Thumb Code    44  oled.o(i.Cache_OLED_WriteData)
    Cache_Update_OLED                        0x00000cfd   Thumb Code    48  oled.o(i.Cache_Update_OLED)
    Car_Gather_Data_Key                      0x00000d31   Thumb Code   232  car_key.o(i.Car_Gather_Data_Key)
    ChangeParameterVal                       0x00000e25   Thumb Code   384  myui.o(i.ChangeParameterVal)
    ConfigParameterCore                      0x00000fa5   Thumb Code   522  myui.o(i.ConfigParameterCore)
    FLASH_Init                               0x000011c1   Thumb Code    50  kea128_flash.o(i.FLASH_Init)
    IRQ_IRQHandler                           0x00001201   Thumb Code    12  isr.o(i.IRQ_IRQHandler)
    KBI0_IRQHandler                          0x00001211   Thumb Code    12  isr.o(i.KBI0_IRQHandler)
    Key_Inquire_data                         0x00001221   Thumb Code     6  car_key.o(i.Key_Inquire_data)
    Key_Message_Init                         0x0000122d   Thumb Code   230  car_key.o(i.Key_Message_Init)
    OLED_ConfigParameter                     0x0000131d   Thumb Code   312  myui.o(i.OLED_ConfigParameter)
    OLED_Fill                                0x0000149d   Thumb Code    54  oled.o(i.OLED_Fill)
    OLED_Init                                0x000014d3   Thumb Code   290  oled.o(i.OLED_Init)
    OLED_printf                              0x000016a7   Thumb Code    52  oled.o(i.OLED_printf)
    PIT_CH0_IRQHandler                       0x000016dd   Thumb Code   264  isr.o(i.PIT_CH0_IRQHandler)
    Show_Main_menu                           0x00001821   Thumb Code    96  myui.o(i.Show_Main_menu)
    Start                                    0x000018e9   Thumb Code    52  system_skeaz1284.o(i.Start)
    __0snprintf                              0x00001929   Thumb Code    46  printfa.o(i.__0snprintf)
    __1snprintf                              0x00001929   Thumb Code     0  printfa.o(i.__0snprintf)
    __2snprintf                              0x00001929   Thumb Code     0  printfa.o(i.__0snprintf)
    __c89snprintf                            0x00001929   Thumb Code     0  printfa.o(i.__0snprintf)
    snprintf                                 0x00001929   Thumb Code     0  printfa.o(i.__0snprintf)
    __0sprintf                               0x0000195d   Thumb Code    36  printfa.o(i.__0sprintf)
    __1sprintf                               0x0000195d   Thumb Code     0  printfa.o(i.__0sprintf)
    __2sprintf                               0x0000195d   Thumb Code     0  printfa.o(i.__0sprintf)
    __c89sprintf                             0x0000195d   Thumb Code     0  printfa.o(i.__0sprintf)
    sprintf                                  0x0000195d   Thumb Code     0  printfa.o(i.__0sprintf)
    __0vsprintf                              0x00001985   Thumb Code    30  printfa.o(i.__0vsprintf)
    __1vsprintf                              0x00001985   Thumb Code     0  printfa.o(i.__0vsprintf)
    __2vsprintf                              0x00001985   Thumb Code     0  printfa.o(i.__0vsprintf)
    __c89vsprintf                            0x00001985   Thumb Code     0  printfa.o(i.__0vsprintf)
    vsprintf                                 0x00001985   Thumb Code     0  printfa.o(i.__0vsprintf)
    __ARM_clz                                0x000019a9   Thumb Code    46  depilogue.o(i.__ARM_clz)
    __ARM_common_switch8                     0x000019d7   Thumb Code    26  kea128_ftm.o(i.__ARM_common_switch8)
    __scatterload_copy                       0x000019f1   Thumb Code    14  handlers.o(i.__scatterload_copy)
    __scatterload_zeroinit                   0x000019ff   Thumb Code    14  handlers.o(i.__scatterload_zeroinit)
    ad_init                                  0x000022d9   Thumb Code    58  sensor.o(i.ad_init)
    adc_init                                 0x00002315   Thumb Code    24  kea128_adc.o(i.adc_init)
    adc_once                                 0x00002335   Thumb Code    32  kea128_adc.o(i.adc_once)
    deal_sensor                              0x00002359   Thumb Code   144  sensor.o(i.deal_sensor)
    disable_wdog                             0x000023fd   Thumb Code    16  system_skeaz1284.o(i.disable_wdog)
    encode_init                              0x00002415   Thumb Code    48  encode.o(i.encode_init)
    ftm_count_clean                          0x00002445   Thumb Code    12  kea128_ftm.o(i.ftm_count_clean)
    ftm_count_get                            0x00002455   Thumb Code    12  kea128_ftm.o(i.ftm_count_get)
    ftm_count_init                           0x00002465   Thumb Code    34  kea128_ftm.o(i.ftm_count_init)
    ftm_count_mux                            0x0000248d   Thumb Code   118  kea128_ftm.o(i.ftm_count_mux)
    ftm_pwm_duty                             0x0000250d   Thumb Code    56  kea128_ftm.o(i.ftm_pwm_duty)
    ftm_pwm_init                             0x00002551   Thumb Code   166  kea128_ftm.o(i.ftm_pwm_init)
    ftm_pwm_mux                              0x00002605   Thumb Code   170  kea128_ftm.o(i.ftm_pwm_mux)
    get_adc_int_value                        0x000026b5   Thumb Code   110  sensor.o(i.get_adc_int_value)
    get_clk                                  0x00002735   Thumb Code   118  common.o(i.get_clk)
    get_num                                  0x000027c5   Thumb Code    74  encode.o(i.get_num)
    gpio_get                                 0x00002815   Thumb Code    34  kea128_gpio.o(i.gpio_get)
    gpio_init                                0x0000283d   Thumb Code   170  kea128_gpio.o(i.gpio_init)
    gpio_set                                 0x000028ed   Thumb Code    58  kea128_gpio.o(i.gpio_set)
    main                                     0x0000292d   Thumb Code   350  main.o(i.main)
    motor_init                               0x00002ad1   Thumb Code    60  motor.o(i.motor_init)
    motor_pid_caculate                       0x00002b11   Thumb Code   410  control.o(i.motor_pid_caculate)
    motor_set                                0x00002cbd   Thumb Code   150  motor.o(i.motor_set)
    pit_delay                                0x00002d5d   Thumb Code    56  kea128_pit.o(i.pit_delay)
    pit_init                                 0x00002da1   Thumb Code    46  kea128_pit.o(i.pit_init)
    port_pull                                0x00002ddd   Thumb Code    48  kea128_port.o(i.port_pull)
    show_8L                                  0x00002e11   Thumb Code   176  myui.o(i.show_8L)
    show_Left_Motor_PID                      0x00002eed   Thumb Code   116  myui.o(i.show_Left_Motor_PID)
    show_Right_Motor_PID                     0x00002fa5   Thumb Code   118  myui.o(i.show_Right_Motor_PID)
    show_sensor                              0x00003065   Thumb Code   228  myui.o(i.show_sensor)
    time_10ms_serve                          0x0000316d   Thumb Code    34  main.o(i.time_10ms_serve)
    time_20ms_serve                          0x00003195   Thumb Code    32  main.o(i.time_20ms_serve)
    time_5ms_serve                           0x000031bd   Thumb Code    60  main.o(i.time_5ms_serve)
    uart_init                                0x0000320d   Thumb Code   118  kea128_uart.o(i.uart_init)
    uart_mux                                 0x00003291   Thumb Code    70  kea128_uart.o(i.uart_mux)
    uart_putbuff                             0x000032dd   Thumb Code    26  kea128_uart.o(i.uart_putbuff)
    uart_putchar                             0x000032f9   Thumb Code    16  kea128_uart.o(i.uart_putchar)
    update_1cm_error                         0x0000330d   Thumb Code    74  sensor.o(i.update_1cm_error)
    vcan_sendware                            0x00003369   Thumb Code    50  debug.o(i.vcan_sendware)
    F6x8                                     0x000033d4   Data         552  oled.o(.constdata)
    F14x16_Idx                               0x000035fc   Data          19  oled.o(.constdata)
    F14x16                                   0x0000360f   Data         168  oled.o(.constdata)
    F8X16                                    0x000036b7   Data        1520  oled.o(.constdata)
    LOGO                                     0x00003ca7   Data        1024  oled.o(.constdata)
    Region$$Table$$Base                      0x000040a8   Number         0  anon$$obj.o(Region$$Table)
    Region$$Table$$Limit                     0x000040c8   Number         0  anon$$obj.o(Region$$Table)
    ics_clk_khz                              0x1ffff000   Data           4  common.o(.data)
    ftm_clk_khz                              0x1ffff004   Data           4  common.o(.data)
    core_clk_khz                             0x1ffff008   Data           4  common.o(.data)
    bus_clk_khz                              0x1ffff00c   Data           4  common.o(.data)
    period                                   0x1ffff010   Data           6  kea128_ftm.o(.data)
    uart                                     0x1ffff018   Data          12  kea128_uart.o(.data)
    location_x                               0x1ffff024   Data           1  oled.o(.data)
    location_y                               0x1ffff025   Data           1  oled.o(.data)
    sum_12                                   0x1ffff028   Data           4  sensor.o(.data)
    sub_12                                   0x1ffff02c   Data           4  sensor.o(.data)
    Power_V                                  0x1ffff030   Data           4  sensor.o(.data)
    update_dis1cm_encoder                    0x1ffff034   Data           4  sensor.o(.data)
    Key_data                                 0x1ffff038   Data           6  car_key.o(.data)
    Key_GD                                   0x1ffff03e   Data           6  car_key.o(.data)
    isLeftlose                               0x1ffff044   Data           1  control.o(.data)
    isRightlose                              0x1ffff045   Data           1  control.o(.data)
    STOP_CAR_FLAG                            0x1ffff046   Data           1  control.o(.data)
    R_out_value                              0x1ffff048   Data           2  control.o(.data)
    L_out_value                              0x1ffff04a   Data           2  control.o(.data)
    motor_protect_time                       0x1ffff04c   Data           4  control.o(.data)
    getCountNum_L                            0x1ffff050   Data           1  encode.o(.data)
    getCountNum_R                            0x1ffff051   Data           1  encode.o(.data)
    cursor_x                                 0x1ffff052   Data           1  myui.o(.data)
    cursor_y                                 0x1ffff053   Data           1  myui.o(.data)
    state                                    0x1ffff054   Data           1  myui.o(.data)
    ParameterNo                              0x1ffff055   Data           1  myui.o(.data)
    Parameter2No                             0x1ffff056   Data           1  myui.o(.data)
    en_sec_menu                              0x1ffff057   Data           7  myui.o(.data)
    time_1ms                                 0x1ffff060   Data           4  main.o(.data)
    time_5ms                                 0x1ffff064   Data           4  main.o(.data)
    time_10ms                                0x1ffff068   Data           4  main.o(.data)
    time_20ms                                0x1ffff06c   Data           4  main.o(.data)
    time_50ms                                0x1ffff070   Data           4  main.o(.data)
    time_100ms                               0x1ffff074   Data           4  main.o(.data)
    time_200ms                               0x1ffff078   Data           4  main.o(.data)
    time_500ms                               0x1ffff07c   Data           4  main.o(.data)
    time_1s                                  0x1ffff080   Data           4  main.o(.data)
    time_2s                                  0x1ffff084   Data           4  main.o(.data)
    time_5s                                  0x1ffff088   Data           4  main.o(.data)
    time_10s                                 0x1ffff08c   Data           4  main.o(.data)
    All_Data                                 0x1ffff094   Data        1024  oled.o(.bss)
    once_uni_ad                              0x1ffff494   Data          12  sensor.o(.bss)
    twice_uni_ad                             0x1ffff4a0   Data          12  sensor.o(.bss)
    ad_avr_val                               0x1ffff4ac   Data          20  sensor.o(.bss)
    Key_time                                 0x1ffff4c0   Data          12  car_key.o(.bss)
    Motor                                    0x1ffff4cc   Data         104  control.o(.bss)
    Servo                                    0x1ffff534   Data         172  control.o(.bss)
    Motor_control                            0x1ffff5e0   Data         208  control.o(.bss)
    Speed                                    0x1ffff6b0   Data          22  control.o(.bss)
    __initial_sp                             0x1ffffac8   Data           0  startup_skeaz1284.o(STACK)



==============================================================================

Memory Map of the image

  Image Entry point : 0x000000c1

  Load Region LR_IROM1 (Base: 0x00000000, Size: 0x0000415c, Max: 0x00020000, ABSOLUTE)

    Execution Region ER_IROM1 (Base: 0x00000000, Size: 0x000040c8, Max: 0x00020000, ABSOLUTE)

    Base Addr    Size         Type   Attr      Idx    E Section Name        Object

    0x00000000   0x000000c0   Data   RO          730    RESET               startup_skeaz1284.o
    0x000000c0   0x00000000   Code   RO         1456  * .ARM.Collect$$$$00000000  mc_p.l(entry.o)
    0x000000c0   0x00000004   Code   RO         1768    .ARM.Collect$$$$00000001  mc_p.l(entry2.o)
    0x000000c4   0x00000004   Code   RO         1771    .ARM.Collect$$$$00000004  mc_p.l(entry5.o)
    0x000000c8   0x00000000   Code   RO         1773    .ARM.Collect$$$$00000008  mc_p.l(entry7b.o)
    0x000000c8   0x00000000   Code   RO         1775    .ARM.Collect$$$$0000000A  mc_p.l(entry8b.o)
    0x000000c8   0x00000008   Code   RO         1776    .ARM.Collect$$$$0000000B  mc_p.l(entry9a.o)
    0x000000d0   0x00000000   Code   RO         1778    .ARM.Collect$$$$0000000D  mc_p.l(entry10a.o)
    0x000000d0   0x00000000   Code   RO         1780    .ARM.Collect$$$$0000000F  mc_p.l(entry11a.o)
    0x000000d0   0x00000004   Code   RO         1769    .ARM.Collect$$$$00002712  mc_p.l(entry2.o)
    0x000000d4   0x00000028   Code   RO          732    .text               startup_skeaz1284.o
    0x000000fc   0x0000002c   Code   RO         1459    .text               mc_p.l(uidiv.o)
    0x00000128   0x00000028   Code   RO         1461    .text               mc_p.l(idiv.o)
    0x00000150   0x00000024   Code   RO         1463    .text               mc_p.l(memcpya.o)
    0x00000174   0x00000024   Code   RO         1465    .text               mc_p.l(memseta.o)
    0x00000198   0x000000b2   Code   RO         1730    .text               mf_p.l(fadd.o)
    0x0000024a   0x0000007a   Code   RO         1732    .text               mf_p.l(fmul.o)
    0x000002c4   0x0000007c   Code   RO         1734    .text               mf_p.l(fdiv.o)
    0x00000340   0x0000002c   Code   RO         1742    .text               mf_p.l(dscalb.o)
    0x0000036c   0x00000016   Code   RO         1744    .text               mf_p.l(fflti.o)
    0x00000382   0x0000000e   Code   RO         1746    .text               mf_p.l(ffltui.o)
    0x00000390   0x00000028   Code   RO         1748    .text               mf_p.l(dflti.o)
    0x000003b8   0x0000001c   Code   RO         1750    .text               mf_p.l(dfltui.o)
    0x000003d4   0x00000028   Code   RO         1760    .text               mf_p.l(f2d.o)
    0x000003fc   0x00000000   Code   RO         1791    .text               mc_p.l(iusefp.o)
    0x000003fc   0x00000002   Code   RO         1805    i.__scatterload_null  mc_p.l(handlers.o)
    0x000003fe   0x00000002   PAD
    0x00000400   0x00000010   Code   RO          731    .ARM.__at_0x400     startup_skeaz1284.o
    0x00000410   0x00000164   Code   RO         1736    .text               mf_p.l(dadd.o)
    0x00000574   0x000000d0   Code   RO         1738    .text               mf_p.l(dmul.o)
    0x00000644   0x000000f0   Code   RO         1740    .text               mf_p.l(ddiv.o)
    0x00000734   0x00000032   Code   RO         1752    .text               mf_p.l(ffixi.o)
    0x00000766   0x00000002   PAD
    0x00000768   0x00000048   Code   RO         1756    .text               mf_p.l(dfixi.o)
    0x000007b0   0x0000003c   Code   RO         1758    .text               mf_p.l(dfixui.o)
    0x000007ec   0x00000028   Code   RO         1762    .text               mf_p.l(cdrcmple.o)
    0x00000814   0x00000038   Code   RO         1764    .text               mf_p.l(d2f.o)
    0x0000084c   0x00000060   Code   RO         1783    .text               mc_p.l(uldiv.o)
    0x000008ac   0x00000020   Code   RO         1785    .text               mc_p.l(llshl.o)
    0x000008cc   0x00000022   Code   RO         1787    .text               mc_p.l(llushr.o)
    0x000008ee   0x00000026   Code   RO         1789    .text               mc_p.l(llsshr.o)
    0x00000914   0x00000082   Code   RO         1792    .text               mf_p.l(fepilogue.o)
    0x00000996   0x000000be   Code   RO         1794    .text               mf_p.l(depilogue.o)
    0x00000a54   0x00000040   Code   RO         1798    .text               mf_p.l(dfixul.o)
    0x00000a94   0x00000024   Code   RO         1800    .text               mc_p.l(init.o)
    0x00000ab8   0x00000060   Code   RO          740    i.Cache_OLED_P6x8Num  oled.o
    0x00000b18   0x00000050   Code   RO          742    i.Cache_OLED_P6x8Str  oled.o
    0x00000b68   0x00000078   Code   RO          744    i.Cache_OLED_P6x8floatNum  oled.o
    0x00000be0   0x000000da   Code   RO          745    i.Cache_OLED_Rectangle  oled.o
    0x00000cba   0x00000002   PAD
    0x00000cbc   0x0000000c   Code   RO          746    i.Cache_OLED_Set_Pos  oled.o
    0x00000cc8   0x00000034   Code   RO          747    i.Cache_OLED_WriteData  oled.o
    0x00000cfc   0x00000034   Code   RO          748    i.Cache_Update_OLED  oled.o
    0x00000d30   0x000000f4   Code   RO         1028    i.Car_Gather_Data_Key  car_key.o
    0x00000e24   0x00000180   Code   RO         1256    i.ChangeParameterVal  myui.o
    0x00000fa4   0x0000021c   Code   RO         1257    i.ConfigParameterCore  myui.o
    0x000011c0   0x00000040   Code   RO          202    i.FLASH_Init        kea128_flash.o
    0x00001200   0x00000010   Code   RO         1334    i.IRQ_IRQHandler    isr.o
    0x00001210   0x00000010   Code   RO         1335    i.KBI0_IRQHandler   isr.o
    0x00001220   0x0000000c   Code   RO         1030    i.Key_Inquire_data  car_key.o
    0x0000122c   0x000000f0   Code   RO         1031    i.Key_Message_Init  car_key.o
    0x0000131c   0x00000160   Code   RO         1258    i.OLED_ConfigParameter  myui.o
    0x0000147c   0x00000020   Code   RO          753    i.OLED_DLY_ms       oled.o
    0x0000149c   0x00000036   Code   RO          754    i.OLED_Fill         oled.o
    0x000014d2   0x00000122   Code   RO          755    i.OLED_Init         oled.o
    0x000015f4   0x00000022   Code   RO          766    i.OLED_Set_Pos      oled.o
    0x00001616   0x00000048   Code   RO          767    i.OLED_WriteCmd     oled.o
    0x0000165e   0x00000048   Code   RO          768    i.OLED_WriteData    oled.o
    0x000016a6   0x00000034   Code   RO          769    i.OLED_printf       oled.o
    0x000016da   0x00000002   PAD
    0x000016dc   0x00000144   Code   RO         1336    i.PIT_CH0_IRQHandler  isr.o
    0x00001820   0x000000c8   Code   RO         1259    i.Show_Main_menu    myui.o
    0x000018e8   0x00000040   Code   RO          704    i.Start             system_skeaz1284.o
    0x00001928   0x00000034   Code   RO         1703    i.__0snprintf       mc_p.l(printfa.o)
    0x0000195c   0x00000028   Code   RO         1704    i.__0sprintf        mc_p.l(printfa.o)
    0x00001984   0x00000024   Code   RO         1708    i.__0vsprintf       mc_p.l(printfa.o)
    0x000019a8   0x0000002e   Code   RO         1796    i.__ARM_clz         mf_p.l(depilogue.o)
    0x000019d6   0x0000001a   Code   RO          308    i.__ARM_common_switch8  kea128_ftm.o
    0x000019f0   0x0000000e   Code   RO         1804    i.__scatterload_copy  mc_p.l(handlers.o)
    0x000019fe   0x0000000e   Code   RO         1806    i.__scatterload_zeroinit  mc_p.l(handlers.o)
    0x00001a0c   0x00000174   Code   RO         1709    i._fp_digits        mc_p.l(printfa.o)
    0x00001b80   0x000006ec   Code   RO         1710    i._printf_core      mc_p.l(printfa.o)
    0x0000226c   0x00000020   Code   RO         1711    i._printf_post_padding  mc_p.l(printfa.o)
    0x0000228c   0x0000002c   Code   RO         1712    i._printf_pre_padding  mc_p.l(printfa.o)
    0x000022b8   0x00000016   Code   RO         1713    i._snputc           mc_p.l(printfa.o)
    0x000022ce   0x0000000a   Code   RO         1714    i._sputc            mc_p.l(printfa.o)
    0x000022d8   0x0000003a   Code   RO          983    i.ad_init           sensor.o
    0x00002312   0x00000002   PAD
    0x00002314   0x00000020   Code   RO          142    i.adc_init          kea128_adc.o
    0x00002334   0x00000024   Code   RO          143    i.adc_once          kea128_adc.o
    0x00002358   0x000000a4   Code   RO          984    i.deal_sensor       sensor.o
    0x000023fc   0x00000018   Code   RO          705    i.disable_wdog      system_skeaz1284.o
    0x00002414   0x00000030   Code   RO         1122    i.encode_init       encode.o
    0x00002444   0x00000010   Code   RO          247    i.ftm_count_clean   kea128_ftm.o
    0x00002454   0x00000010   Code   RO          248    i.ftm_count_get     kea128_ftm.o
    0x00002464   0x00000028   Code   RO          249    i.ftm_count_init    kea128_ftm.o
    0x0000248c   0x00000080   Code   RO          250    i.ftm_count_mux     kea128_ftm.o
    0x0000250c   0x00000044   Code   RO          251    i.ftm_pwm_duty      kea128_ftm.o
    0x00002550   0x000000b4   Code   RO          253    i.ftm_pwm_init      kea128_ftm.o
    0x00002604   0x000000b0   Code   RO          254    i.ftm_pwm_mux       kea128_ftm.o
    0x000026b4   0x00000080   Code   RO          985    i.get_adc_int_value  sensor.o
    0x00002734   0x00000090   Code   RO            3    i.get_clk           common.o
    0x000027c4   0x00000050   Code   RO         1123    i.get_num           encode.o
    0x00002814   0x00000028   Code   RO          316    i.gpio_get          kea128_gpio.o
    0x0000283c   0x000000b0   Code   RO          317    i.gpio_init         kea128_gpio.o
    0x000028ec   0x00000040   Code   RO          318    i.gpio_set          kea128_gpio.o
    0x0000292c   0x000001a4   Code   RO         1370    i.main              main.o
    0x00002ad0   0x00000040   Code   RO          954    i.motor_init        motor.o
    0x00002b10   0x000001ac   Code   RO         1071    i.motor_pid_caculate  control.o
    0x00002cbc   0x000000a0   Code   RO          955    i.motor_set         motor.o
    0x00002d5c   0x00000044   Code   RO          461    i.pit_delay         kea128_pit.o
    0x00002da0   0x0000003c   Code   RO          462    i.pit_init          kea128_pit.o
    0x00002ddc   0x00000034   Code   RO          504    i.port_pull         kea128_port.o
    0x00002e10   0x000000dc   Code   RO         1260    i.show_8L           myui.o
    0x00002eec   0x000000b8   Code   RO         1261    i.show_Left_Motor_PID  myui.o
    0x00002fa4   0x000000c0   Code   RO         1262    i.show_Right_Motor_PID  myui.o
    0x00003064   0x00000108   Code   RO         1264    i.show_sensor       myui.o
    0x0000316c   0x00000028   Code   RO         1372    i.time_10ms_serve   main.o
    0x00003194   0x00000028   Code   RO         1376    i.time_20ms_serve   main.o
    0x000031bc   0x00000050   Code   RO         1380    i.time_5ms_serve    main.o
    0x0000320c   0x00000084   Code   RO          600    i.uart_init         kea128_uart.o
    0x00003290   0x0000004c   Code   RO          601    i.uart_mux          kea128_uart.o
    0x000032dc   0x0000001a   Code   RO          602    i.uart_putbuff      kea128_uart.o
    0x000032f6   0x00000002   PAD
    0x000032f8   0x00000014   Code   RO          603    i.uart_putchar      kea128_uart.o
    0x0000330c   0x0000005c   Code   RO          986    i.update_1cm_error  sensor.o
    0x00003368   0x0000003c   Code   RO         1235    i.vcan_sendware     debug.o
    0x000033a4   0x00000016   Data   RO            4    .constdata          common.o
    0x000033ba   0x00000002   PAD
    0x000033bc   0x0000000c   Data   RO          255    .constdata          kea128_ftm.o
    0x000033c8   0x0000000c   Data   RO          320    .constdata          kea128_gpio.o
    0x000033d4   0x00000cd3   Data   RO          773    .constdata          oled.o
    0x000040a7   0x00000001   PAD
    0x000040a8   0x00000020   Data   RO         1802    Region$$Table       anon$$obj.o


    Execution Region RW_IRAM1 (Base: 0x1ffff000, Size: 0x00000ac8, Max: 0x00004000, ABSOLUTE)

    Base Addr    Size         Type   Attr      Idx    E Section Name        Object

    0x1ffff000   0x00000010   Data   RW            5    .data               common.o
    0x1ffff010   0x00000006   Data   RW          256    .data               kea128_ftm.o
    0x1ffff016   0x00000002   PAD
    0x1ffff018   0x0000000c   Data   RW          609    .data               kea128_uart.o
    0x1ffff024   0x00000002   Data   RW          774    .data               oled.o
    0x1ffff026   0x00000002   PAD
    0x1ffff028   0x00000010   Data   RW          988    .data               sensor.o
    0x1ffff038   0x0000000c   Data   RW         1033    .data               car_key.o
    0x1ffff044   0x0000000c   Data   RW         1075    .data               control.o
    0x1ffff050   0x00000002   Data   RW         1124    .data               encode.o
    0x1ffff052   0x0000000c   Data   RW         1265    .data               myui.o
    0x1ffff05e   0x00000002   PAD
    0x1ffff060   0x00000004   Data   RW         1382    .data               main.o
    0x1ffff064   0x00000030   Data   RW         1383    .data               main.o
    0x1ffff094   0x00000400   Zero   RW          772    .bss                oled.o
    0x1ffff494   0x0000002c   Zero   RW          987    .bss                sensor.o
    0x1ffff4c0   0x0000000c   Zero   RW         1032    .bss                car_key.o
    0x1ffff4cc   0x000001fa   Zero   RW         1074    .bss                control.o
    0x1ffff6c6   0x00000002   PAD
    0x1ffff6c8   0x00000400   Zero   RW          728    STACK               startup_skeaz1284.o


==============================================================================

Image component sizes


      Code (inc. data)   RO Data    RW Data    ZI Data      Debug   Object Name

       496         46          0         12         12       2567   car_key.o
       144         26         22         16          0     113189   common.o
       428         18          0         12        506       1934   control.o
        60         10          0          0          0        608   debug.o
       128          6          0          2          0       1186   encode.o
       356         68          0          0          0       1340   isr.o
        68         12          0          0          0       4813   kea128_adc.o
        64         14          0          0          0        505   kea128_flash.o
       650         64         12          6          0       5336   kea128_ftm.o
       280         18         12          0          0       2574   kea128_gpio.o
       128         26          0          0          0       1127   kea128_pit.o
        52          4          0          0          0        568   kea128_port.o
       254         24          0         12          0       3044   kea128_uart.o
       580        104          0         52          0       9516   main.o
       224         14          0          0          0       1025   motor.o
      2336        430          0         12          0       5877   myui.o
      1236         48       3283          2       1024      10936   oled.o
       442         56          0         16         44       2857   sensor.o
        56         30        192          0       1024        984   startup_skeaz1284.o
        88         20          0          0          0       1511   system_skeaz1284.o

    ----------------------------------------------------------------------
      8078       1038       3556        148       2612     171497   Object Totals
         0          0         32          0          0          0   (incl. Generated)
         8          0          3          6          2          0   (incl. Padding)

    ----------------------------------------------------------------------

      Code (inc. data)   RO Data    RW Data    ZI Data      Debug   Library Member Name

         0          0          0          0          0          0   entry.o
         0          0          0          0          0          0   entry10a.o
         0          0          0          0          0          0   entry11a.o
         8          4          0          0          0          0   entry2.o
         4          0          0          0          0          0   entry5.o
         0          0          0          0          0          0   entry7b.o
         0          0          0          0          0          0   entry8b.o
         8          4          0          0          0          0   entry9a.o
        30          0          0          0          0          0   handlers.o
        40          0          0          0          0         72   idiv.o
        36          8          0          0          0         68   init.o
         0          0          0          0          0          0   iusefp.o
        32          0          0          0          0         68   llshl.o
        38          0          0          0          0         68   llsshr.o
        34          0          0          0          0         68   llushr.o
        36          0          0          0          0         60   memcpya.o
        36          0          0          0          0        100   memseta.o
      2380        106          0          0          0        688   printfa.o
        44          0          0          0          0         72   uidiv.o
        96          0          0          0          0         84   uldiv.o
        40          2          0          0          0         68   cdrcmple.o
        56          0          0          0          0         68   d2f.o
       356          4          0          0          0        140   dadd.o
       240          6          0          0          0         84   ddiv.o
       236          0          0          0          0        216   depilogue.o
        72         10          0          0          0         72   dfixi.o
        60         10          0          0          0         68   dfixui.o
        64         10          0          0          0         68   dfixul.o
        40          6          0          0          0         68   dflti.o
        28          4          0          0          0         68   dfltui.o
       208          6          0          0          0         88   dmul.o
        44          0          0          0          0         72   dscalb.o
        40          0          0          0          0         60   f2d.o
       178          0          0          0          0        108   fadd.o
       124          0          0          0          0         72   fdiv.o
       130          0          0          0          0        144   fepilogue.o
        50          0          0          0          0         60   ffixi.o
        22          0          0          0          0         68   fflti.o
        14          0          0          0          0         68   ffltui.o
       122          0          0          0          0         72   fmul.o

    ----------------------------------------------------------------------
      4950        180          0          0          0       3080   Library Totals
         4          0          0          0          0          0   (incl. Padding)

    ----------------------------------------------------------------------

      Code (inc. data)   RO Data    RW Data    ZI Data      Debug   Library Name

      2822        122          0          0          0       1348   mc_p.l
      2124         58          0          0          0       1732   mf_p.l

    ----------------------------------------------------------------------
      4950        180          0          0          0       3080   Library Totals

    ----------------------------------------------------------------------

==============================================================================


      Code (inc. data)   RO Data    RW Data    ZI Data      Debug   

     13028       1218       3556        148       2612     170277   Grand Totals
     13028       1218       3556        148       2612     170277   ELF Image Totals
     13028       1218       3556        148          0          0   ROM Totals

==============================================================================

    Total RO  Size (Code + RO Data)                16584 (  16.20kB)
    Total RW  Size (RW Data + ZI Data)              2760 (   2.70kB)
    Total ROM Size (Code + RO Data + RW Data)      16732 (  16.34kB)

==============================================================================

