Component: ARM Compiler 5.06 update 6 (build 750) Tool: armlink [4d35ed]

==============================================================================

Section Cross References

    common.o(i.get_clk) refers to memcpya.o(.text) for __aeabi_memcpy4
    common.o(i.get_clk) refers to uidiv.o(.text) for __aeabi_uidivmod
    common.o(i.get_clk) refers to common.o(.constdata) for .constdata
    common.o(i.get_clk) refers to common.o(.data) for ics_clk_khz
    kea128_flash.o(i.FLASH_EraseSector) refers to kea128_flash.o(i.FlashCmdStart) for FlashCmdStart
    kea128_flash.o(i.FLASH_Init) refers to uidiv.o(.text) for __aeabi_uidivmod
    kea128_flash.o(i.FLASH_Init) refers to common.o(.data) for bus_clk_khz
    kea128_flash.o(i.FLASH_WriteSector) refers to kea128_flash.o(i.FlashCmdStart) for FlashCmdStart
    kea128_flash.o(i.FlashCmdStart) refers to kea128_flash.o(.data) for s_flash_command_run
    kea128_ftm.o(i.ftm_count_clean) refers to kea128_ftm.o(.constdata) for FTMX
    kea128_ftm.o(i.ftm_count_get) refers to kea128_ftm.o(.constdata) for FTMX
    kea128_ftm.o(i.ftm_count_init) refers to kea128_ftm.o(i.ftm_count_mux) for ftm_count_mux
    kea128_ftm.o(i.ftm_count_init) refers to kea128_ftm.o(.constdata) for FTMX
    kea128_ftm.o(i.ftm_count_mux) refers to kea128_port.o(i.port_pull) for port_pull
    kea128_ftm.o(i.ftm_pwm_duty) refers to uidiv.o(.text) for __aeabi_uidivmod
    kea128_ftm.o(i.ftm_pwm_duty) refers to kea128_ftm.o(.data) for period
    kea128_ftm.o(i.ftm_pwm_duty) refers to kea128_ftm.o(.constdata) for FTMX
    kea128_ftm.o(i.ftm_pwm_freq) refers to uidiv.o(.text) for __aeabi_uidivmod
    kea128_ftm.o(i.ftm_pwm_freq) refers to common.o(.data) for ftm_clk_khz
    kea128_ftm.o(i.ftm_pwm_freq) refers to kea128_ftm.o(.data) for period
    kea128_ftm.o(i.ftm_pwm_freq) refers to kea128_ftm.o(.constdata) for FTMX
    kea128_ftm.o(i.ftm_pwm_init) refers to kea128_ftm.o(i.ftm_pwm_mux) for ftm_pwm_mux
    kea128_ftm.o(i.ftm_pwm_init) refers to uidiv.o(.text) for __aeabi_uidivmod
    kea128_ftm.o(i.ftm_pwm_init) refers to common.o(.data) for ftm_clk_khz
    kea128_ftm.o(i.ftm_pwm_init) refers to kea128_ftm.o(.data) for period
    kea128_ftm.o(i.ftm_pwm_init) refers to kea128_ftm.o(.constdata) for FTMX
    kea128_ftm.o(i.ftm_pwm_mux) refers to kea128_ftm.o(i.__ARM_common_switch8) for __ARM_common_switch8
    kea128_gpio.o(i.gpio_ddr) refers to kea128_gpio.o(.constdata) for GPIOX
    kea128_gpio.o(i.gpio_get) refers to kea128_gpio.o(.constdata) for GPIOX
    kea128_gpio.o(i.gpio_init) refers to kea128_gpio.o(.constdata) for GPIOX
    kea128_gpio.o(i.gpio_set) refers to kea128_gpio.o(.constdata) for GPIOX
    kea128_gpio.o(i.gpio_turn) refers to kea128_gpio.o(.constdata) for GPIOX
    kea128_i2c.o(i.i2c_Wait) refers to kea128_i2c.o(.data) for I2CN
    kea128_i2c.o(i.i2c_init) refers to memcpya.o(.text) for __aeabi_memcpy4
    kea128_i2c.o(i.i2c_init) refers to uidiv.o(.text) for __aeabi_uidivmod
    kea128_i2c.o(i.i2c_init) refers to kea128_i2c.o(.constdata) for .constdata
    kea128_i2c.o(i.i2c_init) refers to common.o(.data) for bus_clk_khz
    kea128_i2c.o(i.i2c_init) refers to kea128_i2c.o(.data) for I2CN
    kea128_i2c.o(i.i2c_read_reg) refers to kea128_i2c.o(i.i2c_Wait) for i2c_Wait
    kea128_i2c.o(i.i2c_read_reg) refers to kea128_i2c.o(i.i2c_delay) for i2c_delay
    kea128_i2c.o(i.i2c_read_reg) refers to kea128_i2c.o(.data) for I2CN
    kea128_i2c.o(i.i2c_read_reg_bytes) refers to kea128_i2c.o(i.i2c_Wait) for i2c_Wait
    kea128_i2c.o(i.i2c_read_reg_bytes) refers to kea128_i2c.o(i.i2c_delay) for i2c_delay
    kea128_i2c.o(i.i2c_read_reg_bytes) refers to kea128_i2c.o(.data) for I2CN
    kea128_i2c.o(i.i2c_write_reg) refers to kea128_i2c.o(i.i2c_Wait) for i2c_Wait
    kea128_i2c.o(i.i2c_write_reg) refers to kea128_i2c.o(i.i2c_delay) for i2c_delay
    kea128_i2c.o(i.i2c_write_reg) refers to kea128_i2c.o(.data) for I2CN
    kea128_kbi.o(i.kbi_init) refers to kea128_port.o(i.port_pull) for port_pull
    kea128_kbi.o(i.kbi_init) refers to kea128_kbi.o(.data) for kbi
    kea128_spi.o(i.spi_init) refers to memcpya.o(.text) for __aeabi_memcpy4
    kea128_spi.o(i.spi_init) refers to uidiv.o(.text) for __aeabi_uidivmod
    kea128_spi.o(i.spi_init) refers to kea128_spi.o(.constdata) for .constdata
    kea128_spi.o(i.spi_init) refers to common.o(.data) for bus_clk_khz
    kea128_spi.o(i.spi_init) refers to kea128_spi.o(.data) for SPIN
    kea128_spi.o(i.spi_mosi) refers to kea128_spi.o(.data) for SPIN
    kea128_spi.o(i.spi_mosi_cmd) refers to kea128_spi.o(i.spi_mosi) for spi_mosi
    kea128_systick.o(i.systick_delay_ms) refers to kea128_systick.o(i.systick_delay) for systick_delay
    kea128_systick.o(i.systick_delay_ms) refers to common.o(.data) for core_clk_khz
    kea128_uart.o(i.fputc) refers to kea128_uart.o(i.uart_putchar) for uart_putchar
    kea128_uart.o(i.uart_getchar) refers to kea128_uart.o(.data) for uart
    kea128_uart.o(i.uart_init) refers to kea128_uart.o(i.uart_mux) for uart_mux
[...]
    printf0.o(i.__0sprintf$0) refers to printf0.o(i._printf_core) for _printf_core
    printf0.o(i.__0sprintf$0) refers to printf0.o(i._sputc) for _sputc
    printf0.o(i.__0vfprintf$0) refers to printf0.o(i._printf_core) for _printf_core
    printf0.o(i.__0vfprintf$0) refers to kea128_uart.o(i.fputc) for fputc
    printf0.o(i.__0vprintf$0) refers to printf0.o(i._printf_core) for _printf_core
    printf0.o(i.__0vprintf$0) refers to kea128_uart.o(i.fputc) for fputc
    printf0.o(i.__0vprintf$0) refers to stdout.o(.data) for __stdout
    printf0.o(i.__0vsnprintf$0) refers to printf0.o(i._printf_core) for _printf_core
    printf0.o(i.__0vsnprintf$0) refers to printf0.o(i._snputc) for _snputc
    printf0.o(i.__0vsprintf$0) refers to printf0.o(i._printf_core) for _printf_core
    printf0.o(i.__0vsprintf$0) refers to printf0.o(i._sputc) for _sputc
    printf1.o(i.__0fprintf$1) refers to printf1.o(i._printf_core) for _printf_core
    printf1.o(i.__0fprintf$1) refers to kea128_uart.o(i.fputc) for fputc
    printf1.o(i.__0printf$1) refers to printf1.o(i._printf_core) for _printf_core
    printf1.o(i.__0printf$1) refers to kea128_uart.o(i.fputc) for fputc
    printf1.o(i.__0printf$1) refers to stdout.o(.data) for __stdout
    printf1.o(i.__0snprintf$1) refers to printf1.o(i._printf_core) for _printf_core
    printf1.o(i.__0snprintf$1) refers to printf1.o(i._snputc) for _snputc
    printf1.o(i.__0sprintf$1) refers to printf1.o(i._printf_core) for _printf_core
    printf1.o(i.__0sprintf$1) refers to printf1.o(i._sputc) for _sputc
    printf1.o(i.__0vfprintf$1) refers to printf1.o(i._printf_core) for _printf_core
    printf1.o(i.__0vfprintf$1) refers to kea128_uart.o(i.fputc) for fputc
    printf1.o(i.__0vprintf$1) refers to printf1.o(i._printf_core) for _printf_core
    printf1.o(i.__0vprintf$1) refers to kea128_uart.o(i.fputc) for fputc
    printf1.o(i.__0vprintf$1) refers to stdout.o(.data) for __stdout
    printf1.o(i.__0vsnprintf$1) refers to printf1.o(i._printf_core) for _printf_core
    printf1.o(i.__0vsnprintf$1) refers to printf1.o(i._snputc) for _snputc
    printf1.o(i.__0vsprintf$1) refers to printf1.o(i._printf_core) for _printf_core
    printf1.o(i.__0vsprintf$1) refers to printf1.o(i._sputc) for _sputc
    printf1.o(i._printf_core) refers to uidiv.o(.text) for __aeabi_uidivmod
    printf2.o(i.__0fprintf$2) refers to printf2.o(i._printf_core) for _printf_core
    printf2.o(i.__0fprintf$2) refers to kea128_uart.o(i.fputc) for fputc
    printf2.o(i.__0printf$2) refers to printf2.o(i._printf_core) for _printf_core
    printf2.o(i.__0printf$2) refers to kea128_uart.o(i.fputc) for fputc
    printf2.o(i.__0printf$2) refers to stdout.o(.data) for __stdout
    printf2.o(i.__0snprintf$2) refers to printf2.o(i._printf_core) for _printf_core
    printf2.o(i.__0snprintf$2) refers to printf2.o(i._snputc) for _snputc
    printf2.o(i.__0sprintf$2) refers to printf2.o(i._printf_core) for _printf_core
    printf2.o(i.__0sprintf$2) refers to printf2.o(i._sputc) for _sputc
    printf2.o(i.__0vfprintf$2) refers to printf2.o(i._printf_core) for _printf_core
    printf2.o(i.__0vfprintf$2) refers to kea128_uart.o(i.fputc) for fputc
    printf2.o(i.__0vprintf$2) refers to printf2.o(i._printf_core) for _printf_core
    printf2.o(i.__0vprintf$2) refers to kea128_uart.o(i.fputc) for fputc
    printf2.o(i.__0vprintf$2) refers to stdout.o(.data) for __stdout
    printf2.o(i.__0vsnprintf$2) refers to printf2.o(i._printf_core) for _printf_core
    printf2.o(i.__0vsnprintf$2) refers to printf2.o(i._snputc) for _snputc
    printf2.o(i.__0vsprintf$2) refers to printf2.o(i._printf_core) for _printf_core
    printf2.o(i.__0vsprintf$2) refers to printf2.o(i._sputc) for _sputc
    printf3.o(i.__0fprintf$3) refers to printf3.o(i._printf_core) for _printf_core
    printf3.o(i.__0fprintf$3) refers to kea128_uart.o(i.fputc) for fputc
    printf3.o(i.__0printf$3) refers to printf3.o(i._printf_core) for _printf_core
    printf3.o(i.__0printf$3) refers to kea128_uart.o(i.fputc) for fputc
    printf3.o(i.__0printf$3) refers to stdout.o(.data) for __stdout
    printf3.o(i.__0snprintf$3) refers to printf3.o(i._printf_core) for _printf_core
    printf3.o(i.__0snprintf$3) refers to printf3.o(i._snputc) for _snputc
    printf3.o(i.__0sprintf$3) refers to printf3.o(i._printf_core) for _printf_core
    printf3.o(i.__0sprintf$3) refers to printf3.o(i._sputc) for _sputc
    printf3.o(i.__0vfprintf$3) refers to printf3.o(i._printf_core) for _printf_core
    printf3.o(i.__0vfprintf$3) refers to kea128_uart.o(i.fputc) for fputc
    printf3.o(i.__0vprintf$3) refers to printf3.o(i._printf_core) for _printf_core
    printf3.o(i.__0vprintf$3) refers to kea128_uart.o(i.fputc) for fputc
    printf3.o(i.__0vprintf$3) refers to stdout.o(.data) for __stdout
    printf3.o(i.__0vsnprintf$3) refers to printf3.o(i._printf_core) for _printf_core
    printf3.o(i.__0vsnprintf$3) refers to printf3.o(i._snputc) for _snputc
    printf3.o(i.__0vsprintf$3) refers to printf3.o(i._printf_core) for _printf_core
    printf3.o(i.__0vsprintf$3) refers to printf3.o(i._sputc) for _sputc
    printf3.o(i._printf_core) refers to uidiv.o(.text) for __aeabi_uidivmod
    printf4.o(i.__0fprintf$4) refers to printf4.o(i._printf_core) for _printf_core
    printf4.o(i.__0fprintf$4) refers to kea128_uart.o(i.fputc) for fputc
    printf4.o(i.__0printf$4) refers to printf4.o(i._printf_core) for _printf_core
    printf4.o(i.__0printf$4) refers to kea128_uart.o(i.fputc) for fputc
    printf4.o(i.__0printf$4) refers to stdout.o(.data) for __stdout
    printf4.o(i.__0snprintf$4) refers to printf4.o(i._printf_core) for _printf_core
    printf4.o(i.__0snprintf$4) refers to printf4.o(i._snputc) for _snputc
    printf4.o(i.__0sprintf$4) refers to printf4.o(i._printf_core) for _printf_core
    printf4.o(i.__0sprintf$4) refers to printf4.o(i._sputc) for _sputc
    printf4.o(i.__0vfprintf$4) refers to printf4.o(i._printf_core) for _printf_core
    printf4.o(i.__0vfprintf$4) refers to kea128_uart.o(i.fputc) for fputc
    printf4.o(i.__0vprintf$4) refers to printf4.o(i._printf_core) for _printf_core
    printf4.o(i.__0vprintf$4) refers to kea128_uart.o(i.fputc) for fputc
    printf4.o(i.__0vprintf$4) refers to stdout.o(.data) for __stdout
    printf4.o(i.__0vsnprintf$4) refers to printf4.o(i._printf_core) for _printf_core
    printf4.o(i.__0vsnprintf$4) refers to printf4.o(i._snputc) for _snputc
    printf4.o(i.__0vsprintf$4) refers to printf4.o(i._printf_core) for _printf_core
    printf4.o(i.__0vsprintf$4) refers to printf4.o(i._sputc) for _sputc
    printf4.o(i._printf_core) refers to uldiv.o(.text) for __aeabi_uldivmod
    printf5.o(i.__0fprintf$5) refers to printf5.o(i._printf_core) for _printf_core
    printf5.o(i.__0fprintf$5) refers to kea128_uart.o(i.fputc) for fputc
    printf5.o(i.__0printf$5) refers to printf5.o(i._printf_core) for _printf_core
    printf5.o(i.__0printf$5) refers to kea128_uart.o(i.fputc) for fputc
    printf5.o(i.__0printf$5) refers to stdout.o(.data) for __stdout
    printf5.o(i.__0snprintf$5) refers to printf5.o(i._printf_core) for _printf_core
    printf5.o(i.__0snprintf$5) refers to printf5.o(i._snputc) for _snputc
    printf5.o(i.__0sprintf$5) refers to printf5.o(i._printf_core) for _printf_core
    printf5.o(i.__0sprintf$5) refers to printf5.o(i._sputc) for _sputc
    printf5.o(i.__0vfprintf$5) refers to printf5.o(i._printf_core) for _printf_core
    printf5.o(i.__0vfprintf$5) refers to kea128_uart.o(i.fputc) for fputc
    printf5.o(i.__0vprintf$5) refers to printf5.o(i._printf_core) for _printf_core
    printf5.o(i.__0vprintf$5) refers to kea128_uart.o(i.fputc) for fputc
    printf5.o(i.__0vprintf$5) refers to stdout.o(.data) for __stdout
    printf5.o(i.__0vsnprintf$5) refers to printf5.o(i._printf_core) for _printf_core
    printf5.o(i.__0vsnprintf$5) refers to printf5.o(i._snputc) for _snputc
    printf5.o(i.__0vsprintf$5) refers to printf5.o(i._printf_core) for _printf_core
    printf5.o(i.__0vsprintf$5) refers to printf5.o(i._sputc) for _sputc
    printf5.o(i._printf_core) refers to uldiv.o(.text) for __aeabi_uldivmod
    printf6.o(i.__0fprintf$6) refers to printf6.o(i._printf_core) for _printf_core
    printf6.o(i.__0fprintf$6) refers to kea128_uart.o(i.fputc) for fputc
    printf6.o(i.__0printf$6) refers to printf6.o(i._printf_core) for _printf_core
    printf6.o(i.__0printf$6) refers to kea128_uart.o(i.fputc) for fputc
    printf6.o(i.__0printf$6) refers to stdout.o(.data) for __stdout
    printf6.o(i.__0snprintf$6) refers to printf6.o(i._printf_core) for _printf_core
    printf6.o(i.__0snprintf$6) refers to printf6.o(i._snputc) for _snputc
    printf6.o(i.__0sprintf$6) refers to printf6.o(i._printf_core) for _printf_core
    printf6.o(i.__0sprintf$6) refers to printf6.o(i._sputc) for _sputc
    printf6.o(i.__0vfprintf$6) refers to printf6.o(i._printf_core) for _printf_core
    printf6.o(i.__0vfprintf$6) refers to kea128_uart.o(i.fputc) for fputc
    printf6.o(i.__0vprintf$6) refers to printf6.o(i._printf_core) for _printf_core
    printf6.o(i.__0vprintf$6) refers to kea128_uart.o(i.fputc) for fputc
    printf6.o(i.__0vprintf$6) refers to stdout.o(.data) for __stdout
    printf6.o(i.__0vsnprintf$6) refers to printf6.o(i._printf_core) for _printf_core
    printf6.o(i.__0vsnprintf$6) refers to printf6.o(i._snputc) for _snputc
    printf6.o(i.__0vsprintf$6) refers to printf6.o(i._printf_core) for _printf_core
    printf6.o(i.__0vsprintf$6) refers to printf6.o(i._sputc) for _sputc
    printf6.o(i._printf_core) refers to printf6.o(i._printf_pre_padding) for _printf_pre_padding
    printf6.o(i._printf_core) refers to printf6.o(i._printf_post_padding) for _printf_post_padding
    printf6.o(i._printf_core) refers to uidiv.o(.text) for __aeabi_uidivmod
    printf7.o(i.__0fprintf$7) refers to printf7.o(i._printf_core) for _printf_core
    printf7.o(i.__0fprintf$7) refers to kea128_uart.o(i.fputc) for fputc
    printf7.o(i.__0printf$7) refers to printf7.o(i._printf_core) for _printf_core
    printf7.o(i.__0printf$7) refers to kea128_uart.o(i.fputc) for fputc
    printf7.o(i.__0printf$7) refers to stdout.o(.data) for __stdout
    printf7.o(i.__0snprintf$7) refers to printf7.o(i._printf_core) for _printf_core
    printf7.o(i.__0snprintf$7) refers to printf7.o(i._snputc) for _snputc
    printf7.o(i.__0sprintf$7) refers to printf7.o(i._printf_core) for _printf_core
    printf7.o(i.__0sprintf$7) refers to printf7.o(i._sputc) for _sputc
    printf7.o(i.__0vfprintf$7) refers to printf7.o(i._printf_core) for _printf_core
    printf7.o(i.__0vfprintf$7) refers to kea128_uart.o(i.fputc) for fputc
    printf7.o(i.__0vprintf$7) refers to printf7.o(i._printf_core) for _printf_core
    printf7.o(i.__0vprintf$7) refers to kea128_uart.o(i.fputc) for fputc
    printf7.o(i.__0vprintf$7) refers to stdout.o(.data) for __stdout
    printf7.o(i.__0vsnprintf$7) refers to printf7.o(i._printf_core) for _printf_core
    printf7.o(i.__0vsnprintf$7) refers to printf7.o(i._snputc) for _snputc
    printf7.o(i.__0vsprintf$7) refers to printf7.o(i._printf_core) for _printf_core
    printf7.o(i.__0vsprintf$7) refers to printf7.o(i._sputc) for _sputc
    printf7.o(i._printf_core) refers to printf7.o(i._printf_pre_padding) for _printf_pre_padding
    printf7.o(i._printf_core) refers to printf7.o(i._printf_post_padding) for _printf_post_padding
    printf7.o(i._printf_core) refers to uldiv.o(.text) for __aeabi_uldivmod
    printf8.o(i.__0fprintf$8) refers to printf8.o(i._printf_core) for _printf_core
    printf8.o(i.__0fprintf$8) refers to kea128_uart.o(i.fputc) for fputc
    printf8.o(i.__0printf$8) refers to printf8.o(i._printf_core) for _printf_core
    printf8.o(i.__0printf$8) refers to kea128_uart.o(i.fputc) for fputc
    printf8.o(i.__0printf$8) refers to stdout.o(.data) for __stdout
    printf8.o(i.__0snprintf$8) refers to printf8.o(i._printf_core) for _printf_core
    printf8.o(i.__0snprintf$8) refers to printf8.o(i._snputc) for _snputc
    printf8.o(i.__0sprintf$8) refers to printf8.o(i._printf_core) for _printf_core
    printf8.o(i.__0sprintf$8) refers to printf8.o(i._sputc) for _sputc
    printf8.o(i.__0vfprintf$8) refers to printf8.o(i._printf_core) for _printf_core
    printf8.o(i.__0vfprintf$8) refers to kea128_uart.o(i.fputc) for fputc
    printf8.o(i.__0vprintf$8) refers to printf8.o(i._printf_core) for _printf_core
    printf8.o(i.__0vprintf$8) refers to kea128_uart.o(i.fputc) for fputc
    printf8.o(i.__0vprintf$8) refers to stdout.o(.data) for __stdout
    printf8.o(i.__0vsnprintf$8) refers to printf8.o(i._printf_core) for _printf_core
    printf8.o(i.__0vsnprintf$8) refers to printf8.o(i._snputc) for _snputc
    printf8.o(i.__0vsprintf$8) refers to printf8.o(i._printf_core) for _printf_core
    printf8.o(i.__0vsprintf$8) refers to printf8.o(i._sputc) for _sputc
    printf8.o(i._printf_core) refers to printf8.o(i._printf_pre_padding) for _printf_pre_padding
    printf8.o(i._printf_core) refers to printf8.o(i._printf_post_padding) for _printf_post_padding
    printf8.o(i._printf_core) refers to uldiv.o(.text) for __aeabi_uldivmod
    printfa.o(i.__0fprintf) refers (Special) to iusefp.o(.text) for __I$use$fp
    printfa.o(i.__0fprintf) refers to printfa.o(i._printf_core) for _printf_core
    printfa.o(i.__0fprintf) refers to kea128_uart.o(i.fputc) for fputc
    printfa.o(i.__0printf) refers (Special) to iusefp.o(.text) for __I$use$fp
    printfa.o(i.__0printf) refers to printfa.o(i._printf_core) for _printf_core
    printfa.o(i.__0printf) refers to kea128_uart.o(i.fputc) for fputc
    printfa.o(i.__0printf) refers to stdout.o(.data) for __stdout
    printfa.o(i.__0snprintf) refers (Special) to iusefp.o(.text) for __I$use$fp
    printfa.o(i.__0snprintf) refers to printfa.o(i._printf_core) for _printf_core
    printfa.o(i.__0snprintf) refers to printfa.o(i._snputc) for _snputc
    printfa.o(i.__0sprintf) refers (Special) to iusefp.o(.text) for __I$use$fp
    printfa.o(i.__0sprintf) refers to printfa.o(i._printf_core) for _printf_core
    printfa.o(i.__0sprintf) refers to printfa.o(i._sputc) for _sputc
    printfa.o(i.__0vfprintf) refers (Special) to iusefp.o(.text) for __I$use$fp
    printfa.o(i.__0vfprintf) refers to printfa.o(i._printf_core) for _printf_core
    printfa.o(i.__0vfprintf) refers to kea128_uart.o(i.fputc) for fputc
    printfa.o(i.__0vprintf) refers (Special) to iusefp.o(.text) for __I$use$fp
    printfa.o(i.__0vprintf) refers to printfa.o(i._printf_core) for _printf_core
    printfa.o(i.__0vprintf) refers to kea128_uart.o(i.fputc) for fputc
    printfa.o(i.__0vprintf) refers to stdout.o(.data) for __stdout
    printfa.o(i.__0vsnprintf) refers (Special) to iusefp.o(.text) for __I$use$fp
    printfa.o(i.__0vsnprintf) refers to printfa.o(i._printf_core) for _printf_core
    printfa.o(i.__0vsnprintf) refers to printfa.o(i._snputc) for _snputc
    printfa.o(i.__0vsprintf) refers (Special) to iusefp.o(.text) for __I$use$fp
    printfa.o(i.__0vsprintf) refers to printfa.o(i._printf_core) for _printf_core
    printfa.o(i.__0vsprintf) refers to printfa.o(i._sputc) for _sputc
    printfa.o(i._fp_digits) refers (Special) to iusefp.o(.text) for __I$use$fp
    printfa.o(i._fp_digits) refers to dmul.o(.text) for __aeabi_dmul
    printfa.o(i._fp_digits) refers to ddiv.o(.text) for __aeabi_ddiv
    printfa.o(i._fp_digits) refers to cdrcmple.o(.text) for __aeabi_cdrcmple
    printfa.o(i._fp_digits) refers to dadd.o(.text) for __aeabi_dadd
    printfa.o(i._fp_digits) refers to dfixul.o(.text) for __aeabi_d2ulz
    printfa.o(i._fp_digits) refers to uldiv.o(.text) for __aeabi_uldivmod
    printfa.o(i._printf_core) refers (Special) to iusefp.o(.text) for __I$use$fp
    printfa.o(i._printf_core) refers to printfa.o(i._printf_pre_padding) for _printf_pre_padding
    printfa.o(i._printf_core) refers to uldiv.o(.text) for __aeabi_uldivmod
    printfa.o(i._printf_core) refers to printfa.o(i._printf_post_padding) for _printf_post_padding
    printfa.o(i._printf_core) refers to printfa.o(i._fp_digits) for _fp_digits
    printfa.o(i._printf_core) refers to uidiv.o(.text) for __aeabi_uidivmod
    printfa.o(i._printf_post_padding) refers (Special) to iusefp.o(.text) for __I$use$fp
    printfa.o(i._printf_pre_padding) refers (Special) to iusefp.o(.text) for __I$use$fp
    printfa.o(i._snputc) refers (Special) to iusefp.o(.text) for __I$use$fp
    printfa.o(i._sputc) refers (Special) to iusefp.o(.text) for __I$use$fp
    fadd.o(.text) refers (Special) to iusefp.o(.text) for __I$use$fp
    fadd.o(.text) refers to fepilogue.o(.text) for _float_epilogue
    fmul.o(.text) refers (Special) to iusefp.o(.text) for __I$use$fp
    fdiv.o(.text) refers (Special) to iusefp.o(.text) for __I$use$fp
    fdiv.o(.text) refers to fepilogue.o(.text) for _float_round
    dadd.o(.text) refers (Special) to iusefp.o(.text) for __I$use$fp
    dadd.o(.text) refers to llshl.o(.text) for __aeabi_llsl
    dadd.o(.text) refers to llsshr.o(.text) for __aeabi_lasr
    dadd.o(.text) refers to depilogue.o(.text) for _double_epilogue
    dmul.o(.text) refers (Special) to iusefp.o(.text) for __I$use$fp
    dmul.o(.text) refers to depilogue.o(.text) for _double_epilogue
    ddiv.o(.text) refers (Special) to iusefp.o(.text) for __I$use$fp
    ddiv.o(.text) refers to depilogue.o(.text) for _double_round
    fflti.o(.text) refers (Special) to iusefp.o(.text) for __I$use$fp
    fflti.o(.text) refers to fepilogue.o(.text) for _float_epilogue
    ffltui.o(.text) refers (Special) to iusefp.o(.text) for __I$use$fp
    ffltui.o(.text) refers to fepilogue.o(.text) for _float_epilogue
    dflti.o(.text) refers (Special) to iusefp.o(.text) for __I$use$fp
    dflti.o(.text) refers to depilogue.o(.text) for _double_epilogue
    dfltui.o(.text) refers (Special) to iusefp.o(.text) for __I$use$fp
    dfltui.o(.text) refers to depilogue.o(.text) for _double_epilogue
    ffixi.o(.text) refers (Special) to iusefp.o(.text) for __I$use$fp
    ffixui.o(.text) refers (Special) to iusefp.o(.text) for __I$use$fp
    dfixi.o(.text) refers (Special) to iusefp.o(.text) for __I$use$fp
    dfixi.o(.text) refers to llushr.o(.text) for __aeabi_llsr
    dfixui.o(.text) refers (Special) to iusefp.o(.text) for __I$use$fp
    dfixui.o(.text) refers to llushr.o(.text) for __aeabi_llsr
    f2d.o(.text) refers (Special) to iusefp.o(.text) for __I$use$fp
    cdrcmple.o(.text) refers (Special) to iusefp.o(.text) for __I$use$fp
    d2f.o(.text) refers (Special) to iusefp.o(.text) for __I$use$fp
    d2f.o(.text) refers to fepilogue.o(.text) for _float_round
    cfcmple.o(.text) refers (Special) to iusefp.o(.text) for __I$use$fp
    cfrcmple.o(.text) refers (Special) to iusefp.o(.text) for __I$use$fp
    entry2.o(.ARM.Collect$$$$00000001) refers to entry2.o(.ARM.Collect$$$$00002712) for __lit__00000000
    entry2.o(.ARM.Collect$$$$00002712) refers to startup_skeaz1284.o(STACK) for __initial_sp
    entry2.o(__vectab_stack_and_reset_area) refers to startup_skeaz1284.o(STACK) for __initial_sp
    entry2.o(__vectab_stack_and_reset_area) refers to entry.o(.ARM.Collect$$$$00000000) for __main
    entry5.o(.ARM.Collect$$$$00000004) refers to init.o(.text) for __scatterload
    entry9a.o(.ARM.Collect$$$$0000000B) refers to main.o(i.main) for main
    entry9b.o(.ARM.Collect$$$$0000000C) refers to main.o(i.main) for main
    uldiv.o(.text) refers to llushr.o(.text) for __aeabi_llsr
    uldiv.o(.text) refers to llshl.o(.text) for __aeabi_llsl
    depilogue.o(.text) refers to depilogue.o(i.__ARM_clz) for __ARM_clz
    depilogue.o(.text) refers to llshl.o(.text) for __aeabi_llsl
    depilogue.o(.text) refers to llushr.o(.text) for __aeabi_llsr
    dfixul.o(.text) refers to llushr.o(.text) for __aeabi_llsr
    dfixul.o(.text) refers to llshl.o(.text) for __aeabi_llsl
    init.o(.text) refers to entry5.o(.ARM.Collect$$$$00000004) for __main_after_scatterload


==============================================================================

Removing Unused input sections from the image.

    Removing common.o(.rev16_text), (4 bytes).
    Removing common.o(.revsh_text), (4 bytes).
    Removing kea128_adc.o(.rev16_text), (4 bytes).
    Removing kea128_adc.o(.revsh_text), (4 bytes).
    Removing kea128_adc.o(i.adc_init), (40 bytes).
    Removing kea128_adc.o(i.adc_once), (44 bytes).
    Removing kea128_adc.o(i.adc_stop), (12 bytes).
    Removing kea128_flash.o(.rev16_text), (4 bytes).
    Removing kea128_flash.o(.revsh_text), (4 bytes).
    Removing kea128_flash.o(i.FLASH_EraseSector), (48 bytes).
    Removing kea128_flash.o(i.FLASH_GetSectorSize), (6 bytes).
    Removing kea128_flash.o(i.FLASH_Init), (76 bytes).
    Removing kea128_flash.o(i.FLASH_WriteSector), (112 bytes).
    Removing kea128_flash.o(i.FlashCmdStart), (60 bytes).
    Removing kea128_flash.o(.data), (20 bytes).
    Removing kea128_ftm.o(.rev16_text), (4 bytes).
    Removing kea128_ftm.o(.revsh_text), (4 bytes).
    Removing kea128_ftm.o(i.ftm_pwm_duty), (124 bytes).
    Removing kea128_ftm.o(i.ftm_pwm_freq), (132 bytes).
    Removing kea128_ftm.o(i.ftm_pwm_init), (292 bytes).
    Removing kea128_ftm.o(i.ftm_pwm_mux), (296 bytes).
    Removing kea128_ftm.o(.data), (6 bytes).
    Removing kea128_gpio.o(.rev16_text), (4 bytes).
    Removing kea128_gpio.o(.revsh_text), (4 bytes).
    Removing kea128_gpio.o(i.gpio_ddr), (168 bytes).
    Removing kea128_i2c.o(.rev16_text), (4 bytes).
    Removing kea128_i2c.o(.revsh_text), (4 bytes).
    Removing kea128_i2c.o(i.i2c_Wait), (156 bytes).
    Removing kea128_i2c.o(i.i2c_delay), (24 bytes).
    Removing kea128_i2c.o(i.i2c_init), (280 bytes).
    Removing kea128_i2c.o(i.i2c_read_reg), (188 bytes).
    Removing kea128_i2c.o(i.i2c_read_reg_bytes), (280 bytes).
    Removing kea128_i2c.o(i.i2c_write_reg), (104 bytes).
    Removing kea128_i2c.o(.constdata), (128 bytes).
    Removing kea128_i2c.o(.data), (12 bytes).
    Removing kea128_irq.o(.rev16_text), (4 bytes).
    Removing kea128_irq.o(.revsh_text), (4 bytes).
    Removing kea128_irq.o(i.irq_init), (52 bytes).
    Removing kea128_kbi.o(.rev16_text), (4 bytes).
    Removing kea128_kbi.o(.revsh_text), (4 bytes).
    Removing kea128_kbi.o(i.kbi_init), (248 bytes).
    Removing kea128_kbi.o(.data), (8 bytes).
    Removing kea128_pit.o(.rev16_text), (4 bytes).
    Removing kea128_pit.o(.revsh_text), (4 bytes).
    Removing kea128_pit.o(i.pit_delay), (128 bytes).
    Removing kea128_port.o(.rev16_text), (4 bytes).
    Removing kea128_port.o(.revsh_text), (4 bytes).
    Removing kea128_spi.o(.rev16_text), (4 bytes).
    Removing kea128_spi.o(.revsh_text), (4 bytes).
    Removing kea128_spi.o(i.spi_init), (308 bytes).
    Removing kea128_spi.o(i.spi_mosi), (96 bytes).
    Removing kea128_spi.o(i.spi_mosi_cmd), (44 bytes).
    Removing kea128_spi.o(.constdata), (36 bytes).
    Removing kea128_spi.o(.data), (8 bytes).
    Removing kea128_systick.o(.rev16_text), (4 bytes).
    Removing kea128_systick.o(.revsh_text), (4 bytes).
    Removing kea128_systick.o(i.systick_delay), (48 bytes).
    Removing kea128_systick.o(i.systick_delay_ms), (28 bytes).
    Removing kea128_systick.o(i.systick_getval), (12 bytes).
    Removing kea128_systick.o(i.systick_timing), (24 bytes).
    Removing kea128_uart.o(.rev16_text), (4 bytes).
    Removing kea128_uart.o(.revsh_text), (4 bytes).
    Removing kea128_uart.o(i.NVIC_DisableIRQ), (20 bytes).
    Removing kea128_uart.o(i.NVIC_EnableIRQ), (20 bytes).
    Removing kea128_uart.o(i.fputc), (18 bytes).
    Removing kea128_uart.o(i.uart_getchar), (36 bytes).
    Removing kea128_uart.o(i.uart_init), (184 bytes).
    Removing kea128_uart.o(i.uart_mux), (112 bytes).
    Removing kea128_uart.o(i.uart_putbuff), (30 bytes).
    Removing kea128_uart.o(i.uart_putchar), (32 bytes).
    Removing kea128_uart.o(i.uart_putstr), (26 bytes).
    Removing kea128_uart.o(i.uart_rx_irq_dis), (56 bytes).
    Removing kea128_uart.o(i.uart_rx_irq_en), (40 bytes).
    Removing kea128_uart.o(i.uart_txc_irq_dis), (56 bytes).
    Removing kea128_uart.o(i.uart_txc_irq_en), (40 bytes).
    Removing kea128_uart.o(.data), (12 bytes).
    Removing misc.o(.rev16_text), (4 bytes).
    Removing misc.o(.revsh_text), (4 bytes).
    Removing misc.o(i.write_vtor), (12 bytes).
    Removing system_skeaz1284.o(.rev16_text), (4 bytes).
    Removing system_skeaz1284.o(.revsh_text), (4 bytes).
    Removing startup_skeaz1284.o(HEAP), (2048 bytes).
    Removing oled.o(.rev16_text), (4 bytes).
    Removing oled.o(.revsh_text), (4 bytes).
    Removing oled.o(i.Cache_OLED_P6x8Num_0X), (112 bytes).
    Removing oled.o(i.Cache_OLED_P6x8byte_inverse), (88 bytes).
    Removing oled.o(i.Cache_OLED_P6x8floatNum), (136 bytes).
    Removing oled.o(i.Cache_OLED_Rectangle), (282 bytes).
    Removing oled.o(i.Draw_BMP), (74 bytes).
    Removing oled.o(i.Draw_LOGO), (24 bytes).
    Removing oled.o(i.OLED_CLS), (56 bytes).
    Removing oled.o(i.OLED_CLS_Y), (46 bytes).
    Removing oled.o(i.OLED_P14x16Str), (252 bytes).
    Removing oled.o(i.OLED_P6x8Num), (112 bytes).
    Removing oled.o(i.OLED_P6x8Str), (100 bytes).
    Removing oled.o(i.OLED_P6x8byte_inverse), (92 bytes).
    Removing oled.o(i.OLED_P6x8floatNum), (132 bytes).
    Removing oled.o(i.OLED_P8x16Str), (140 bytes).
    Removing oled.o(i.OLED_P8x16floatNum), (176 bytes).
    Removing oled.o(i.OLED_Print), (96 bytes).
    Removing oled.o(i.OLED_PutPixel), (74 bytes).
    Removing oled.o(i.OLED_Rectangle), (128 bytes).
    Removing oled.o(i.getx), (12 bytes).
    Removing oled.o(i.gety), (12 bytes).
    Removing myflash.o(.rev16_text), (4 bytes).
    Removing myflash.o(.revsh_text), (4 bytes).
    Removing myflash.o(i.Read_Left_motor), (148 bytes).
    Removing myflash.o(i.Read_Right_motor), (156 bytes).
    Removing myflash.o(i.Read_Servo), (196 bytes).
    Removing myflash.o(i.Read_Speed), (100 bytes).
    Removing myflash.o(i.Save_Left_motor), (164 bytes).
    Removing myflash.o(i.Save_Right_motor), (172 bytes).
    Removing myflash.o(i.Save_Servo), (208 bytes).
    Removing myflash.o(i.Save_Speed), (132 bytes).
    Removing mpuiic.o(.rev16_text), (4 bytes).
    Removing mpuiic.o(.revsh_text), (4 bytes).
    Removing mpuiic.o(i.MPU_IIC_Ack), (54 bytes).
    Removing mpuiic.o(i.MPU_IIC_Delay), (2 bytes).
    Removing mpuiic.o(i.MPU_IIC_Init), (44 bytes).
    Removing mpuiic.o(i.MPU_IIC_NAck), (54 bytes).
    Removing mpuiic.o(i.MPU_IIC_Read_Byte), (96 bytes).
    Removing mpuiic.o(i.MPU_IIC_Send_Byte), (76 bytes).
    Removing mpuiic.o(i.MPU_IIC_Start), (54 bytes).
    Removing mpuiic.o(i.MPU_IIC_Stop), (54 bytes).
    Removing mpuiic.o(i.MPU_IIC_Wait_Ack), (76 bytes).
    Removing mpu6050.o(.rev16_text), (4 bytes).
    Removing mpu6050.o(.revsh_text), (4 bytes).
    Removing mpu6050.o(i.MPU_Get_Accelerometer), (78 bytes).
    Removing mpu6050.o(i.MPU_Get_Gyroscope), (78 bytes).
    Removing mpu6050.o(i.MPU_Get_Temperature), (104 bytes).
    Removing mpu6050.o(i.MPU_Init), (136 bytes).
    Removing mpu6050.o(i.MPU_Read_Byte), (58 bytes).
    Removing mpu6050.o(i.MPU_Read_Len), (108 bytes).
    Removing mpu6050.o(i.MPU_Set_Accel_Fsr), (16 bytes).
    Removing mpu6050.o(i.MPU_Set_Gyro_Fsr), (16 bytes).
    Removing mpu6050.o(i.MPU_Set_LPF), (58 bytes).
    Removing mpu6050.o(i.MPU_Set_Rate), (60 bytes).
    Removing mpu6050.o(i.MPU_Write_Byte), (72 bytes).
    Removing mpu6050.o(i.MPU_Write_Len), (94 bytes).
    Removing mpu6050.o(i.TestMPU6050), (30 bytes).
    Removing motor.o(.rev16_text), (4 bytes).
    Removing motor.o(.revsh_text), (4 bytes).
    Removing motor.o(i.motor_init), (64 bytes).
    Removing motor.o(i.motor_pid_caculate), (496 bytes).
    Removing motor.o(i.motor_set), (184 bytes).
    Removing sensor.o(.rev16_text), (4 bytes).
    Removing sensor.o(.revsh_text), (4 bytes).
    Removing sensor.o(i.ad_init), (36 bytes).
    Removing sensor.o(i.deal_sensor), (220 bytes).
    Removing sensor.o(i.find_max_ad), (72 bytes).
    Removing sensor.o(i.get_adc_int_value), (120 bytes).
    Removing sensor.o(i.update_1cm_error), (104 bytes).
    Removing sensor.o(.bss), (352 bytes).
    Removing sensor.o(.data), (12 bytes).
    Removing car_key.o(.rev16_text), (4 bytes).
    Removing car_key.o(.revsh_text), (4 bytes).
    Removing car_key.o(i.Key_Inquire_GD), (12 bytes).
    Removing car_key.o(i.Key_Inquire_data), (12 bytes).
    Removing control.o(.rev16_text), (4 bytes).
    Removing control.o(.revsh_text), (4 bytes).
    Removing control.o(i.control), (652 bytes).
    Removing control.o(i.servo_pid_caculate), (196 bytes).
    Removing control.o(i.speed_control), (416 bytes).
    Removing control.o(.data), (28 bytes).
    Removing encode.o(.rev16_text), (4 bytes).
    Removing encode.o(.revsh_text), (4 bytes).
    Removing bb.o(.rev16_text), (4 bytes).
    Removing bb.o(.revsh_text), (4 bytes).
    Removing bb.o(i.Bell_Cry), (36 bytes).
    Removing track.o(.rev16_text), (4 bytes).
    Removing track.o(.revsh_text), (4 bytes).
    Removing track.o(i.Track_Arbiter), (56 bytes).
    Removing me_math.o(i.Bubble_Sort_float_largen), (118 bytes).
    Removing me_math.o(i.Carmack), (80 bytes).
    Removing me_math.o(i.Data_Limit_Range_float), (40 bytes).
    Removing me_math.o(i.Data_Limit_Range_int16_t), (22 bytes).
    Removing me_math.o(i.Ln_TaylorExpansion), (152 bytes).
    Removing me_math.o(i.Me_fabs), (28 bytes).
    Removing me_math.o(i.NthRoot_by_Iteration), (140 bytes).
    Removing me_math.o(i.Slope_Calculate_Time), (210 bytes).
    Removing me_math.o(i.Slope_Calculate_XY), (300 bytes).
    Removing me_math.o(i.Sqrt_by_Carmack), (84 bytes).
    Removing me_math.o(.data), (4 bytes).
    Removing ano_dt.o(.rev16_text), (4 bytes).
    Removing ano_dt.o(.revsh_text), (4 bytes).
    Removing ano_dt.o(i.ANO_DT_Data_Exchange), (324 bytes).
    Removing ano_dt.o(i.ANO_DT_Data_Receive_Anl), (160 bytes).
    Removing ano_dt.o(i.ANO_DT_Send_Check), (68 bytes).
    Removing ano_dt.o(i.ANO_DT_Send_Data), (18 bytes).
    Removing ano_dt.o(i.ANO_DT_Send_MotoPWM), (304 bytes).
    Removing ano_dt.o(i.ANO_DT_Send_PID), (512 bytes).
    Removing ano_dt.o(i.ANO_DT_Send_Power), (148 bytes).
    Removing ano_dt.o(i.ANO_DT_Send_Senser), (372 bytes).
    Removing ano_dt.o(i.ANO_DT_Send_Status), (316 bytes).
    Removing ano_dt.o(.bss), (63 bytes).
    Removing ano_dt.o(.data), (6 bytes).
    Removing debug.o(.rev16_text), (4 bytes).
    Removing debug.o(.revsh_text), (4 bytes).
    Removing debug.o(i.vcan_sendware), (60 bytes).
    Removing myui.o(.rev16_text), (4 bytes).
    Removing myui.o(.revsh_text), (4 bytes).
    Removing myui.o(i.ChangeFlagVal), (44 bytes).
    Removing myui.o(i.ChangeParameterVal), (574 bytes).
    Removing myui.o(i.Change_Main_menu), (184 bytes).
    Removing myui.o(i.Change_UI), (152 bytes).
    Removing myui.o(i.ConfigParameterCore), (1132 bytes).
    Removing myui.o(i.Left_Motor_menu), (292 bytes).
    Removing myui.o(i.OLED_ConfigParameter), (76 bytes).
    Removing myui.o(i.Right_Motor_menu), (292 bytes).
    Removing myui.o(i.Servo_menu), (328 bytes).
    Removing myui.o(i.Show_Left_Motor_PID), (260 bytes).
    Removing myui.o(i.Show_Main_menu), (196 bytes).
    Removing myui.o(i.Show_Right_Motor_PID), (268 bytes).
    Removing myui.o(i.Show_Servo_PID), (356 bytes).
    Removing myui.o(i.Show_UI), (420 bytes).
    Removing myui.o(i.Show_speed), (372 bytes).
    Removing myui.o(i.Speed_menu), (388 bytes).
    Removing myui.o(i.show_8_L), (92 bytes).
    Removing myui.o(i.show_circle), (316 bytes).
    Removing myui.o(i.show_one_sensor), (112 bytes).
    Removing myui.o(i.show_run_time), (160 bytes).
    Removing myui.o(i.show_sensor), (348 bytes).
    Removing myui.o(.data), (7 bytes).
    Removing isr.o(.rev16_text), (4 bytes).
    Removing isr.o(.revsh_text), (4 bytes).
    Removing main.o(.rev16_text), (4 bytes).
    Removing main.o(.revsh_text), (4 bytes).
    Removing fadd.o(.text), (178 bytes).
    Removing fmul.o(.text), (122 bytes).
    Removing fdiv.o(.text), (124 bytes).
    Removing fflti.o(.text), (22 bytes).
    Removing ffltui.o(.text), (14 bytes).
    Removing dflti.o(.text), (40 bytes).
    Removing dfltui.o(.text), (28 bytes).
    Removing ffixi.o(.text), (50 bytes).
    Removing ffixui.o(.text), (40 bytes).
    Removing dfixi.o(.text), (72 bytes).
    Removing dfixui.o(.text), (60 bytes).
    Removing f2d.o(.text), (40 bytes).
    Removing d2f.o(.text), (56 bytes).
    Removing cfcmple.o(.text), (20 bytes).
    Removing cfrcmple.o(.text), (20 bytes).
    Removing fepilogue.o(.text), (130 bytes).

243 unused section(s) (total 25458 bytes) removed from the image.

==============================================================================

Image Symbol Table

    Local Symbols

    Symbol Name                              Value     Ov Type        Size  Object(Section)

    RESET                                    0x00000000   Section      192  startup_skeaz1284.o(RESET)
    ../clib/microlib/division.c              0x00000000   Number         0  uldiv.o ABSOLUTE
    ../clib/microlib/division.c              0x00000000   Number         0  uidiv.o ABSOLUTE
    ../clib/microlib/division.c              0x00000000   Number         0  idiv.o ABSOLUTE
    ../clib/microlib/init/entry.s            0x00000000   Number         0  entry9b.o ABSOLUTE
    ../clib/microlib/init/entry.s            0x00000000   Number         0  entry8b.o ABSOLUTE
    ../clib/microlib/init/entry.s            0x00000000   Number         0  entry10a.o ABSOLUTE
    ../clib/microlib/init/entry.s            0x00000000   Number         0  entry5.o ABSOLUTE
    ../clib/microlib/init/entry.s            0x00000000   Number         0  entry11a.o ABSOLUTE
    ../clib/microlib/init/entry.s            0x00000000   Number         0  entry7b.o ABSOLUTE
    ../clib/microlib/init/entry.s            0x00000000   Number         0  entry7a.o ABSOLUTE
    ../clib/microlib/init/entry.s            0x00000000   Number         0  entry10b.o ABSOLUTE
    ../clib/microlib/init/entry.s            0x00000000   Number         0  entry8a.o ABSOLUTE
    ../clib/microlib/init/entry.s            0x00000000   Number         0  entry11b.o ABSOLUTE
    ../clib/microlib/init/entry.s            0x00000000   Number         0  entry.o ABSOLUTE
    ../clib/microlib/init/entry.s            0x00000000   Number         0  entry2.o ABSOLUTE
    ../clib/microlib/init/entry.s            0x00000000   Number         0  entry9a.o ABSOLUTE
    ../clib/microlib/longlong.c              0x00000000   Number         0  llushr.o ABSOLUTE
    ../clib/microlib/longlong.c              0x00000000   Number         0  llsshr.o ABSOLUTE
    ../clib/microlib/longlong.c              0x00000000   Number         0  llshl.o ABSOLUTE
    ../clib/microlib/printf/printf.c         0x00000000   Number         0  printf7.o ABSOLUTE
    ../clib/microlib/printf/printf.c         0x00000000   Number         0  printf8.o ABSOLUTE
    ../clib/microlib/printf/printf.c         0x00000000   Number         0  printfa.o ABSOLUTE
    ../clib/microlib/printf/printf.c         0x00000000   Number         0  printf1.o ABSOLUTE
    ../clib/microlib/printf/printf.c         0x00000000   Number         0  printf0.o ABSOLUTE
    ../clib/microlib/printf/printf.c         0x00000000   Number         0  printf5.o ABSOLUTE
    ../clib/microlib/printf/printf.c         0x00000000   Number         0  printf4.o ABSOLUTE
    ../clib/microlib/printf/printf.c         0x00000000   Number         0  printfb.o ABSOLUTE
    ../clib/microlib/printf/printf.c         0x00000000   Number         0  printf3.o ABSOLUTE
    ../clib/microlib/printf/printf.c         0x00000000   Number         0  printf2.o ABSOLUTE
    ../clib/microlib/printf/printf.c         0x00000000   Number         0  printf6.o ABSOLUTE
    ../clib/microlib/printf/stubs.s          0x00000000   Number         0  stubs.o ABSOLUTE
    ../clib/microlib/stdio/streams.c         0x00000000   Number         0  stdout.o ABSOLUTE
    ../clib/microlib/string/memcpy.c         0x00000000   Number         0  memcpyb.o ABSOLUTE
    ../clib/microlib/string/memcpy.c         0x00000000   Number         0  memcpya.o ABSOLUTE
    ../clib/microlib/string/memset.c         0x00000000   Number         0  memseta.o ABSOLUTE
    ../clib/microlib/stubs.s                 0x00000000   Number         0  iusefp.o ABSOLUTE
    ../fplib/microlib/d2f.c                  0x00000000   Number         0  d2f.o ABSOLUTE
    ../fplib/microlib/f2d.c                  0x00000000   Number         0  f2d.o ABSOLUTE
    ../fplib/microlib/fpadd.c                0x00000000   Number         0  fadd.o ABSOLUTE
    ../fplib/microlib/fpadd.c                0x00000000   Number         0  dadd.o ABSOLUTE
    ../fplib/microlib/fpdiv.c                0x00000000   Number         0  ddiv.o ABSOLUTE
    ../fplib/microlib/fpdiv.c                0x00000000   Number         0  fdiv.o ABSOLUTE
    ../fplib/microlib/fpepilogue.c           0x00000000   Number         0  depilogue.o ABSOLUTE
    ../fplib/microlib/fpepilogue.c           0x00000000   Number         0  fepilogue.o ABSOLUTE
    ../fplib/microlib/fpfix.c                0x00000000   Number         0  ffixui.o ABSOLUTE
    ../fplib/microlib/fpfix.c                0x00000000   Number         0  ffixi.o ABSOLUTE
    ../fplib/microlib/fpfix.c                0x00000000   Number         0  dfixi.o ABSOLUTE
    ../fplib/microlib/fpfix.c                0x00000000   Number         0  dfixui.o ABSOLUTE
    ../fplib/microlib/fpfix.c                0x00000000   Number         0  dfixul.o ABSOLUTE
    ../fplib/microlib/fpflt.c                0x00000000   Number         0  fflti.o ABSOLUTE
    ../fplib/microlib/fpflt.c                0x00000000   Number         0  dfltui.o ABSOLUTE
    ../fplib/microlib/fpflt.c                0x00000000   Number         0  dflti.o ABSOLUTE
    ../fplib/microlib/fpflt.c                0x00000000   Number         0  ffltui.o ABSOLUTE
    ../fplib/microlib/fpmul.c                0x00000000   Number         0  fmul.o ABSOLUTE
    ../fplib/microlib/fpmul.c                0x00000000   Number         0  dmul.o ABSOLUTE
    ..\..\..\software\Car\BB.c               0x00000000   Number         0  bb.o ABSOLUTE
    ..\..\..\software\Car\Car_Key.c          0x00000000   Number         0  car_key.o ABSOLUTE
    ..\..\..\software\Car\Debug.c            0x00000000   Number         0  debug.o ABSOLUTE
    ..\..\..\software\Car\Me_Math.c          0x00000000   Number         0  me_math.o ABSOLUTE
    ..\..\..\software\Car\control.c          0x00000000   Number         0  control.o ABSOLUTE
    ..\..\..\software\Car\encode.c           0x00000000   Number         0  encode.o ABSOLUTE
    ..\..\..\software\Car\motor.c            0x00000000   Number         0  motor.o ABSOLUTE
    ..\..\..\software\Car\sensor.c           0x00000000   Number         0  sensor.o ABSOLUTE
    ..\..\..\software\Car\track.c            0x00000000   Number         0  track.o ABSOLUTE
    ..\..\..\software\Debug\ANO_DT.c         0x00000000   Number         0  ano_dt.o ABSOLUTE
    ..\..\..\software\Debug\MYUI.c           0x00000000   Number         0  myui.o ABSOLUTE
    ..\..\..\software\Debug\UI.c             0x00000000   Number         0  ui.o ABSOLUTE
    ..\..\..\software\Libraries\drives\src\KEA128_adc.c 0x00000000   Number         0  kea128_adc.o ABSOLUTE
    ..\..\..\software\Libraries\drives\src\KEA128_flash.c 0x00000000   Number         0  kea128_flash.o ABSOLUTE
    ..\..\..\software\Libraries\drives\src\KEA128_ftm.c 0x00000000   Number         0  kea128_ftm.o ABSOLUTE
    ..\..\..\software\Libraries\drives\src\KEA128_gpio.c 0x00000000   Number         0  kea128_gpio.o ABSOLUTE
    ..\..\..\software\Libraries\drives\src\KEA128_i2c.c 0x00000000   Number         0  kea128_i2c.o ABSOLUTE
    ..\..\..\software\Libraries\drives\src\KEA128_irq.c 0x00000000   Number         0  kea128_irq.o ABSOLUTE
    ..\..\..\software\Libraries\drives\src\KEA128_kbi.c 0x00000000   Number         0  kea128_kbi.o ABSOLUTE
    ..\..\..\software\Libraries\drives\src\KEA128_pit.c 0x00000000   Number         0  kea128_pit.o ABSOLUTE
    ..\..\..\software\Libraries\drives\src\KEA128_port.c 0x00000000   Number         0  kea128_port.o ABSOLUTE
    ..\..\..\software\Libraries\drives\src\KEA128_spi.c 0x00000000   Number         0  kea128_spi.o ABSOLUTE
    ..\..\..\software\Libraries\drives\src\KEA128_systick.c 0x00000000   Number         0  kea128_systick.o ABSOLUTE
    ..\..\..\software\Libraries\drives\src\KEA128_uart.c 0x00000000   Number         0  kea128_uart.o ABSOLUTE
    ..\..\..\software\Libraries\drives\src\common.c 0x00000000   Number         0  common.o ABSOLUTE
    ..\..\..\software\Libraries\drives\src\misc.c 0x00000000   Number         0  misc.o ABSOLUTE
    ..\..\..\software\Libraries\startup\DeviceSupport\MDK-ARM\startup_SKEAZ1284.s 0x00000000   Number         0  startup_skeaz1284.o ABSOLUTE
    ..\..\..\software\Libraries\startup\DeviceSupport\system_SKEAZ1284.c 0x00000000   Number         0  system_skeaz1284.o ABSOLUTE
    ..\..\..\software\Module\MPU6050.c       0x00000000   Number         0  mpu6050.o ABSOLUTE
    ..\..\..\software\Module\MPUIIC.c        0x00000000   Number         0  mpuiic.o ABSOLUTE
    ..\..\..\software\Module\Myflash.c       0x00000000   Number         0  myflash.o ABSOLUTE
    ..\..\..\software\Module\OLED.c          0x00000000   Number         0  oled.o ABSOLUTE
    ..\USER\src\isr.c                        0x00000000   Number         0  isr.o ABSOLUTE
    ..\USER\src\main.c                       0x00000000   Number         0  main.o ABSOLUTE
    ..\\..\\..\\software\\Car\\BB.c          0x00000000   Number         0  bb.o ABSOLUTE
    ..\\..\\..\\software\\Car\\Car_Key.c     0x00000000   Number         0  car_key.o ABSOLUTE
    ..\\..\\..\\software\\Car\\Debug.c       0x00000000   Number         0  debug.o ABSOLUTE
    ..\\..\\..\\software\\Car\\control.c     0x00000000   Number         0  control.o ABSOLUTE
    ..\\..\\..\\software\\Car\\encode.c      0x00000000   Number         0  encode.o ABSOLUTE
    ..\\..\\..\\software\\Car\\motor.c       0x00000000   Number         0  motor.o ABSOLUTE
    ..\\..\\..\\software\\Car\\sensor.c      0x00000000   Number         0  sensor.o ABSOLUTE
    ..\\..\\..\\software\\Car\\track.c       0x00000000   Number         0  track.o ABSOLUTE
    ..\\..\\..\\software\\Debug\\ANO_DT.c    0x00000000   Number         0  ano_dt.o ABSOLUTE
    ..\\..\\..\\software\\Debug\\MYUI.c      0x00000000   Number         0  myui.o ABSOLUTE
    ..\\..\\..\\software\\Libraries\\drives\\src\\KEA128_adc.c 0x00000000   Number         0  kea128_adc.o ABSOLUTE
    ..\\..\\..\\software\\Libraries\\drives\\src\\KEA128_flash.c 0x00000000   Number         0  kea128_flash.o ABSOLUTE
    ..\\..\\..\\software\\Libraries\\drives\\src\\KEA128_ftm.c 0x00000000   Number         0  kea128_ftm.o ABSOLUTE
    ..\\..\\..\\software\\Libraries\\drives\\src\\KEA128_gpio.c 0x00000000   Number         0  kea128_gpio.o ABSOLUTE
    ..\\..\\..\\software\\Libraries\\drives\\src\\KEA128_i2c.c 0x00000000   Number         0  kea128_i2c.o ABSOLUTE
    ..\\..\\..\\software\\Libraries\\drives\\src\\KEA128_irq.c 0x00000000   Number         0  kea128_irq.o ABSOLUTE
    ..\\..\\..\\software\\Libraries\\drives\\src\\KEA128_kbi.c 0x00000000   Number         0  kea128_kbi.o ABSOLUTE
    ..\\..\\..\\software\\Libraries\\drives\\src\\KEA128_pit.c 0x00000000   Number         0  kea128_pit.o ABSOLUTE
    ..\\..\\..\\software\\Libraries\\drives\\src\\KEA128_port.c 0x00000000   Number         0  kea128_port.o ABSOLUTE
    ..\\..\\..\\software\\Libraries\\drives\\src\\KEA128_spi.c 0x00000000   Number         0  kea128_spi.o ABSOLUTE
    ..\\..\\..\\software\\Libraries\\drives\\src\\KEA128_systick.c 0x00000000   Number         0  kea128_systick.o ABSOLUTE
    ..\\..\\..\\software\\Libraries\\drives\\src\\KEA128_uart.c 0x00000000   Number         0  kea128_uart.o ABSOLUTE
    ..\\..\\..\\software\\Libraries\\drives\\src\\common.c 0x00000000   Number         0  common.o ABSOLUTE
    ..\\..\\..\\software\\Libraries\\drives\\src\\misc.c 0x00000000   Number         0  misc.o ABSOLUTE
    ..\\..\\..\\software\\Libraries\\startup\\DeviceSupport\\system_SKEAZ1284.c 0x00000000   Number         0  system_skeaz1284.o ABSOLUTE
    ..\\..\\..\\software\\Module\\MPU6050.c  0x00000000   Number         0  mpu6050.o ABSOLUTE
    ..\\..\\..\\software\\Module\\MPUIIC.c   0x00000000   Number         0  mpuiic.o ABSOLUTE
    ..\\..\\..\\software\\Module\\Myflash.c  0x00000000   Number         0  myflash.o ABSOLUTE
    ..\\..\\..\\software\\Module\\OLED.c     0x00000000   Number         0  oled.o ABSOLUTE
    ..\\USER\\src\\isr.c                     0x00000000   Number         0  isr.o ABSOLUTE
    ..\\USER\\src\\main.c                    0x00000000   Number         0  main.o ABSOLUTE
    cdrcmple.s                               0x00000000   Number         0  cdrcmple.o ABSOLUTE
    cfcmple.s                                0x00000000   Number         0  cfcmple.o ABSOLUTE
    cfrcmple.s                               0x00000000   Number         0  cfrcmple.o ABSOLUTE
    dc.s                                     0x00000000   Number         0  dc.o ABSOLUTE
    handlers.s                               0x00000000   Number         0  handlers.o ABSOLUTE
    init.s                                   0x00000000   Number         0  init.o ABSOLUTE
    .ARM.Collect$$$$00000000                 0x000000c0   Section        0  entry.o(.ARM.Collect$$$$00000000)
    .ARM.Collect$$$$00000001                 0x000000c0   Section        4  entry2.o(.ARM.Collect$$$$00000001)
    .ARM.Collect$$$$00000004                 0x000000c4   Section        4  entry5.o(.ARM.Collect$$$$00000004)
    .ARM.Collect$$$$00000008                 0x000000c8   Section        0  entry7b.o(.ARM.Collect$$$$00000008)
    .ARM.Collect$$$$0000000A                 0x000000c8   Section        0  entry8b.o(.ARM.Collect$$$$0000000A)
    .ARM.Collect$$$$0000000B                 0x000000c8   Section        8  entry9a.o(.ARM.Collect$$$$0000000B)
    .ARM.Collect$$$$0000000D                 0x000000d0   Section        0  entry10a.o(.ARM.Collect$$$$0000000D)
    .ARM.Collect$$$$0000000F                 0x000000d0   Section        0  entry11a.o(.ARM.Collect$$$$0000000F)
    .ARM.Collect$$$$00002712                 0x000000d0   Section        4  entry2.o(.ARM.Collect$$$$00002712)
    __lit__00000000                          0x000000d0   Data           4  entry2.o(.ARM.Collect$$$$00002712)
    .text                                    0x000000d4   Section       40  startup_skeaz1284.o(.text)
    .text                                    0x000000fc   Section        0  uidiv.o(.text)
    .text                                    0x00000128   Section        0  idiv.o(.text)
    .text                                    0x00000150   Section        0  memcpya.o(.text)
    .text                                    0x00000174   Section        0  memseta.o(.text)
    .text                                    0x00000198   Section        0  dadd.o(.text)
    .text                                    0x000002fc   Section        0  dmul.o(.text)
    .text                                    0x000003cc   Section       40  cdrcmple.o(.text)
    .text                                    0x000003f4   Section        0  iusefp.o(.text)
    i.__scatterload_null                     0x000003f4   Section        2  handlers.o(i.__scatterload_null)
    i._sputc                                 0x000003f6   Section        0  printfa.o(i._sputc)
    _sputc                                   0x000003f7   Thumb Code    10  printfa.o(i._sputc)
    .ARM.__at_0x400                          0x00000400   Section       16  startup_skeaz1284.o(.ARM.__at_0x400)
    .text                                    0x00000410   Section        0  ddiv.o(.text)
    .text                                    0x00000500   Section        0  uldiv.o(.text)
    .text                                    0x00000560   Section        0  llshl.o(.text)
    .text                                    0x00000580   Section        0  llushr.o(.text)
    .text                                    0x000005a2   Section        0  llsshr.o(.text)
    .text                                    0x000005c8   Section        0  depilogue.o(.text)
    .text                                    0x00000688   Section        0  dfixul.o(.text)
    .text                                    0x000006c8   Section       36  init.o(.text)
    i.Bell_Play                              0x000006ec   Section        0  bb.o(i.Bell_Play)
    i.Cache_OLED_P6x8Num                     0x00000780   Section        0  oled.o(i.Cache_OLED_P6x8Num)
    i.Cache_OLED_P6x8Str                     0x000007f0   Section        0  oled.o(i.Cache_OLED_P6x8Str)
    i.Cache_OLED_Set_Pos                     0x0000084c   Section        0  oled.o(i.Cache_OLED_Set_Pos)
    i.Cache_OLED_WriteData                   0x00000860   Section        0  oled.o(i.Cache_OLED_WriteData)
    i.Cache_OLED_printf                      0x000008ac   Section        0  oled.o(i.Cache_OLED_printf)
    i.Cache_Update_OLED                      0x000008e8   Section        0  oled.o(i.Cache_Update_OLED)
    i.Car_Gather_Data_Key                    0x00000928   Section        0  car_key.o(i.Car_Gather_Data_Key)
    i.IRQ_IRQHandler                         0x00000aa4   Section        0  isr.o(i.IRQ_IRQHandler)
    i.KBI0_IRQHandler                        0x00000ab8   Section        0  isr.o(i.KBI0_IRQHandler)
    i.Key_Message_Init                       0x00000acc   Section        0  car_key.o(i.Key_Message_Init)
    i.NVIC_EnableIRQ                         0x00000c94   Section        0  main.o(i.NVIC_EnableIRQ)
    NVIC_EnableIRQ                           0x00000c95   Thumb Code    14  main.o(i.NVIC_EnableIRQ)
    i.NVIC_SetPriority                       0x00000ca8   Section        0  main.o(i.NVIC_SetPriority)
    NVIC_SetPriority                         0x00000ca9   Thumb Code   110  main.o(i.NVIC_SetPriority)
    i.OLED_DLY_ms                            0x00000d20   Section        0  oled.o(i.OLED_DLY_ms)
    OLED_DLY_ms                              0x00000d21   Thumb Code    26  oled.o(i.OLED_DLY_ms)
    i.OLED_Fill                              0x00000d40   Section        0  oled.o(i.OLED_Fill)
    i.OLED_Init                              0x00000d7a   Section        0  oled.o(i.OLED_Init)
    i.OLED_Set_Pos                           0x00000e9c   Section        0  oled.o(i.OLED_Set_Pos)
    OLED_Set_Pos                             0x00000e9d   Thumb Code    46  oled.o(i.OLED_Set_Pos)
    i.OLED_WriteCmd                          0x00000eca   Section        0  oled.o(i.OLED_WriteCmd)
    OLED_WriteCmd                            0x00000ecb   Thumb Code    82  oled.o(i.OLED_WriteCmd)
    i.OLED_WriteData                         0x00000f1c   Section        0  oled.o(i.OLED_WriteData)
    OLED_WriteData                           0x00000f1d   Thumb Code    82  oled.o(i.OLED_WriteData)
    i.PIT_CH0_IRQHandler                     0x00000f70   Section        0  isr.o(i.PIT_CH0_IRQHandler)
    i.PIT_CH1_IRQHandler                     0x0000102c   Section        0  isr.o(i.PIT_CH1_IRQHandler)
    i.Start                                  0x00001040   Section        0  system_skeaz1284.o(i.Start)
    i.__0sprintf                             0x00001098   Section        0  printfa.o(i.__0sprintf)
    i.__0vsprintf                            0x000010c0   Section        0  printfa.o(i.__0vsprintf)
    i.__ARM_clz                              0x000010e4   Section        0  depilogue.o(i.__ARM_clz)
    i.__ARM_common_switch8                   0x00001112   Section        0  kea128_ftm.o(i.__ARM_common_switch8)
    i.__scatterload_copy                     0x0000112e   Section       14  handlers.o(i.__scatterload_copy)
    i.__scatterload_zeroinit                 0x0000113c   Section       14  handlers.o(i.__scatterload_zeroinit)
    i._fp_digits                             0x0000114c   Section        0  printfa.o(i._fp_digits)
    _fp_digits                               0x0000114d   Thumb Code   344  printfa.o(i._fp_digits)
    i._printf_core                           0x000012c0   Section        0  printfa.o(i._printf_core)
    _printf_core                             0x000012c1   Thumb Code  1754  printfa.o(i._printf_core)
    i._printf_post_padding                   0x000019ac   Section        0  printfa.o(i._printf_post_padding)
    _printf_post_padding                     0x000019ad   Thumb Code    32  printfa.o(i._printf_post_padding)
    i._printf_pre_padding                    0x000019cc   Section        0  printfa.o(i._printf_pre_padding)
    _printf_pre_padding                      0x000019cd   Thumb Code    44  printfa.o(i._printf_pre_padding)
    i.disable_wdog                           0x000019f8   Section        0  system_skeaz1284.o(i.disable_wdog)
    i.encode_init                            0x00001a10   Section        0  encode.o(i.encode_init)
    i.ftm_count_clean                        0x00001a40   Section        0  kea128_ftm.o(i.ftm_count_clean)
    i.ftm_count_get                          0x00001a50   Section        0  kea128_ftm.o(i.ftm_count_get)
    i.ftm_count_init                         0x00001a64   Section        0  kea128_ftm.o(i.ftm_count_init)
    i.ftm_count_mux                          0x00001aa0   Section        0  kea128_ftm.o(i.ftm_count_mux)
    i.get_clk                                0x00001b50   Section        0  common.o(i.get_clk)
    i.get_num                                0x00001c10   Section        0  encode.o(i.get_num)
    i.gpio_get                               0x00001c74   Section        0  kea128_gpio.o(i.gpio_get)
    i.gpio_init                              0x00001ca0   Section        0  kea128_gpio.o(i.gpio_init)
    i.gpio_set                               0x00001d7c   Section        0  kea128_gpio.o(i.gpio_set)
    i.gpio_turn                              0x00001dc4   Section        0  kea128_gpio.o(i.gpio_turn)
    i.main                                   0x00001df8   Section        0  main.o(i.main)
    i.pit_close                              0x00001f20   Section        0  kea128_pit.o(i.pit_close)
    i.pit_init                               0x00001f50   Section        0  kea128_pit.o(i.pit_init)
    i.pit_time_get                           0x00001fa8   Section        0  kea128_pit.o(i.pit_time_get)
    i.pit_time_start                         0x00002000   Section        0  kea128_pit.o(i.pit_time_start)
    i.port_pull                              0x00002058   Section        0  kea128_port.o(i.port_pull)
    i.time_10ms_serve                        0x000020a8   Section        0  main.o(i.time_10ms_serve)
    i.time_20ms_serve                        0x000020d4   Section        0  main.o(i.time_20ms_serve)
    .constdata                               0x000020e0   Section       22  common.o(.constdata)
    .constdata                               0x000020f8   Section       12  kea128_ftm.o(.constdata)
    FTMX                                     0x000020f8   Data          12  kea128_ftm.o(.constdata)
    .constdata                               0x00002104   Section       12  kea128_gpio.o(.constdata)
    GPIOX                                    0x00002104   Data          12  kea128_gpio.o(.constdata)
    .constdata                               0x00002110   Section     3283  oled.o(.constdata)
    .data                                    0x20000000   Section       16  common.o(.data)
    .data                                    0x20000010   Section        2  oled.o(.data)
    .data                                    0x20000012   Section       12  car_key.o(.data)
    .data                                    0x2000001e   Section        4  encode.o(.data)
    .data                                    0x20000022   Section        8  bb.o(.data)
    .data                                    0x2000002a   Section        1  isr.o(.data)
    part                                     0x2000002a   Data           1  isr.o(.data)
    .data                                    0x2000002c   Section       56  main.o(.data)
    .bss                                     0x20000064   Section     1024  oled.o(.bss)
    .bss                                     0x20000464   Section       12  car_key.o(.bss)
    .bss                                     0x20000470   Section      516  control.o(.bss)
    out                                      0x20000660   Data          20  control.o(.bss)
    STACK                                    0x20000678   Section     4096  startup_skeaz1284.o(STACK)

    Global Symbols

    Symbol Name                              Value     Ov Type        Size  Object(Section)

    BuildAttributes$$THM_ISAv3M$S$PE$A:L22$X:L11$S22$IEEE1$IW$USESV6$~STKCKD$USESV7$~SHL$OTIME$ROPI$EBA8$MICROLIB$REQ8$PRES8$EABIv2 0x00000000   Number         0  anon$$obj.o ABSOLUTE
    __ARM_use_no_argv                        0x00000000   Number         0  main.o ABSOLUTE
    __Vectors                                0x00000000   Data           4  startup_skeaz1284.o(RESET)
    _printf_a                                0x00000000   Number         0  stubs.o ABSOLUTE
    _printf_c                                0x00000000   Number         0  stubs.o ABSOLUTE
    _printf_charcount                        0x00000000   Number         0  stubs.o ABSOLUTE
    _printf_d                                0x00000000   Number         0  stubs.o ABSOLUTE
    _printf_e                                0x00000000   Number         0  stubs.o ABSOLUTE
    _printf_f                                0x00000000   Number         0  stubs.o ABSOLUTE
    _printf_flags                            0x00000000   Number         0  stubs.o ABSOLUTE
    _printf_fp_dec                           0x00000000   Number         0  stubs.o ABSOLUTE
    _printf_fp_hex                           0x00000000   Number         0  stubs.o ABSOLUTE
    _printf_g                                0x00000000   Number         0  stubs.o ABSOLUTE
    _printf_i                                0x00000000   Number         0  stubs.o ABSOLUTE
    _printf_int_dec                          0x00000000   Number         0  stubs.o ABSOLUTE
    _printf_l                                0x00000000   Number         0  stubs.o ABSOLUTE
    _printf_lc                               0x00000000   Number         0  stubs.o ABSOLUTE
    _printf_ll                               0x00000000   Number         0  stubs.o ABSOLUTE
    _printf_lld                              0x00000000   Number         0  stubs.o ABSOLUTE
    _printf_lli                              0x00000000   Number         0  stubs.o ABSOLUTE
    _printf_llo                              0x00000000   Number         0  stubs.o ABSOLUTE
    _printf_llu                              0x00000000   Number         0  stubs.o ABSOLUTE
    _printf_llx                              0x00000000   Number         0  stubs.o ABSOLUTE
    _printf_longlong_dec                     0x00000000   Number         0  stubs.o ABSOLUTE
    _printf_longlong_hex                     0x00000000   Number         0  stubs.o ABSOLUTE
    _printf_longlong_oct                     0x00000000   Number         0  stubs.o ABSOLUTE
    _printf_ls                               0x00000000   Number         0  stubs.o ABSOLUTE
    _printf_mbtowc                           0x00000000   Number         0  stubs.o ABSOLUTE
    _printf_n                                0x00000000   Number         0  stubs.o ABSOLUTE
    _printf_o                                0x00000000   Number         0  stubs.o ABSOLUTE
    _printf_p                                0x00000000   Number         0  stubs.o ABSOLUTE
    _printf_percent                          0x00000000   Number         0  stubs.o ABSOLUTE
    _printf_pre_padding                      0x00000000   Number         0  stubs.o ABSOLUTE
    _printf_return_value                     0x00000000   Number         0  stubs.o ABSOLUTE
    _printf_s                                0x00000000   Number         0  stubs.o ABSOLUTE
    _printf_sizespec                         0x00000000   Number         0  stubs.o ABSOLUTE
    _printf_str                              0x00000000   Number         0  stubs.o ABSOLUTE
    _printf_truncate_signed                  0x00000000   Number         0  stubs.o ABSOLUTE
    _printf_truncate_unsigned                0x00000000   Number         0  stubs.o ABSOLUTE
    _printf_u                                0x00000000   Number         0  stubs.o ABSOLUTE
    _printf_wc                               0x00000000   Number         0  stubs.o ABSOLUTE
    _printf_wctomb                           0x00000000   Number         0  stubs.o ABSOLUTE
    _printf_widthprec                        0x00000000   Number         0  stubs.o ABSOLUTE
    _printf_x                                0x00000000   Number         0  stubs.o ABSOLUTE
    __cpp_initialize__aeabi_                  - Undefined Weak Reference
    __cxa_finalize                            - Undefined Weak Reference
    __decompress                              - Undefined Weak Reference
    _clock_init                               - Undefined Weak Reference
    _microlib_exit                            - Undefined Weak Reference
    __Vectors_End                            0x000000c0   Data           0  startup_skeaz1284.o(RESET)
    __Vectors_Size                           0x000000c0   Number         0  startup_skeaz1284.o ABSOLUTE
    __main                                   0x000000c1   Thumb Code     0  entry.o(.ARM.Collect$$$$00000000)
    _main_stk                                0x000000c1   Thumb Code     0  entry2.o(.ARM.Collect$$$$00000001)
    _main_scatterload                        0x000000c5   Thumb Code     0  entry5.o(.ARM.Collect$$$$00000004)
    __main_after_scatterload                 0x000000c9   Thumb Code     0  entry5.o(.ARM.Collect$$$$00000004)
    _main_clock                              0x000000c9   Thumb Code     0  entry7b.o(.ARM.Collect$$$$00000008)
    _main_cpp_init                           0x000000c9   Thumb Code     0  entry8b.o(.ARM.Collect$$$$0000000A)
    _main_init                               0x000000c9   Thumb Code     0  entry9a.o(.ARM.Collect$$$$0000000B)
    __rt_final_cpp                           0x000000d1   Thumb Code     0  entry10a.o(.ARM.Collect$$$$0000000D)
    __rt_final_exit                          0x000000d1   Thumb Code     0  entry11a.o(.ARM.Collect$$$$0000000F)
    init_data_bss                            0x000000d5   Thumb Code     2  startup_skeaz1284.o(.text)
    Reset_Handler                            0x000000d7   Thumb Code    12  startup_skeaz1284.o(.text)
    NMI_Handler                              0x000000e3   Thumb Code     2  startup_skeaz1284.o(.text)
    HardFault_Handler                        0x000000e5   Thumb Code     2  startup_skeaz1284.o(.text)
    SVC_Handler                              0x000000e7   Thumb Code     2  startup_skeaz1284.o(.text)
    PendSV_Handler                           0x000000e9   Thumb Code     2  startup_skeaz1284.o(.text)
    SysTick_Handler                          0x000000eb   Thumb Code     2  startup_skeaz1284.o(.text)
    ACMP0_IRQHandler                         0x000000ed   Thumb Code     0  startup_skeaz1284.o(.text)
    ACMP1_IRQHandler                         0x000000ed   Thumb Code     0  startup_skeaz1284.o(.text)
    ADC_IRQHandler                           0x000000ed   Thumb Code     0  startup_skeaz1284.o(.text)
    DefaultISR                               0x000000ed   Thumb Code     0  startup_skeaz1284.o(.text)
    FTM0_IRQHandler                          0x000000ed   Thumb Code     0  startup_skeaz1284.o(.text)
    FTM1_IRQHandler                          0x000000ed   Thumb Code     0  startup_skeaz1284.o(.text)
    FTM2_IRQHandler                          0x000000ed   Thumb Code     0  startup_skeaz1284.o(.text)
    FTMRE_IRQHandler                         0x000000ed   Thumb Code     0  startup_skeaz1284.o(.text)
    I2C0_IRQHandler                          0x000000ed   Thumb Code     0  startup_skeaz1284.o(.text)
    I2C1_IRQHandler                          0x000000ed   Thumb Code     0  startup_skeaz1284.o(.text)
    ICS_IRQHandler                           0x000000ed   Thumb Code     0  startup_skeaz1284.o(.text)
    KBI1_IRQHandler                          0x000000ed   Thumb Code     0  startup_skeaz1284.o(.text)
    MSCAN_RX_IRQHandler                      0x000000ed   Thumb Code     0  startup_skeaz1284.o(.text)
    MSCAN_TX_IRQHandler                      0x000000ed   Thumb Code     0  startup_skeaz1284.o(.text)
    PMC_IRQHandler                           0x000000ed   Thumb Code     0  startup_skeaz1284.o(.text)
    PWT_IRQHandler                           0x000000ed   Thumb Code     0  startup_skeaz1284.o(.text)
    RTC_IRQHandler                           0x000000ed   Thumb Code     0  startup_skeaz1284.o(.text)
    Reserved16_IRQHandler                    0x000000ed   Thumb Code     0  startup_skeaz1284.o(.text)
    Reserved17_IRQHandler                    0x000000ed   Thumb Code     0  startup_skeaz1284.o(.text)
    Reserved18_IRQHandler                    0x000000ed   Thumb Code     0  startup_skeaz1284.o(.text)
    Reserved19_IRQHandler                    0x000000ed   Thumb Code     0  startup_skeaz1284.o(.text)
    Reserved20_IRQHandler                    0x000000ed   Thumb Code     0  startup_skeaz1284.o(.text)
    Reserved42_IRQHandler                    0x000000ed   Thumb Code     0  startup_skeaz1284.o(.text)
    SPI0_IRQHandler                          0x000000ed   Thumb Code     0  startup_skeaz1284.o(.text)
    SPI1_IRQHandler                          0x000000ed   Thumb Code     0  startup_skeaz1284.o(.text)
    UART0_IRQHandler                         0x000000ed   Thumb Code     0  startup_skeaz1284.o(.text)
    UART1_IRQHandler                         0x000000ed   Thumb Code     0  startup_skeaz1284.o(.text)
    UART2_IRQHandler                         0x000000ed   Thumb Code     0  startup_skeaz1284.o(.text)
    WDOG_IRQHandler                          0x000000ed   Thumb Code     0  startup_skeaz1284.o(.text)
    __aeabi_uidiv                            0x000000fd   Thumb Code     0  uidiv.o(.text)
    __aeabi_uidivmod                         0x000000fd   Thumb Code    44  uidiv.o(.text)
    __aeabi_idiv                             0x00000129   Thumb Code     0  idiv.o(.text)
    __aeabi_idivmod                          0x00000129   Thumb Code    40  idiv.o(.text)
    __aeabi_memcpy                           0x00000151   Thumb Code    36  memcpya.o(.text)
    __aeabi_memcpy4                          0x00000151   Thumb Code     0  memcpya.o(.text)
    __aeabi_memcpy8                          0x00000151   Thumb Code     0  memcpya.o(.text)
    __aeabi_memset                           0x00000175   Thumb Code    14  memseta.o(.text)
    __aeabi_memset4                          0x00000175   Thumb Code     0  memseta.o(.text)
    __aeabi_memset8                          0x00000175   Thumb Code     0  memseta.o(.text)
    __aeabi_memclr                           0x00000183   Thumb Code     4  memseta.o(.text)
    __aeabi_memclr4                          0x00000183   Thumb Code     0  memseta.o(.text)
    __aeabi_memclr8                          0x00000183   Thumb Code     0  memseta.o(.text)
    _memset$wrapper                          0x00000187   Thumb Code    18  memseta.o(.text)
    __aeabi_dadd                             0x00000199   Thumb Code   328  dadd.o(.text)
    __aeabi_dsub                             0x000002e1   Thumb Code    12  dadd.o(.text)
    __aeabi_drsub                            0x000002ed   Thumb Code    12  dadd.o(.text)
    __aeabi_dmul                             0x000002fd   Thumb Code   202  dmul.o(.text)
    __aeabi_cdrcmple                         0x000003cd   Thumb Code    38  cdrcmple.o(.text)
    __I$use$fp                               0x000003f5   Thumb Code     0  iusefp.o(.text)
    __scatterload_null                       0x000003f5   Thumb Code     2  handlers.o(i.__scatterload_null)
    __aeabi_ddiv                             0x00000411   Thumb Code   234  ddiv.o(.text)
    __aeabi_uldivmod                         0x00000501   Thumb Code    96  uldiv.o(.text)
    __aeabi_llsl                             0x00000561   Thumb Code    32  llshl.o(.text)
    _ll_shift_l                              0x00000561   Thumb Code     0  llshl.o(.text)
    __aeabi_llsr                             0x00000581   Thumb Code    34  llushr.o(.text)
    _ll_ushift_r                             0x00000581   Thumb Code     0  llushr.o(.text)
    __aeabi_lasr                             0x000005a3   Thumb Code    38  llsshr.o(.text)
    _ll_sshift_r                             0x000005a3   Thumb Code     0  llsshr.o(.text)
    _double_round                            0x000005c9   Thumb Code    26  depilogue.o(.text)
    _double_epilogue                         0x000005e3   Thumb Code   164  depilogue.o(.text)
    __aeabi_d2ulz                            0x00000689   Thumb Code    54  dfixul.o(.text)
    __scatterload                            0x000006c9   Thumb Code    28  init.o(.text)
    __scatterload_rt2                        0x000006c9   Thumb Code     0  init.o(.text)
    Bell_Play                                0x000006ed   Thumb Code   130  bb.o(i.Bell_Play)
    Cache_OLED_P6x8Num                       0x00000781   Thumb Code   104  oled.o(i.Cache_OLED_P6x8Num)
    Cache_OLED_P6x8Str                       0x000007f1   Thumb Code    88  oled.o(i.Cache_OLED_P6x8Str)
    Cache_OLED_Set_Pos                       0x0000084d   Thumb Code    10  oled.o(i.Cache_OLED_Set_Pos)
    Cache_OLED_WriteData                     0x00000861   Thumb Code    62  oled.o(i.Cache_OLED_WriteData)
    Cache_OLED_printf                        0x000008ad   Thumb Code    60  oled.o(i.Cache_OLED_printf)
    Cache_Update_OLED                        0x000008e9   Thumb Code    58  oled.o(i.Cache_Update_OLED)
    Car_Gather_Data_Key                      0x00000929   Thumb Code   364  car_key.o(i.Car_Gather_Data_Key)
    IRQ_IRQHandler                           0x00000aa5   Thumb Code    14  isr.o(i.IRQ_IRQHandler)
    KBI0_IRQHandler                          0x00000ab9   Thumb Code    14  isr.o(i.KBI0_IRQHandler)
    Key_Message_Init                         0x00000acd   Thumb Code   446  car_key.o(i.Key_Message_Init)
    OLED_Fill                                0x00000d41   Thumb Code    58  oled.o(i.OLED_Fill)
    OLED_Init                                0x00000d7b   Thumb Code   290  oled.o(i.OLED_Init)
    PIT_CH0_IRQHandler                       0x00000f71   Thumb Code   158  isr.o(i.PIT_CH0_IRQHandler)
    PIT_CH1_IRQHandler                       0x0000102d   Thumb Code    14  isr.o(i.PIT_CH1_IRQHandler)
    Start                                    0x00001041   Thumb Code    76  system_skeaz1284.o(i.Start)
    __0sprintf                               0x00001099   Thumb Code    36  printfa.o(i.__0sprintf)
    __1sprintf                               0x00001099   Thumb Code     0  printfa.o(i.__0sprintf)
    __2sprintf                               0x00001099   Thumb Code     0  printfa.o(i.__0sprintf)
    __c89sprintf                             0x00001099   Thumb Code     0  printfa.o(i.__0sprintf)
    sprintf                                  0x00001099   Thumb Code     0  printfa.o(i.__0sprintf)
    __0vsprintf                              0x000010c1   Thumb Code    30  printfa.o(i.__0vsprintf)
    __1vsprintf                              0x000010c1   Thumb Code     0  printfa.o(i.__0vsprintf)
    __2vsprintf                              0x000010c1   Thumb Code     0  printfa.o(i.__0vsprintf)
    __c89vsprintf                            0x000010c1   Thumb Code     0  printfa.o(i.__0vsprintf)
    vsprintf                                 0x000010c1   Thumb Code     0  printfa.o(i.__0vsprintf)
    __ARM_clz                                0x000010e5   Thumb Code    46  depilogue.o(i.__ARM_clz)
    __ARM_common_switch8                     0x00001113   Thumb Code    28  kea128_ftm.o(i.__ARM_common_switch8)
    __scatterload_copy                       0x0000112f   Thumb Code    14  handlers.o(i.__scatterload_copy)
    __scatterload_zeroinit                   0x0000113d   Thumb Code    14  handlers.o(i.__scatterload_zeroinit)
    disable_wdog                             0x000019f9   Thumb Code    16  system_skeaz1284.o(i.disable_wdog)
    encode_init                              0x00001a11   Thumb Code    48  encode.o(i.encode_init)
    ftm_count_clean                          0x00001a41   Thumb Code    12  kea128_ftm.o(i.ftm_count_clean)
    ftm_count_get                            0x00001a51   Thumb Code    14  kea128_ftm.o(i.ftm_count_get)
    ftm_count_init                           0x00001a65   Thumb Code    54  kea128_ftm.o(i.ftm_count_init)
    ftm_count_mux                            0x00001aa1   Thumb Code   166  kea128_ftm.o(i.ftm_count_mux)
    get_clk                                  0x00001b51   Thumb Code   160  common.o(i.get_clk)
    get_num                                  0x00001c11   Thumb Code    92  encode.o(i.get_num)
    gpio_get                                 0x00001c75   Thumb Code    40  kea128_gpio.o(i.gpio_get)
    gpio_init                                0x00001ca1   Thumb Code   214  kea128_gpio.o(i.gpio_init)
    gpio_set                                 0x00001d7d   Thumb Code    68  kea128_gpio.o(i.gpio_set)
    gpio_turn                                0x00001dc5   Thumb Code    48  kea128_gpio.o(i.gpio_turn)
    main                                     0x00001df9   Thumb Code   242  main.o(i.main)
    pit_close                                0x00001f21   Thumb Code    42  kea128_pit.o(i.pit_close)
    pit_init                                 0x00001f51   Thumb Code    76  kea128_pit.o(i.pit_init)
    pit_time_get                             0x00001fa9   Thumb Code    84  kea128_pit.o(i.pit_time_get)
    pit_time_start                           0x00002001   Thumb Code    76  kea128_pit.o(i.pit_time_start)
    port_pull                                0x00002059   Thumb Code    74  kea128_port.o(i.port_pull)
    time_10ms_serve                          0x000020a9   Thumb Code    36  main.o(i.time_10ms_serve)
    time_20ms_serve                          0x000020d5   Thumb Code    10  main.o(i.time_20ms_serve)
    F6x8                                     0x00002110   Data         552  oled.o(.constdata)
    F14x16_Idx                               0x00002338   Data          19  oled.o(.constdata)
    F14x16                                   0x0000234b   Data         168  oled.o(.constdata)
    F8X16                                    0x000023f3   Data        1520  oled.o(.constdata)
    LOGO                                     0x000029e3   Data        1024  oled.o(.constdata)
    Region$$Table$$Base                      0x00002de4   Number         0  anon$$obj.o(Region$$Table)
    Region$$Table$$Limit                     0x00002e04   Number         0  anon$$obj.o(Region$$Table)
    ics_clk_khz                              0x20000000   Data           4  common.o(.data)
    ftm_clk_khz                              0x20000004   Data           4  common.o(.data)
    core_clk_khz                             0x20000008   Data           4  common.o(.data)
    bus_clk_khz                              0x2000000c   Data           4  common.o(.data)
    location_x                               0x20000010   Data           1  oled.o(.data)
    location_y                               0x20000011   Data           1  oled.o(.data)
    Key_data                                 0x20000012   Data           6  car_key.o(.data)
    Key_GD                                   0x20000018   Data           6  car_key.o(.data)
    getCountNum_L                            0x2000001e   Data           2  encode.o(.data)
    getCountNum_R                            0x20000020   Data           2  encode.o(.data)
    Car_BiBi_En                              0x20000022   Data           1  bb.o(.data)
    Bell_C_ms                                0x20000024   Data           2  bb.o(.data)
    Bell_D_ms                                0x20000026   Data           2  bb.o(.data)
    Pulse_Time                               0x20000028   Data           2  bb.o(.data)
    time_ms                                  0x2000002c   Data           4  main.o(.data)
    time_10ms                                0x20000030   Data           4  main.o(.data)
    time_20ms                                0x20000034   Data           4  main.o(.data)
    time_50ms                                0x20000038   Data           4  main.o(.data)
    time_100ms                               0x2000003c   Data           4  main.o(.data)
    time_200ms                               0x20000040   Data           4  main.o(.data)
    time_500ms                               0x20000044   Data           4  main.o(.data)
    time_1s                                  0x20000048   Data           4  main.o(.data)
    time_2s                                  0x2000004c   Data           4  main.o(.data)
    time_5s                                  0x20000050   Data           4  main.o(.data)
    time_10s                                 0x20000054   Data           4  main.o(.data)
    encode_time                              0x20000058   Data           2  main.o(.data)
    sensor_time                              0x2000005a   Data           2  main.o(.data)
    control_time                             0x2000005c   Data           2  main.o(.data)
    UI_time                                  0x2000005e   Data           2  main.o(.data)
    Speed_Ratio                              0x20000060   Data           4  main.o(.data)
    All_Data                                 0x20000064   Data        1024  oled.o(.bss)
    Key_time                                 0x20000464   Data          12  car_key.o(.bss)
    Servo                                    0x20000470   Data         256  control.o(.bss)
    Motor_control                            0x20000570   Data         216  control.o(.bss)
    Speed                                    0x20000648   Data          24  control.o(.bss)
    __initial_sp                             0x20001678   Data           0  startup_skeaz1284.o(STACK)



==============================================================================

Memory Map of the image

  Image Entry point : 0x000000c1

  Load Region LR_IROM1 (Base: 0x00000000, Size: 0x00002e68, Max: 0x00020000, ABSOLUTE)

    Execution Region ER_IROM1 (Exec base: 0x00000000, Load base: 0x00000000, Size: 0x00002e04, Max: 0x00020000, ABSOLUTE)

    Exec Addr    Load Addr    Size         Type   Attr      Idx    E Section Name        Object

    0x00000000   0x00000000   0x000000c0   Data   RO          678    RESET               startup_skeaz1284.o
    0x000000c0   0x000000c0   0x00000000   Code   RO         1833  * .ARM.Collect$$$$00000000  mc_p.l(entry.o)
    0x000000c0   0x000000c0   0x00000004   Code   RO         2145    .ARM.Collect$$$$00000001  mc_p.l(entry2.o)
    0x000000c4   0x000000c4   0x00000004   Code   RO         2148    .ARM.Collect$$$$00000004  mc_p.l(entry5.o)
    0x000000c8   0x000000c8   0x00000000   Code   RO         2150    .ARM.Collect$$$$00000008  mc_p.l(entry7b.o)
    0x000000c8   0x000000c8   0x00000000   Code   RO         2152    .ARM.Collect$$$$0000000A  mc_p.l(entry8b.o)
    0x000000c8   0x000000c8   0x00000008   Code   RO         2153    .ARM.Collect$$$$0000000B  mc_p.l(entry9a.o)
    0x000000d0   0x000000d0   0x00000000   Code   RO         2155    .ARM.Collect$$$$0000000D  mc_p.l(entry10a.o)
    0x000000d0   0x000000d0   0x00000000   Code   RO         2157    .ARM.Collect$$$$0000000F  mc_p.l(entry11a.o)
    0x000000d0   0x000000d0   0x00000004   Code   RO         2146    .ARM.Collect$$$$00002712  mc_p.l(entry2.o)
    0x000000d4   0x000000d4   0x00000028   Code   RO          680    .text               startup_skeaz1284.o
    0x000000fc   0x000000fc   0x0000002c   Code   RO         1836    .text               mc_p.l(uidiv.o)
    0x00000128   0x00000128   0x00000028   Code   RO         1838    .text               mc_p.l(idiv.o)
    0x00000150   0x00000150   0x00000024   Code   RO         1840    .text               mc_p.l(memcpya.o)
    0x00000174   0x00000174   0x00000024   Code   RO         1842    .text               mc_p.l(memseta.o)
    0x00000198   0x00000198   0x00000164   Code   RO         2113    .text               mf_p.l(dadd.o)
    0x000002fc   0x000002fc   0x000000d0   Code   RO         2115    .text               mf_p.l(dmul.o)
    0x000003cc   0x000003cc   0x00000028   Code   RO         2137    .text               mf_p.l(cdrcmple.o)
    0x000003f4   0x000003f4   0x00000000   Code   RO         2168    .text               mc_p.l(iusefp.o)
    0x000003f4   0x000003f4   0x00000002   Code   RO         2182    i.__scatterload_null  mc_p.l(handlers.o)
    0x000003f6   0x000003f6   0x0000000a   Code   RO         2091    i._sputc            mc_p.l(printfa.o)
    0x00000400   0x00000400   0x00000010   Code   RO          679    .ARM.__at_0x400     startup_skeaz1284.o
    0x00000410   0x00000410   0x000000f0   Code   RO         2117    .text               mf_p.l(ddiv.o)
    0x00000500   0x00000500   0x00000060   Code   RO         2160    .text               mc_p.l(uldiv.o)
    0x00000560   0x00000560   0x00000020   Code   RO         2162    .text               mc_p.l(llshl.o)
    0x00000580   0x00000580   0x00000022   Code   RO         2164    .text               mc_p.l(llushr.o)
    0x000005a2   0x000005a2   0x00000026   Code   RO         2166    .text               mc_p.l(llsshr.o)
    0x000005c8   0x000005c8   0x000000be   Code   RO         2171    .text               mf_p.l(depilogue.o)
    0x00000686   0x00000686   0x00000002   PAD
    0x00000688   0x00000688   0x00000040   Code   RO         2175    .text               mf_p.l(dfixul.o)
    0x000006c8   0x000006c8   0x00000024   Code   RO         2177    .text               mc_p.l(init.o)
    0x000006ec   0x000006ec   0x00000094   Code   RO         1380    i.Bell_Play         bb.o
    0x00000780   0x00000780   0x00000070   Code   RO          688    i.Cache_OLED_P6x8Num  oled.o
    0x000007f0   0x000007f0   0x0000005c   Code   RO          690    i.Cache_OLED_P6x8Str  oled.o
    0x0000084c   0x0000084c   0x00000014   Code   RO          694    i.Cache_OLED_Set_Pos  oled.o
    0x00000860   0x00000860   0x0000004c   Code   RO          695    i.Cache_OLED_WriteData  oled.o
    0x000008ac   0x000008ac   0x0000003c   Code   RO          696    i.Cache_OLED_printf  oled.o
    0x000008e8   0x000008e8   0x00000040   Code   RO          697    i.Cache_Update_OLED  oled.o
    0x00000928   0x00000928   0x0000017c   Code   RO         1252    i.Car_Gather_Data_Key  car_key.o
    0x00000aa4   0x00000aa4   0x00000014   Code   RO         1744    i.IRQ_IRQHandler    isr.o
    0x00000ab8   0x00000ab8   0x00000014   Code   RO         1745    i.KBI0_IRQHandler   isr.o
    0x00000acc   0x00000acc   0x000001c8   Code   RO         1255    i.Key_Message_Init  car_key.o
    0x00000c94   0x00000c94   0x00000014   Code   RO         1787    i.NVIC_EnableIRQ    main.o
    0x00000ca8   0x00000ca8   0x00000078   Code   RO         1788    i.NVIC_SetPriority  main.o
    0x00000d20   0x00000d20   0x00000020   Code   RO          702    i.OLED_DLY_ms       oled.o
    0x00000d40   0x00000d40   0x0000003a   Code   RO          703    i.OLED_Fill         oled.o
    0x00000d7a   0x00000d7a   0x00000122   Code   RO          704    i.OLED_Init         oled.o
    0x00000e9c   0x00000e9c   0x0000002e   Code   RO          715    i.OLED_Set_Pos      oled.o
    0x00000eca   0x00000eca   0x00000052   Code   RO          716    i.OLED_WriteCmd     oled.o
    0x00000f1c   0x00000f1c   0x00000052   Code   RO          717    i.OLED_WriteData    oled.o
    0x00000f6e   0x00000f6e   0x00000002   PAD
    0x00000f70   0x00000f70   0x000000bc   Code   RO         1746    i.PIT_CH0_IRQHandler  isr.o
    0x0000102c   0x0000102c   0x00000014   Code   RO         1747    i.PIT_CH1_IRQHandler  isr.o
    0x00001040   0x00001040   0x00000058   Code   RO          652    i.Start             system_skeaz1284.o
    0x00001098   0x00001098   0x00000028   Code   RO         2081    i.__0sprintf        mc_p.l(printfa.o)
    0x000010c0   0x000010c0   0x00000024   Code   RO         2085    i.__0vsprintf       mc_p.l(printfa.o)
    0x000010e4   0x000010e4   0x0000002e   Code   RO         2173    i.__ARM_clz         mf_p.l(depilogue.o)
    0x00001112   0x00001112   0x0000001c   Code   RO          218    i.__ARM_common_switch8  kea128_ftm.o
    0x0000112e   0x0000112e   0x0000000e   Code   RO         2181    i.__scatterload_copy  mc_p.l(handlers.o)
    0x0000113c   0x0000113c   0x0000000e   Code   RO         2183    i.__scatterload_zeroinit  mc_p.l(handlers.o)
    0x0000114a   0x0000114a   0x00000002   PAD
    0x0000114c   0x0000114c   0x00000174   Code   RO         2086    i._fp_digits        mc_p.l(printfa.o)
    0x000012c0   0x000012c0   0x000006ec   Code   RO         2087    i._printf_core      mc_p.l(printfa.o)
    0x000019ac   0x000019ac   0x00000020   Code   RO         2088    i._printf_post_padding  mc_p.l(printfa.o)
    0x000019cc   0x000019cc   0x0000002c   Code   RO         2089    i._printf_pre_padding  mc_p.l(printfa.o)
    0x000019f8   0x000019f8   0x00000018   Code   RO          653    i.disable_wdog      system_skeaz1284.o
    0x00001a10   0x00001a10   0x00000030   Code   RO         1347    i.encode_init       encode.o
    0x00001a40   0x00001a40   0x00000010   Code   RO          157    i.ftm_count_clean   kea128_ftm.o
    0x00001a50   0x00001a50   0x00000014   Code   RO          158    i.ftm_count_get     kea128_ftm.o
    0x00001a64   0x00001a64   0x0000003c   Code   RO          159    i.ftm_count_init    kea128_ftm.o
    0x00001aa0   0x00001aa0   0x000000b0   Code   RO          160    i.ftm_count_mux     kea128_ftm.o
    0x00001b50   0x00001b50   0x000000c0   Code   RO            3    i.get_clk           common.o
    0x00001c10   0x00001c10   0x00000064   Code   RO         1348    i.get_num           encode.o
    0x00001c74   0x00001c74   0x0000002c   Code   RO          232    i.gpio_get          kea128_gpio.o
    0x00001ca0   0x00001ca0   0x000000dc   Code   RO          233    i.gpio_init         kea128_gpio.o
    0x00001d7c   0x00001d7c   0x00000048   Code   RO          234    i.gpio_set          kea128_gpio.o
    0x00001dc4   0x00001dc4   0x00000034   Code   RO          235    i.gpio_turn         kea128_gpio.o
    0x00001df8   0x00001df8   0x00000128   Code   RO         1789    i.main              main.o
    0x00001f20   0x00001f20   0x00000030   Code   RO          386    i.pit_close         kea128_pit.o
    0x00001f50   0x00001f50   0x00000058   Code   RO          388    i.pit_init          kea128_pit.o
    0x00001fa8   0x00001fa8   0x00000058   Code   RO          389    i.pit_time_get      kea128_pit.o
    0x00002000   0x00002000   0x00000058   Code   RO          390    i.pit_time_start    kea128_pit.o
    0x00002058   0x00002058   0x00000050   Code   RO          433    i.port_pull         kea128_port.o
    0x000020a8   0x000020a8   0x0000002c   Code   RO         1790    i.time_10ms_serve   main.o
    0x000020d4   0x000020d4   0x0000000a   Code   RO         1791    i.time_20ms_serve   main.o
    0x000020de   0x000020de   0x00000002   PAD
    0x000020e0   0x000020e0   0x00000016   Data   RO            4    .constdata          common.o
    0x000020f6   0x000020f6   0x00000002   PAD
    0x000020f8   0x000020f8   0x0000000c   Data   RO          165    .constdata          kea128_ftm.o
    0x00002104   0x00002104   0x0000000c   Data   RO          236    .constdata          kea128_gpio.o
    0x00002110   0x00002110   0x00000cd3   Data   RO          721    .constdata          oled.o
    0x00002de3   0x00002de3   0x00000001   PAD
    0x00002de4   0x00002de4   0x00000020   Data   RO         2179    Region$$Table       anon$$obj.o


    Execution Region RW_IRAM1 (Exec base: 0x20000000, Load base: 0x00002e04, Size: 0x00001678, Max: 0x0000c000, ABSOLUTE)

    Exec Addr    Load Addr    Size         Type   Attr      Idx    E Section Name        Object

    0x20000000   0x00002e04   0x00000010   Data   RW            5    .data               common.o
    0x20000010   0x00002e14   0x00000002   Data   RW          722    .data               oled.o
    0x20000012   0x00002e16   0x0000000c   Data   RW         1257    .data               car_key.o
    0x2000001e   0x00002e22   0x00000004   Data   RW         1349    .data               encode.o
    0x20000022   0x00002e26   0x00000008   Data   RW         1381    .data               bb.o
    0x2000002a   0x00002e2e   0x00000001   Data   RW         1748    .data               isr.o
    0x2000002b   0x00002e2f   0x00000001   PAD
    0x2000002c   0x00002e30   0x00000038   Data   RW         1792    .data               main.o
    0x20000064        -       0x00000400   Zero   RW          720    .bss                oled.o
    0x20000464        -       0x0000000c   Zero   RW         1256    .bss                car_key.o
    0x20000470        -       0x00000204   Zero   RW         1297    .bss                control.o
    0x20000674   0x00002e68   0x00000004   PAD
    0x20000678        -       0x00001000   Zero   RW          676    STACK               startup_skeaz1284.o


==============================================================================

Image component sizes


      Code (inc. data)   RO Data    RW Data    ZI Data      Debug   Object Name

       148         18          0          8          0        833   bb.o
       836         44          0         12         12       2032   car_key.o
       192         32         22         16          0     109965   common.o
         0          0          0          0        516       1231   control.o
       148          8          0          4          0       1194   encode.o
       248         48          0          1          0       1705   isr.o
         0          0          0          0          0       1507   kea128_adc.o
       300         26         12          0          0       3556   kea128_ftm.o
       388         18         12          0          0       3106   kea128_gpio.o
       312         34          0          0          0       3123   kea128_pit.o
        80          6          0          0          0        576   kea128_port.o
       490         78          0         56          0       8914   main.o
         0          0          0          0          0       1800   myflash.o
      1014         48       3283          2       1024       9333   oled.o
        56         30        192          0       4096        996   startup_skeaz1284.o
       112         20          0          0          0       1039   system_skeaz1284.o

    ----------------------------------------------------------------------
      4328        410       3556        100       5652     150910   Object Totals
         0          0         32          0          0          0   (incl. Generated)
         4          0          3          1          4          0   (incl. Padding)

    ----------------------------------------------------------------------

      Code (inc. data)   RO Data    RW Data    ZI Data      Debug   Library Member Name

         0          0          0          0          0          0   entry.o
         0          0          0          0          0          0   entry10a.o
         0          0          0          0          0          0   entry11a.o
         8          4          0          0          0          0   entry2.o
         4          0          0          0          0          0   entry5.o
         0          0          0          0          0          0   entry7b.o
         0          0          0          0          0          0   entry8b.o
         8          4          0          0          0          0   entry9a.o
        30          0          0          0          0          0   handlers.o
        40          0          0          0          0         72   idiv.o
        36          8          0          0          0         68   init.o
         0          0          0          0          0          0   iusefp.o
        32          0          0          0          0         68   llshl.o
        38          0          0          0          0         68   llsshr.o
        34          0          0          0          0         68   llushr.o
        36          0          0          0          0         60   memcpya.o
        36          0          0          0          0        100   memseta.o
      2306        100          0          0          0        544   printfa.o
        44          0          0          0          0         72   uidiv.o
        96          0          0          0          0         84   uldiv.o
        40          2          0          0          0         68   cdrcmple.o
       356          4          0          0          0        140   dadd.o
       240          6          0          0          0         84   ddiv.o
       236          0          0          0          0        216   depilogue.o
        64         10          0          0          0         68   dfixul.o
       208          6          0          0          0         88   dmul.o

    ----------------------------------------------------------------------
      3896        144          0          0          0       1868   Library Totals
         4          0          0          0          0          0   (incl. Padding)

    ----------------------------------------------------------------------

      Code (inc. data)   RO Data    RW Data    ZI Data      Debug   Library Name

      2748        116          0          0          0       1204   mc_p.l
      1144         28          0          0          0        664   mf_p.l

    ----------------------------------------------------------------------
      3896        144          0          0          0       1868   Library Totals

    ----------------------------------------------------------------------

==============================================================================


      Code (inc. data)   RO Data    RW Data    ZI Data      Debug   

      8224        554       3556        100       5652     150194   Grand Totals
      8224        554       3556        100       5652     150194   ELF Image Totals
      8224        554       3556        100          0          0   ROM Totals

==============================================================================

    Total RO  Size (Code + RO Data)                11780 (  11.50kB)
    Total RW  Size (RW Data + ZI Data)              5752 (   5.62kB)
    Total ROM Size (Code + RO Data + RW Data)      11880 (  11.60kB)

==============================================================================

