<html>
<body>
<pre>
<h1>µVision Build Log</h1>
<h2>Tool Versions:</h2>
IDE-Version: ¦ÌVision V5.25.2.0
Copyright (C) 2018 ARM Ltd and ARM Germany GmbH. All rights reserved.
License Information: 1 11, 1, LIC=IK130-BWK7S-00PN9-4CXTQ-0UQXL-XC4CQ
 
Tool Versions:
Toolchain:       MDK-ARM Plus  Version: 5.25.2.0
Toolchain Path:  d:\Keil_v5\ARM\ARMCC\Bin
C Compiler:      Armcc.exe V5.06 update 6 (build 750)
Assembler:       Armasm.exe V5.06 update 6 (build 750)
Linker/Locator:  ArmLink.exe V5.06 update 6 (build 750)
Library Manager: ArmAr.exe V5.06 update 6 (build 750)
Hex Converter:   FromElf.exe V5.06 update 6 (build 750)
CPU DLL:         SARMCM3.DLL V5.25.2.0
Dialog DLL:      DARMCM1.DLL V1.19.1.0
Target DLL:      STLink\ST-LINKIII-KEIL_SWO.dll V3.0.1.0
Dialog DLL:      TARMCM1.DLL V1.14.0.0
 
<h2>Project:</h2>
G:\2018-nxp\FMC\applications\KEA128\Projecct\FuckMyCar.uvprojx
Project File Date:  04/18/2018

<h2>Output:</h2>
*** Using Compiler 'V5.06 update 6 (build 750)', folder: 'd:\Keil_v5\ARM\ARMCC\Bin'
Rebuild target 'FMC'
compiling common.c...
compiling KEA128_adc.c...
compiling KEA128_flash.c...
compiling KEA128_ftm.c...
compiling KEA128_gpio.c...
compiling KEA128_i2c.c...
compiling KEA128_irq.c...
compiling KEA128_kbi.c...
compiling KEA128_pit.c...
compiling KEA128_port.c...
compiling KEA128_spi.c...
compiling KEA128_systick.c...
compiling KEA128_uart.c...
compiling misc.c...
compiling system_SKEAZ1284.c...
assembling startup_SKEAZ1284.s...
compiling Myflash.c...
compiling OLED.c...
compiling motor.c...
compiling Car_Key.c...
compiling sensor.c...
compiling control.c...
..\..\..\software\Car\control.c(235): warning:  #177-D: variable "out"  was declared but never referenced
  	float  out=0;
..\..\..\software\Car\control.c: 1 warning, 0 errors
compiling encode.c...
compiling BB.c...
compiling track.c...
compiling UI.c...
compiling ANO_DT.c...
compiling Debug.c...
compiling MYUI.c...
compiling isr.c...
compiling main.c...
linking...
Program Size: Code=21100 RO-data=3556 RW-data=184 ZI-data=6008  
".\Objects\FuckMyCar.axf" - 0 Error(s), 1 Warning(s).

<h2>Software Packages used:</h2>

Package Vendor: Keil
                http://www.keil.com/pack/Keil.Kinetis_KEAxx_DFP.1.3.0.pack
                Keil.Kinetis_KEAxx_DFP.1.3.0
                NXP Kinetis KEAxx Series Device Support and Examples

<h2>Collection of Component include folders:</h2>
  .\RTE\_FMC
  d:\Keil_v5\ARM\PACK\Keil\Kinetis_KEAxx_DFP\1.3.0\Device\Include

<h2>Collection of Component Files used:</h2>
Build Time Elapsed:  00:00:09
</pre>
</body>
</html>
